Component: ARM Compiler 5.06 update 1 (build 61) Tool: armlink [4d35a8]

==============================================================================

Section Cross References

    startup_stm32f765xx.o(STACK) refers (Special) to heapauxi.o(.text) for __use_two_region_memory
    startup_stm32f765xx.o(HEAP) refers (Special) to heapauxi.o(.text) for __use_two_region_memory
    startup_stm32f765xx.o(RESET) refers (Special) to heapauxi.o(.text) for __use_two_region_memory
    startup_stm32f765xx.o(RESET) refers to startup_stm32f765xx.o(STACK) for __initial_sp
    startup_stm32f765xx.o(RESET) refers to startup_stm32f765xx.o(.text) for Reset_Handler
    startup_stm32f765xx.o(RESET) refers to stm32f7xx_it.o(i.NMI_Handler) for NMI_Handler
    startup_stm32f765xx.o(RESET) refers to stm32f7xx_it.o(i.HardFault_Handler) for HardFault_Handler
    startup_stm32f765xx.o(RESET) refers to stm32f7xx_it.o(i.MemManage_Handler) for MemManage_Handler
    startup_stm32f765xx.o(RESET) refers to stm32f7xx_it.o(i.BusFault_Handler) for BusFault_Handler
    startup_stm32f765xx.o(RESET) refers to stm32f7xx_it.o(i.UsageFault_Handler) for UsageFault_Handler
    startup_stm32f765xx.o(RESET) refers to stm32f7xx_it.o(i.SVC_Handler) for SVC_Handler
    startup_stm32f765xx.o(RESET) refers to stm32f7xx_it.o(i.DebugMon_Handler) for DebugMon_Handler
    startup_stm32f765xx.o(RESET) refers to stm32f7xx_it.o(i.PendSV_Handler) for PendSV_Handler
    startup_stm32f765xx.o(RESET) refers to stm32f7xx_it.o(i.SysTick_Handler) for SysTick_Handler
    startup_stm32f765xx.o(RESET) refers to stm32f7xx_it.o(i.TIM2_IRQHandler) for TIM2_IRQHandler
    startup_stm32f765xx.o(RESET) refers to stm32f7xx_it.o(i.TIM3_IRQHandler) for TIM3_IRQHandler
    startup_stm32f765xx.o(RESET) refers to stm32f7xx_it.o(i.TIM4_IRQHandler) for TIM4_IRQHandler
    startup_stm32f765xx.o(RESET) refers to stm32f7xx_it.o(i.USART1_IRQHandler) for USART1_IRQHandler
    startup_stm32f765xx.o(RESET) refers to stm32f7xx_it.o(i.USART2_IRQHandler) for USART2_IRQHandler
    startup_stm32f765xx.o(RESET) refers to stm32f7xx_it.o(i.USART3_IRQHandler) for USART3_IRQHandler
    startup_stm32f765xx.o(RESET) refers to stm32f7xx_it.o(i.TIM5_IRQHandler) for TIM5_IRQHandler
    startup_stm32f765xx.o(RESET) refers to stm32f7xx_it.o(i.UART5_IRQHandler) for UART5_IRQHandler
    startup_stm32f765xx.o(.text) refers (Special) to heapauxi.o(.text) for __use_two_region_memory
    startup_stm32f765xx.o(.text) refers to system_stm32f7xx.o(i.SystemInit) for SystemInit
    startup_stm32f765xx.o(.text) refers to __main.o(!!!main) for __main
    startup_stm32f765xx.o(.text) refers to startup_stm32f765xx.o(HEAP) for Heap_Mem
    startup_stm32f765xx.o(.text) refers to startup_stm32f765xx.o(STACK) for Stack_Mem
    beep.o(i.BEEP_OFF) refers to stm32f7xx_hal_gpio.o(i.HAL_GPIO_WritePin) for HAL_GPIO_WritePin
    beep.o(i.BEEP_ON) refers to stm32f7xx_hal_gpio.o(i.HAL_GPIO_WritePin) for HAL_GPIO_WritePin
    encodeddecoder.o(i.encodeDecode_Analysis) refers to encodeddecoder.o(.bss) for .bss
    flycontrol.o(i.AltAdj) refers to noretval__2printf.o(.text) for __2printf
    flycontrol.o(i.AltAdj) refers to flycontrol.o(.data) for .data
    flycontrol.o(i.Device_Init) refers to stm32f7xx_hal.o(i.HAL_Delay) for HAL_Delay
    flycontrol.o(i.Device_Init) refers to led.o(i.LED1_Flash) for LED1_Flash
    flycontrol.o(i.Device_Init) refers to led.o(i.LED2_Flash) for LED2_Flash
    flycontrol.o(i.Device_Init) refers to led.o(i.LED3_Flash) for LED3_Flash
    flycontrol.o(i.Device_Init) refers to beep.o(i.BEEP_ON) for BEEP_ON
    flycontrol.o(i.Device_Init) refers to beep.o(i.BEEP_OFF) for BEEP_OFF
    flycontrol.o(i.Device_Init) refers to led.o(i.LED_R_Off) for LED_R_Off
    flycontrol.o(i.Device_Init) refers to led.o(i.LED_G_Off) for LED_G_Off
    flycontrol.o(i.Device_Init) refers to led.o(i.LED_B_Off) for LED_B_Off
    flycontrol.o(i.Device_Init) refers to flycontrol.o(.data) for .data
    flycontrol.o(i.Fly_Moder) refers to beep.o(i.BEEP_ON) for BEEP_ON
    flycontrol.o(i.Fly_Moder) refers to stm32f7xx_hal.o(i.HAL_Delay) for HAL_Delay
    flycontrol.o(i.Fly_Moder) refers to beep.o(i.BEEP_OFF) for BEEP_OFF
    flycontrol.o(i.Fly_Moder) refers to flycontrol.o(i.land) for land
    flycontrol.o(i.Fly_Moder) refers to noretval__2printf.o(.text) for __2printf
    flycontrol.o(i.Fly_Moder) refers to flycontrol.o(.data) for .data
    flycontrol.o(i.Go_ahead) refers to flycontrol.o(.data) for .data
    flycontrol.o(i.Go_back) refers to flycontrol.o(.data) for .data
    flycontrol.o(i.Go_left) refers to flycontrol.o(.data) for .data
    flycontrol.o(i.Go_right) refers to flycontrol.o(.data) for .data
    flycontrol.o(i.Lock) refers to beep.o(i.BEEP_ON) for BEEP_ON
    flycontrol.o(i.Lock) refers to stm32f7xx_hal.o(i.HAL_Delay) for HAL_Delay
    flycontrol.o(i.Lock) refers to beep.o(i.BEEP_OFF) for BEEP_OFF
    flycontrol.o(i.Lock) refers to led.o(i.LED1_Flash) for LED1_Flash
[...]
    key_up                                   0x20000038   Data           1  key.o(.data)
    .data                                    0x2000003c   Section      223  main.o(.data)
    tim3_1ms                                 0x20000042   Data           2  main.o(.data)
    tim5_1ms                                 0x20000044   Data           2  main.o(.data)
    tim2_1ms                                 0x20000046   Data           2  main.o(.data)
    s_dat                                    0x20000048   Data           2  main.o(.data)
    Recv_Cnt_UART1                           0x200000dc   Data           4  main.o(.data)
    Recv_Cnt_UART2                           0x200000e0   Data           4  main.o(.data)
    Recv_Cnt_UART3                           0x200000e4   Data           4  main.o(.data)
    UART1_Frame_Flag                         0x200000e8   Data           4  main.o(.data)
    UART2_Frame_Flag                         0x200000ec   Data           4  main.o(.data)
    UART3_Frame_Flag                         0x200000f0   Data           4  main.o(.data)
    heartbeat                                0x200000f4   Data           4  main.o(.data)
    out_Data                                 0x200000f8   Data           4  main.o(.data)
    last_Data                                0x200000fc   Data           4  main.o(.data)
    filter_Data                              0x20000100   Data           4  main.o(.data)
    .data                                    0x2000011c   Section       12  stm32f7xx_hal.o(.data)
    .data                                    0x20000128   Section        4  system_stm32f7xx.o(.data)
    .data                                    0x2000012c   Section        4  stdio_streams.o(.data)
    .data                                    0x20000130   Section        4  stdio_streams.o(.data)
    .data                                    0x20000134   Section        4  stdio_streams.o(.data)
    .bss                                     0x20000138   Section       24  encodeddecoder.o(.bss)
    .bss                                     0x20000150   Section       64  flycontrol.o(.bss)
    .bss                                     0x20000190   Section     2424  main.o(.bss)
    m_mavlink_status                         0x20000190   Data          48  main.o(.bss)
    .bss                                     0x20000b08   Section       84  stdio_streams.o(.bss)
    .bss                                     0x20000b5c   Section       84  stdio_streams.o(.bss)
    .bss                                     0x20000bb0   Section       84  stdio_streams.o(.bss)
    .bss                                     0x20000c04   Section       96  libspace.o(.bss)
    HEAP                                     0x20000c68   Section      512  startup_stm32f765xx.o(HEAP)
    Heap_Mem                                 0x20000c68   Data         512  startup_stm32f765xx.o(HEAP)
    STACK                                    0x20000e68   Section     1024  startup_stm32f765xx.o(STACK)
    Stack_Mem                                0x20000e68   Data        1024  startup_stm32f765xx.o(STACK)
    __initial_sp                             0x20001268   Data           0  startup_stm32f765xx.o(STACK)

    Global Symbols

    Symbol Name                              Value     Ov Type        Size  Object(Section)

    BuildAttributes$$THM_ISAv4$E$P$D$K$B$S$7EM$VFPv5_D16$PE$PLD8$A:L22UL41UL21$X:L11$S22US41US21$IEEE1$IW$USESV6$~STKCKD$USESV7$~SHL$OTIME$ROPI$EBA8$UX$STANDARDLIB$REQ8$PRES8$EABIv2 0x00000000   Number         0  anon$$obj.o ABSOLUTE
    __ARM_use_no_argv                        0x00000000   Number         0  main.o ABSOLUTE
    __ARM_exceptions_init                     - Undefined Weak Reference
    __alloca_initialize                       - Undefined Weak Reference
    __arm_preinit_                            - Undefined Weak Reference
    __cpp_initialize__aeabi_                  - Undefined Weak Reference
    __cxa_finalize                            - Undefined Weak Reference
    __rt_locale                               - Undefined Weak Reference
    __sigvec_lookup                           - Undefined Weak Reference
    __user_heap_extent                        - Undefined Weak Reference
    _atexit_init                              - Undefined Weak Reference
    _call_atexit_fns                          - Undefined Weak Reference
    _clock_init                               - Undefined Weak Reference
    _fp_trap_init                             - Undefined Weak Reference
    _fp_trap_shutdown                         - Undefined Weak Reference
    _get_lc_collate                           - Undefined Weak Reference
    _get_lc_ctype                             - Undefined Weak Reference
    _get_lc_monetary                          - Undefined Weak Reference
    _get_lc_numeric                           - Undefined Weak Reference
    _get_lc_time                              - Undefined Weak Reference
    _getenv_init                              - Undefined Weak Reference
    _handle_redirection                       - Undefined Weak Reference
    _mutex_acquire                            - Undefined Weak Reference
    _mutex_free                               - Undefined Weak Reference
    _mutex_release                            - Undefined Weak Reference
    _printf_mbtowc                            - Undefined Weak Reference
    _printf_post_padding                      - Undefined Weak Reference
    _printf_pre_padding                       - Undefined Weak Reference
    _printf_truncate_signed                   - Undefined Weak Reference
    _printf_truncate_unsigned                 - Undefined Weak Reference
    _rand_init                                - Undefined Weak Reference
    _signal_finish                            - Undefined Weak Reference
    _signal_init                              - Undefined Weak Reference
    __Vectors_Size                           0x000001f8   Number         0  startup_stm32f765xx.o ABSOLUTE
    __Vectors                                0x08000000   Data           4  startup_stm32f765xx.o(RESET)
    __Vectors_End                            0x080001f8   Data           0  startup_stm32f765xx.o(RESET)
    __main                                   0x080001f9   Thumb Code     8  __main.o(!!!main)
    __scatterload                            0x08000201   Thumb Code     0  __scatter.o(!!!scatter)
    __scatterload_rt2                        0x08000201   Thumb Code    44  __scatter.o(!!!scatter)
    __scatterload_rt2_thumb_only             0x08000201   Thumb Code     0  __scatter.o(!!!scatter)
    __scatterload_null                       0x0800020f   Thumb Code     0  __scatter.o(!!!scatter)
    __decompress                             0x08000235   Thumb Code    90  __dczerorl2.o(!!dczerorl2)
    __decompress1                            0x08000235   Thumb Code     0  __dczerorl2.o(!!dczerorl2)
    __scatterload_zeroinit                   0x08000291   Thumb Code    28  __scatter_zi.o(!!handler_zi)
    _printf_d                                0x080002ad   Thumb Code     0  _printf_d.o(.ARM.Collect$$_printf_percent$$00000009)
    _printf_percent                          0x080002ad   Thumb Code     0  _printf_percent.o(.ARM.Collect$$_printf_percent$$00000000)
    _printf_s                                0x080002b3   Thumb Code     0  _printf_s.o(.ARM.Collect$$_printf_percent$$00000014)
    _printf_percent_end                      0x080002b9   Thumb Code     0  _printf_percent_end.o(.ARM.Collect$$_printf_percent$$00000017)
    __rt_lib_init                            0x080002bd   Thumb Code     0  libinit.o(.ARM.Collect$$libinit$$00000000)
    __rt_lib_init_fp_1                       0x080002bf   Thumb Code     0  libinit2.o(.ARM.Collect$$libinit$$00000001)
    __rt_lib_init_heap_2                     0x080002c3   Thumb Code     0  libinit2.o(.ARM.Collect$$libinit$$00000005)
    __rt_lib_init_preinit_1                  0x080002c3   Thumb Code     0  libinit2.o(.ARM.Collect$$libinit$$00000004)
    __rt_lib_init_atexit_1                   0x080002cb   Thumb Code     0  libinit2.o(.ARM.Collect$$libinit$$0000001B)
    __rt_lib_init_clock_1                    0x080002cb   Thumb Code     0  libinit2.o(.ARM.Collect$$libinit$$00000021)
    __rt_lib_init_fp_trap_1                  0x080002cb   Thumb Code     0  libinit2.o(.ARM.Collect$$libinit$$0000001F)
    __rt_lib_init_getenv_1                   0x080002cb   Thumb Code     0  libinit2.o(.ARM.Collect$$libinit$$00000023)
    __rt_lib_init_heap_1                     0x080002cb   Thumb Code     0  libinit2.o(.ARM.Collect$$libinit$$0000000A)
    __rt_lib_init_lc_collate_1               0x080002cb   Thumb Code     0  libinit2.o(.ARM.Collect$$libinit$$00000011)
    __rt_lib_init_lc_ctype_1                 0x080002cb   Thumb Code     0  libinit2.o(.ARM.Collect$$libinit$$00000013)
    __rt_lib_init_lc_monetary_1              0x080002cb   Thumb Code     0  libinit2.o(.ARM.Collect$$libinit$$00000015)
    __rt_lib_init_lc_numeric_1               0x080002cb   Thumb Code     0  libinit2.o(.ARM.Collect$$libinit$$00000017)
    __rt_lib_init_lc_time_1                  0x080002cb   Thumb Code     0  libinit2.o(.ARM.Collect$$libinit$$00000019)
    __rt_lib_init_rand_1                     0x080002cb   Thumb Code     0  libinit2.o(.ARM.Collect$$libinit$$0000000E)
    __rt_lib_init_signal_1                   0x080002cb   Thumb Code     0  libinit2.o(.ARM.Collect$$libinit$$0000001D)
    __rt_lib_init_stdio_2                    0x080002cb   Thumb Code     0  libinit2.o(.ARM.Collect$$libinit$$00000024)
    __rt_lib_init_user_alloc_1               0x080002cb   Thumb Code     0  libinit2.o(.ARM.Collect$$libinit$$0000000C)
    __rt_lib_init_alloca_1                   0x080002cf   Thumb Code     0  libinit2.o(.ARM.Collect$$libinit$$0000002E)
    __rt_lib_init_argv_1                     0x080002cf   Thumb Code     0  libinit2.o(.ARM.Collect$$libinit$$0000002C)
    __rt_lib_init_cpp_1                      0x080002cf   Thumb Code     0  libinit2.o(.ARM.Collect$$libinit$$00000032)
    __rt_lib_init_exceptions_1               0x080002cf   Thumb Code     0  libinit2.o(.ARM.Collect$$libinit$$00000030)
    __rt_lib_init_return                     0x080002cf   Thumb Code     0  libinit2.o(.ARM.Collect$$libinit$$00000033)
    __rt_lib_init_stdio_1                    0x080002cf   Thumb Code     0  libinit2.o(.ARM.Collect$$libinit$$00000025)
    __rt_lib_shutdown                        0x080002d1   Thumb Code     0  libshutdown.o(.ARM.Collect$$libshutdown$$00000000)
    __rt_lib_shutdown_cpp_1                  0x080002d3   Thumb Code     0  libshutdown2.o(.ARM.Collect$$libshutdown$$00000002)
    __rt_lib_shutdown_stdio_2                0x080002d3   Thumb Code     0  libshutdown2.o(.ARM.Collect$$libshutdown$$00000003)
    __rt_lib_shutdown_fp_trap_1              0x080002d7   Thumb Code     0  libshutdown2.o(.ARM.Collect$$libshutdown$$00000007)
    __rt_lib_shutdown_heap_1                 0x080002d7   Thumb Code     0  libshutdown2.o(.ARM.Collect$$libshutdown$$0000000F)
    __rt_lib_shutdown_return                 0x080002d7   Thumb Code     0  libshutdown2.o(.ARM.Collect$$libshutdown$$00000010)
    __rt_lib_shutdown_signal_1               0x080002d7   Thumb Code     0  libshutdown2.o(.ARM.Collect$$libshutdown$$0000000A)
    __rt_lib_shutdown_stdio_1                0x080002d7   Thumb Code     0  libshutdown2.o(.ARM.Collect$$libshutdown$$00000004)
    __rt_lib_shutdown_user_alloc_1           0x080002d7   Thumb Code     0  libshutdown2.o(.ARM.Collect$$libshutdown$$0000000C)
    __rt_entry                               0x080002d9   Thumb Code     0  __rtentry.o(.ARM.Collect$$rtentry$$00000000)
    __rt_entry_presh_1                       0x080002d9   Thumb Code     0  __rtentry2.o(.ARM.Collect$$rtentry$$00000002)
    __rt_entry_sh                            0x080002d9   Thumb Code     0  __rtentry4.o(.ARM.Collect$$rtentry$$00000004)
    __rt_entry_li                            0x080002df   Thumb Code     0  __rtentry2.o(.ARM.Collect$$rtentry$$0000000A)
    __rt_entry_postsh_1                      0x080002df   Thumb Code     0  __rtentry2.o(.ARM.Collect$$rtentry$$00000009)
    __rt_entry_main                          0x080002e3   Thumb Code     0  __rtentry2.o(.ARM.Collect$$rtentry$$0000000D)
    __rt_entry_postli_1                      0x080002e3   Thumb Code     0  __rtentry2.o(.ARM.Collect$$rtentry$$0000000C)
    __rt_exit                                0x080002eb   Thumb Code     0  rtexit.o(.ARM.Collect$$rtexit$$00000000)
    __rt_exit_ls                             0x080002ed   Thumb Code     0  rtexit2.o(.ARM.Collect$$rtexit$$00000003)
    __rt_exit_prels_1                        0x080002ed   Thumb Code     0  rtexit2.o(.ARM.Collect$$rtexit$$00000002)
    __rt_exit_exit                           0x080002f1   Thumb Code     0  rtexit2.o(.ARM.Collect$$rtexit$$00000004)
    Reset_Handler                            0x080002f9   Thumb Code     8  startup_stm32f765xx.o(.text)
    _maybe_terminate_alloc                   0x080002f9   Thumb Code     0  maybetermalloc1.o(.emb_text)
    ADC_IRQHandler                           0x08000313   Thumb Code     0  startup_stm32f765xx.o(.text)
    CAN1_RX0_IRQHandler                      0x08000313   Thumb Code     0  startup_stm32f765xx.o(.text)
    CAN1_RX1_IRQHandler                      0x08000313   Thumb Code     0  startup_stm32f765xx.o(.text)
    CAN1_SCE_IRQHandler                      0x08000313   Thumb Code     0  startup_stm32f765xx.o(.text)
    CAN1_TX_IRQHandler                       0x08000313   Thumb Code     0  startup_stm32f765xx.o(.text)
    CAN2_RX0_IRQHandler                      0x08000313   Thumb Code     0  startup_stm32f765xx.o(.text)
    CAN2_RX1_IRQHandler                      0x08000313   Thumb Code     0  startup_stm32f765xx.o(.text)
    CAN2_SCE_IRQHandler                      0x08000313   Thumb Code     0  startup_stm32f765xx.o(.text)
    CAN2_TX_IRQHandler                       0x08000313   Thumb Code     0  startup_stm32f765xx.o(.text)
    CAN3_RX0_IRQHandler                      0x08000313   Thumb Code     0  startup_stm32f765xx.o(.text)
    CAN3_RX1_IRQHandler                      0x08000313   Thumb Code     0  startup_stm32f765xx.o(.text)
    CAN3_SCE_IRQHandler                      0x08000313   Thumb Code     0  startup_stm32f765xx.o(.text)
    CAN3_TX_IRQHandler                       0x08000313   Thumb Code     0  startup_stm32f765xx.o(.text)
    CEC_IRQHandler                           0x08000313   Thumb Code     0  startup_stm32f765xx.o(.text)
    DCMI_IRQHandler                          0x08000313   Thumb Code     0  startup_stm32f765xx.o(.text)
    DFSDM1_FLT0_IRQHandler                   0x08000313   Thumb Code     0  startup_stm32f765xx.o(.text)
    DFSDM1_FLT1_IRQHandler                   0x08000313   Thumb Code     0  startup_stm32f765xx.o(.text)
    DFSDM1_FLT2_IRQHandler                   0x08000313   Thumb Code     0  startup_stm32f765xx.o(.text)
    DFSDM1_FLT3_IRQHandler                   0x08000313   Thumb Code     0  startup_stm32f765xx.o(.text)
    DMA1_Stream0_IRQHandler                  0x08000313   Thumb Code     0  startup_stm32f765xx.o(.text)
    DMA1_Stream1_IRQHandler                  0x08000313   Thumb Code     0  startup_stm32f765xx.o(.text)
    DMA1_Stream2_IRQHandler                  0x08000313   Thumb Code     0  startup_stm32f765xx.o(.text)
    DMA1_Stream3_IRQHandler                  0x08000313   Thumb Code     0  startup_stm32f765xx.o(.text)
    DMA1_Stream4_IRQHandler                  0x08000313   Thumb Code     0  startup_stm32f765xx.o(.text)
    DMA1_Stream5_IRQHandler                  0x08000313   Thumb Code     0  startup_stm32f765xx.o(.text)
    DMA1_Stream6_IRQHandler                  0x08000313   Thumb Code     0  startup_stm32f765xx.o(.text)
    DMA1_Stream7_IRQHandler                  0x08000313   Thumb Code     0  startup_stm32f765xx.o(.text)
    DMA2D_IRQHandler                         0x08000313   Thumb Code     0  startup_stm32f765xx.o(.text)
    DMA2_Stream0_IRQHandler                  0x08000313   Thumb Code     0  startup_stm32f765xx.o(.text)
    DMA2_Stream1_IRQHandler                  0x08000313   Thumb Code     0  startup_stm32f765xx.o(.text)
    DMA2_Stream2_IRQHandler                  0x08000313   Thumb Code     0  startup_stm32f765xx.o(.text)
    DMA2_Stream3_IRQHandler                  0x08000313   Thumb Code     0  startup_stm32f765xx.o(.text)
    DMA2_Stream4_IRQHandler                  0x08000313   Thumb Code     0  startup_stm32f765xx.o(.text)
    DMA2_Stream5_IRQHandler                  0x08000313   Thumb Code     0  startup_stm32f765xx.o(.text)
    DMA2_Stream6_IRQHandler                  0x08000313   Thumb Code     0  startup_stm32f765xx.o(.text)
    DMA2_Stream7_IRQHandler                  0x08000313   Thumb Code     0  startup_stm32f765xx.o(.text)
    ETH_IRQHandler                           0x08000313   Thumb Code     0  startup_stm32f765xx.o(.text)
    ETH_WKUP_IRQHandler                      0x08000313   Thumb Code     0  startup_stm32f765xx.o(.text)
    EXTI0_IRQHandler                         0x08000313   Thumb Code     0  startup_stm32f765xx.o(.text)
    EXTI15_10_IRQHandler                     0x08000313   Thumb Code     0  startup_stm32f765xx.o(.text)
    EXTI1_IRQHandler                         0x08000313   Thumb Code     0  startup_stm32f765xx.o(.text)
    EXTI2_IRQHandler                         0x08000313   Thumb Code     0  startup_stm32f765xx.o(.text)
    EXTI3_IRQHandler                         0x08000313   Thumb Code     0  startup_stm32f765xx.o(.text)
    EXTI4_IRQHandler                         0x08000313   Thumb Code     0  startup_stm32f765xx.o(.text)
    EXTI9_5_IRQHandler                       0x08000313   Thumb Code     0  startup_stm32f765xx.o(.text)
    FLASH_IRQHandler                         0x08000313   Thumb Code     0  startup_stm32f765xx.o(.text)
    FMC_IRQHandler                           0x08000313   Thumb Code     0  startup_stm32f765xx.o(.text)
    FPU_IRQHandler                           0x08000313   Thumb Code     0  startup_stm32f765xx.o(.text)
    I2C1_ER_IRQHandler                       0x08000313   Thumb Code     0  startup_stm32f765xx.o(.text)
    I2C1_EV_IRQHandler                       0x08000313   Thumb Code     0  startup_stm32f765xx.o(.text)
    I2C2_ER_IRQHandler                       0x08000313   Thumb Code     0  startup_stm32f765xx.o(.text)
    I2C2_EV_IRQHandler                       0x08000313   Thumb Code     0  startup_stm32f765xx.o(.text)
    I2C3_ER_IRQHandler                       0x08000313   Thumb Code     0  startup_stm32f765xx.o(.text)
    I2C3_EV_IRQHandler                       0x08000313   Thumb Code     0  startup_stm32f765xx.o(.text)
    I2C4_ER_IRQHandler                       0x08000313   Thumb Code     0  startup_stm32f765xx.o(.text)
    I2C4_EV_IRQHandler                       0x08000313   Thumb Code     0  startup_stm32f765xx.o(.text)
    LPTIM1_IRQHandler                        0x08000313   Thumb Code     0  startup_stm32f765xx.o(.text)
    MDIOS_IRQHandler                         0x08000313   Thumb Code     0  startup_stm32f765xx.o(.text)
    OTG_FS_IRQHandler                        0x08000313   Thumb Code     0  startup_stm32f765xx.o(.text)
    OTG_FS_WKUP_IRQHandler                   0x08000313   Thumb Code     0  startup_stm32f765xx.o(.text)
    OTG_HS_EP1_IN_IRQHandler                 0x08000313   Thumb Code     0  startup_stm32f765xx.o(.text)
    OTG_HS_EP1_OUT_IRQHandler                0x08000313   Thumb Code     0  startup_stm32f765xx.o(.text)
    OTG_HS_IRQHandler                        0x08000313   Thumb Code     0  startup_stm32f765xx.o(.text)
    OTG_HS_WKUP_IRQHandler                   0x08000313   Thumb Code     0  startup_stm32f765xx.o(.text)
    PVD_IRQHandler                           0x08000313   Thumb Code     0  startup_stm32f765xx.o(.text)
    QUADSPI_IRQHandler                       0x08000313   Thumb Code     0  startup_stm32f765xx.o(.text)
    RCC_IRQHandler                           0x08000313   Thumb Code     0  startup_stm32f765xx.o(.text)
    RNG_IRQHandler                           0x08000313   Thumb Code     0  startup_stm32f765xx.o(.text)
    RTC_Alarm_IRQHandler                     0x08000313   Thumb Code     0  startup_stm32f765xx.o(.text)
    RTC_WKUP_IRQHandler                      0x08000313   Thumb Code     0  startup_stm32f765xx.o(.text)
    SAI1_IRQHandler                          0x08000313   Thumb Code     0  startup_stm32f765xx.o(.text)
    SAI2_IRQHandler                          0x08000313   Thumb Code     0  startup_stm32f765xx.o(.text)
    SDMMC1_IRQHandler                        0x08000313   Thumb Code     0  startup_stm32f765xx.o(.text)
    SDMMC2_IRQHandler                        0x08000313   Thumb Code     0  startup_stm32f765xx.o(.text)
    SPDIF_RX_IRQHandler                      0x08000313   Thumb Code     0  startup_stm32f765xx.o(.text)
    SPI1_IRQHandler                          0x08000313   Thumb Code     0  startup_stm32f765xx.o(.text)
    SPI2_IRQHandler                          0x08000313   Thumb Code     0  startup_stm32f765xx.o(.text)
    SPI3_IRQHandler                          0x08000313   Thumb Code     0  startup_stm32f765xx.o(.text)
    SPI4_IRQHandler                          0x08000313   Thumb Code     0  startup_stm32f765xx.o(.text)
    SPI5_IRQHandler                          0x08000313   Thumb Code     0  startup_stm32f765xx.o(.text)
    SPI6_IRQHandler                          0x08000313   Thumb Code     0  startup_stm32f765xx.o(.text)
    TAMP_STAMP_IRQHandler                    0x08000313   Thumb Code     0  startup_stm32f765xx.o(.text)
    TIM1_BRK_TIM9_IRQHandler                 0x08000313   Thumb Code     0  startup_stm32f765xx.o(.text)
    TIM1_CC_IRQHandler                       0x08000313   Thumb Code     0  startup_stm32f765xx.o(.text)
    TIM1_TRG_COM_TIM11_IRQHandler            0x08000313   Thumb Code     0  startup_stm32f765xx.o(.text)
    TIM1_UP_TIM10_IRQHandler                 0x08000313   Thumb Code     0  startup_stm32f765xx.o(.text)
    TIM6_DAC_IRQHandler                      0x08000313   Thumb Code     0  startup_stm32f765xx.o(.text)
    TIM7_IRQHandler                          0x08000313   Thumb Code     0  startup_stm32f765xx.o(.text)
    TIM8_BRK_TIM12_IRQHandler                0x08000313   Thumb Code     0  startup_stm32f765xx.o(.text)
    TIM8_CC_IRQHandler                       0x08000313   Thumb Code     0  startup_stm32f765xx.o(.text)
    TIM8_TRG_COM_TIM14_IRQHandler            0x08000313   Thumb Code     0  startup_stm32f765xx.o(.text)
    TIM8_UP_TIM13_IRQHandler                 0x08000313   Thumb Code     0  startup_stm32f765xx.o(.text)
    UART4_IRQHandler                         0x08000313   Thumb Code     0  startup_stm32f765xx.o(.text)
    UART7_IRQHandler                         0x08000313   Thumb Code     0  startup_stm32f765xx.o(.text)
    UART8_IRQHandler                         0x08000313   Thumb Code     0  startup_stm32f765xx.o(.text)
    USART6_IRQHandler                        0x08000313   Thumb Code     0  startup_stm32f765xx.o(.text)
    WWDG_IRQHandler                          0x08000313   Thumb Code     0  startup_stm32f765xx.o(.text)
    __user_initial_stackheap                 0x08000315   Thumb Code     0  startup_stm32f765xx.o(.text)
    __aeabi_uldivmod                         0x08000339   Thumb Code     0  lludivv7m.o(.text)
    _ll_udiv                                 0x08000339   Thumb Code   238  lludivv7m.o(.text)
    __2printf                                0x08000429   Thumb Code    20  noretval__2printf.o(.text)
    __printf                                 0x08000441   Thumb Code   104  __printf.o(.text)
    _printf_str                              0x080004a9   Thumb Code    82  _printf_str.o(.text)
    _printf_int_dec                          0x080004fd   Thumb Code   104  _printf_dec.o(.text)
    __aeabi_memcpy                           0x08000575   Thumb Code     0  rt_memcpy_v6.o(.text)
    __rt_memcpy                              0x08000575   Thumb Code   138  rt_memcpy_v6.o(.text)
    _memcpy_lastbytes                        0x080005db   Thumb Code     0  rt_memcpy_v6.o(.text)
    __aeabi_memcpy4                          0x080005ff   Thumb Code     0  rt_memcpy_w.o(.text)
    __aeabi_memcpy8                          0x080005ff   Thumb Code     0  rt_memcpy_w.o(.text)
    __rt_memcpy_w                            0x080005ff   Thumb Code   100  rt_memcpy_w.o(.text)
    _memcpy_lastbytes_aligned                0x08000647   Thumb Code     0  rt_memcpy_w.o(.text)
    __aeabi_memclr4                          0x08000663   Thumb Code     0  rt_memclr_w.o(.text)
    __aeabi_memclr8                          0x08000663   Thumb Code     0  rt_memclr_w.o(.text)
    __rt_memclr_w                            0x08000663   Thumb Code    78  rt_memclr_w.o(.text)
    _memset_w                                0x08000667   Thumb Code     0  rt_memclr_w.o(.text)
    __use_two_region_memory                  0x080006b1   Thumb Code     2  heapauxi.o(.text)
    __rt_heap_escrow                         0x080006b3   Thumb Code     2  heapauxi.o(.text)
    __rt_heap_expand                         0x080006b5   Thumb Code     2  heapauxi.o(.text)
    _printf_int_common                       0x080006b7   Thumb Code   178  _printf_intcommon.o(.text)
    _printf_cs_common                        0x08000769   Thumb Code    20  _printf_char.o(.text)
    _printf_char                             0x0800077d   Thumb Code    16  _printf_char.o(.text)
    _printf_string                           0x0800078d   Thumb Code     8  _printf_char.o(.text)
    _printf_char_file                        0x08000795   Thumb Code    32  _printf_char_file.o(.text)
    _printf_char_common                      0x080007c3   Thumb Code    32  _printf_char_common.o(.text)
    ferror                                   0x080007e9   Thumb Code     8  ferror.o(.text)
    _initio                                  0x080007f1   Thumb Code   210  initio.o(.text)
    _terminateio                             0x080008c3   Thumb Code    56  initio.o(.text)
    _sys_open                                0x08000929   Thumb Code    20  sys_io.o(.text)
    _sys_close                               0x0800093d   Thumb Code    12  sys_io.o(.text)
    _sys_write                               0x08000949   Thumb Code    16  sys_io.o(.text)
    _sys_read                                0x08000959   Thumb Code    14  sys_io.o(.text)
    _sys_istty                               0x08000967   Thumb Code    12  sys_io.o(.text)
    _sys_seek                                0x08000973   Thumb Code    14  sys_io.o(.text)
    _sys_ensure                              0x08000981   Thumb Code     2  sys_io.o(.text)
    _sys_flen                                0x08000983   Thumb Code    12  sys_io.o(.text)
    __user_setup_stackheap                   0x0800098f   Thumb Code    74  sys_stackheap_outer.o(.text)
    free                                     0x080009d9   Thumb Code    78  h1_free.o(.text)
    setvbuf                                  0x08000a27   Thumb Code    70  setvbuf.o(.text)
    freopen                                  0x08000a6d   Thumb Code   158  fopen.o(.text)
    fopen                                    0x08000b0b   Thumb Code    74  fopen.o(.text)
    _fclose_internal                         0x08000b59   Thumb Code    76  fclose.o(.text)
    fclose                                   0x08000b59   Thumb Code     0  fclose.o(.text)
    exit                                     0x08000ba5   Thumb Code    18  exit.o(.text)
    __rt_SIGRTRED                            0x08000bb7   Thumb Code    14  defsig_rtred_outer.o(.text)
    __user_libspace                          0x08000bc5   Thumb Code     8  libspace.o(.text)
    __user_perproc_libspace                  0x08000bc5   Thumb Code     0  libspace.o(.text)
    __user_perthread_libspace                0x08000bc5   Thumb Code     0  libspace.o(.text)
    __I$use$semihosting                      0x08000bcd   Thumb Code     0  use_no_semi.o(.text)
    __use_no_semihosting_swi                 0x08000bcd   Thumb Code     2  use_no_semi.o(.text)
    __semihosting_library_function           0x08000bcf   Thumb Code     0  indicate_semi.o(.text)
    __rt_heap_descriptor                     0x08000bd1   Thumb Code     8  rt_heap_descriptor_intlibspace.o(.text)
    __use_no_heap                            0x08000bd9   Thumb Code     2  hguard.o(.text)
    __heap$guard                             0x08000bdb   Thumb Code     2  hguard.o(.text)
    _terminate_user_alloc                    0x08000bdd   Thumb Code     2  init_alloc.o(.text)
    _init_user_alloc                         0x08000bdf   Thumb Code     2  init_alloc.o(.text)
    __Heap_Full                              0x08000be1   Thumb Code    34  init_alloc.o(.text)
    __Heap_Broken                            0x08000c03   Thumb Code     6  init_alloc.o(.text)
    _init_alloc                              0x08000c09   Thumb Code    94  init_alloc.o(.text)
    malloc                                   0x08000c67   Thumb Code    94  h1_alloc.o(.text)
    _fseek                                   0x08000cc5   Thumb Code   242  fseek.o(.text)
    fseek                                    0x08000cc5   Thumb Code     0  fseek.o(.text)
    _seterr                                  0x08000dbd   Thumb Code    20  stdio.o(.text)
    _writebuf                                0x08000dd1   Thumb Code    84  stdio.o(.text)
    _fflush                                  0x08000e25   Thumb Code    70  stdio.o(.text)
    _deferredlazyseek                        0x08000e6b   Thumb Code    60  stdio.o(.text)
    __sig_exit                               0x08000ead   Thumb Code    10  defsig_exit.o(.text)
    __rt_SIGRTRED_inner                      0x08000eb9   Thumb Code    14  defsig_rtred_inner.o(.text)
    strlen                                   0x08000eed   Thumb Code    62  strlen.o(.text)
    _sys_exit                                0x08000f2d   Thumb Code     8  sys_exit.o(.text)
    __Heap_Initialize                        0x08000f39   Thumb Code    10  h1_init.o(.text)
    __Heap_DescSize                          0x08000f43   Thumb Code     4  h1_init.o(.text)
    __Heap_ProvideMemory                     0x08000f47   Thumb Code    52  h1_extend.o(.text)
    _ftell_internal                          0x08000f7b   Thumb Code    66  ftell.o(.text)
    ftell                                    0x08000f7b   Thumb Code     0  ftell.o(.text)
    __default_signal_display                 0x08000fbd   Thumb Code    50  defsig_general.o(.text)
    __rt_SIGRTMEM                            0x08000fef   Thumb Code    14  defsig_rtmem_outer.o(.text)
    _ttywrch                                 0x08000ffd   Thumb Code    14  sys_wrch.o(.text)
    __aeabi_errno_addr                       0x0800100d   Thumb Code     8  rt_errno_addr_intlibspace.o(.text)
    __errno$intlibspace                      0x0800100d   Thumb Code     0  rt_errno_addr_intlibspace.o(.text)
    __rt_errno_addr$intlibspace              0x0800100d   Thumb Code     0  rt_errno_addr_intlibspace.o(.text)
    __rt_SIGRTMEM_inner                      0x08001015   Thumb Code    22  defsig_rtmem_inner.o(.text)
    BEEP_OFF                                 0x0800119d   Thumb Code    10  beep.o(i.BEEP_OFF)
    BEEP_ON                                  0x080011ad   Thumb Code    10  beep.o(i.BEEP_ON)
    BSP_USART_SendArray_LL                   0x080011bd   Thumb Code    40  uart_api.o(i.BSP_USART_SendArray_LL)
    BSP_USART_SendData_LL                    0x080011e5   Thumb Code    24  uart_api.o(i.BSP_USART_SendData_LL)
    BSP_USART_StartIT_LL                     0x080011fd   Thumb Code    22  uart_api.o(i.BSP_USART_StartIT_LL)
    Back_to_Center                           0x08001213   Thumb Code    40  main.o(i.Back_to_Center)
    BusFault_Handler                         0x0800123b   Thumb Code     2  stm32f7xx_it.o(i.BusFault_Handler)
    DebugMon_Handler                         0x0800123d   Thumb Code     2  stm32f7xx_it.o(i.DebugMon_Handler)
    Device_Init                              0x08001241   Thumb Code    98  flycontrol.o(i.Device_Init)
    Error_Handler                            0x080012ad   Thumb Code     4  main.o(i.Error_Handler)
    Go_ahead                                 0x080012b1   Thumb Code    16  flycontrol.o(i.Go_ahead)
    Go_back                                  0x080012c5   Thumb Code    16  flycontrol.o(i.Go_back)
    Go_left                                  0x080012d9   Thumb Code    16  flycontrol.o(i.Go_left)
    Go_right                                 0x080012ed   Thumb Code    16  flycontrol.o(i.Go_right)
    HAL_ADC_ConfigChannel                    0x08001301   Thumb Code   432  stm32f7xx_hal_adc.o(i.HAL_ADC_ConfigChannel)
    HAL_ADC_Init                             0x080014c1   Thumb Code    84  stm32f7xx_hal_adc.o(i.HAL_ADC_Init)
    HAL_ADC_MspInit                          0x08001515   Thumb Code    82  stm32f7xx_hal_msp.o(i.HAL_ADC_MspInit)
    HAL_Delay                                0x08001575   Thumb Code    32  stm32f7xx_hal.o(i.HAL_Delay)
    HAL_GPIO_Init                            0x08001599   Thumb Code   530  stm32f7xx_hal_gpio.o(i.HAL_GPIO_Init)
    HAL_GPIO_ReadPin                         0x080017e1   Thumb Code    10  stm32f7xx_hal_gpio.o(i.HAL_GPIO_ReadPin)
    HAL_GPIO_TogglePin                       0x080017eb   Thumb Code    16  stm32f7xx_hal_gpio.o(i.HAL_GPIO_TogglePin)
    HAL_GPIO_WritePin                        0x080017fb   Thumb Code    10  stm32f7xx_hal_gpio.o(i.HAL_GPIO_WritePin)
    HAL_GetTick                              0x08001805   Thumb Code     6  stm32f7xx_hal.o(i.HAL_GetTick)
    HAL_I2CEx_ConfigAnalogFilter             0x08001811   Thumb Code    88  stm32f7xx_hal_i2c_ex.o(i.HAL_I2CEx_ConfigAnalogFilter)
    HAL_I2CEx_ConfigDigitalFilter            0x08001869   Thumb Code    84  stm32f7xx_hal_i2c_ex.o(i.HAL_I2CEx_ConfigDigitalFilter)
    HAL_I2C_Init                             0x080018bd   Thumb Code   180  stm32f7xx_hal_i2c.o(i.HAL_I2C_Init)
    HAL_I2C_MspInit                          0x08001975   Thumb Code   250  stm32f7xx_hal_msp.o(i.HAL_I2C_MspInit)
    HAL_IncTick                              0x08001a89   Thumb Code    12  stm32f7xx_hal.o(i.HAL_IncTick)
    HAL_Init                                 0x08001a99   Thumb Code    22  stm32f7xx_hal.o(i.HAL_Init)
    HAL_InitTick                             0x08001ab1   Thumb Code    54  stm32f7xx_hal.o(i.HAL_InitTick)
    HAL_MPU_ConfigRegion                     0x08001af1   Thumb Code    86  stm32f7xx_hal_cortex.o(i.HAL_MPU_ConfigRegion)
    HAL_MPU_Disable                          0x08001b4d   Thumb Code    24  stm32f7xx_hal_cortex.o(i.HAL_MPU_Disable)
    HAL_MPU_Enable                           0x08001b69   Thumb Code    30  stm32f7xx_hal_cortex.o(i.HAL_MPU_Enable)
    HAL_MspInit                              0x08001b8d   Thumb Code    42  stm32f7xx_hal_msp.o(i.HAL_MspInit)
    HAL_NVIC_EnableIRQ                       0x08001bbd   Thumb Code    26  stm32f7xx_hal_cortex.o(i.HAL_NVIC_EnableIRQ)
    HAL_NVIC_SetPriority                     0x08001bd9   Thumb Code    60  stm32f7xx_hal_cortex.o(i.HAL_NVIC_SetPriority)
    HAL_NVIC_SetPriorityGrouping             0x08001c19   Thumb Code    28  stm32f7xx_hal_cortex.o(i.HAL_NVIC_SetPriorityGrouping)
    HAL_PWREx_EnableOverDrive                0x08001c3d   Thumb Code   100  stm32f7xx_hal_pwr_ex.o(i.HAL_PWREx_EnableOverDrive)
    HAL_RCCEx_PeriphCLKConfig                0x08001ca9   Thumb Code  1280  stm32f7xx_hal_rcc_ex.o(i.HAL_RCCEx_PeriphCLKConfig)
    HAL_RCC_ClockConfig                      0x080021ad   Thumb Code   284  stm32f7xx_hal_rcc.o(i.HAL_RCC_ClockConfig)
    HAL_RCC_GetSysClockFreq                  0x080022dd   Thumb Code    88  stm32f7xx_hal_rcc.o(i.HAL_RCC_GetSysClockFreq)
    HAL_RCC_OscConfig                        0x08002341   Thumb Code   906  stm32f7xx_hal_rcc.o(i.HAL_RCC_OscConfig)
    HAL_SYSTICK_Config                       0x080026d9   Thumb Code    38  stm32f7xx_hal_cortex.o(i.HAL_SYSTICK_Config)
    HAL_TIMEx_Break2Callback                 0x080026ff   Thumb Code     2  stm32f7xx_hal_tim_ex.o(i.HAL_TIMEx_Break2Callback)
    HAL_TIMEx_BreakCallback                  0x08002701   Thumb Code     2  stm32f7xx_hal_tim_ex.o(i.HAL_TIMEx_BreakCallback)
    HAL_TIMEx_CommutCallback                 0x08002703   Thumb Code     2  stm32f7xx_hal_tim_ex.o(i.HAL_TIMEx_CommutCallback)
    HAL_TIMEx_MasterConfigSynchronization    0x08002705   Thumb Code   134  stm32f7xx_hal_tim_ex.o(i.HAL_TIMEx_MasterConfigSynchronization)
    HAL_TIM_Base_Init                        0x080027a9   Thumb Code    98  stm32f7xx_hal_tim.o(i.HAL_TIM_Base_Init)
    HAL_TIM_Base_MspInit                     0x0800280d   Thumb Code    86  stm32f7xx_hal_msp.o(i.HAL_TIM_Base_MspInit)
    HAL_TIM_Base_Start_IT                    0x0800286d   Thumb Code   106  stm32f7xx_hal_tim.o(i.HAL_TIM_Base_Start_IT)
    HAL_TIM_Base_Stop_IT                     0x080028f9   Thumb Code    48  stm32f7xx_hal_tim.o(i.HAL_TIM_Base_Stop_IT)
    HAL_TIM_ConfigClockSource                0x08002929   Thumb Code   220  stm32f7xx_hal_tim.o(i.HAL_TIM_ConfigClockSource)
    HAL_TIM_IC_CaptureCallback               0x08002a09   Thumb Code  1340  main.o(i.HAL_TIM_IC_CaptureCallback)
    HAL_TIM_IC_ConfigChannel                 0x08002f49   Thumb Code   290  stm32f7xx_hal_tim.o(i.HAL_TIM_IC_ConfigChannel)
    HAL_TIM_IC_Init                          0x0800306b   Thumb Code    98  stm32f7xx_hal_tim.o(i.HAL_TIM_IC_Init)
    HAL_TIM_IC_MspInit                       0x080030cd   Thumb Code   178  stm32f7xx_hal_msp.o(i.HAL_TIM_IC_MspInit)
    HAL_TIM_IC_Start_IT                      0x08003195   Thumb Code   292  stm32f7xx_hal_tim.o(i.HAL_TIM_IC_Start_IT)
    HAL_TIM_IC_Stop_IT                       0x080032d9   Thumb Code   182  stm32f7xx_hal_tim.o(i.HAL_TIM_IC_Stop_IT)
    HAL_TIM_IRQHandler                       0x0800338f   Thumb Code   386  stm32f7xx_hal_tim.o(i.HAL_TIM_IRQHandler)
    HAL_TIM_MspPostInit                      0x08003511   Thumb Code   176  stm32f7xx_hal_msp.o(i.HAL_TIM_MspPostInit)
    HAL_TIM_OC_DelayElapsedCallback          0x080035d1   Thumb Code     2  stm32f7xx_hal_tim.o(i.HAL_TIM_OC_DelayElapsedCallback)
    HAL_TIM_PWM_ConfigChannel                0x080035d3   Thumb Code   292  stm32f7xx_hal_tim.o(i.HAL_TIM_PWM_ConfigChannel)
    HAL_TIM_PWM_Init                         0x080036f7   Thumb Code    98  stm32f7xx_hal_tim.o(i.HAL_TIM_PWM_Init)
    HAL_TIM_PWM_MspInit                      0x08003759   Thumb Code     2  stm32f7xx_hal_tim.o(i.HAL_TIM_PWM_MspInit)
    HAL_TIM_PWM_PulseFinishedCallback        0x0800375b   Thumb Code     2  stm32f7xx_hal_tim.o(i.HAL_TIM_PWM_PulseFinishedCallback)
    HAL_TIM_PWM_Start                        0x0800375d   Thumb Code   216  stm32f7xx_hal_tim.o(i.HAL_TIM_PWM_Start)
    HAL_TIM_PeriodElapsedCallback            0x08003855   Thumb Code   158  main.o(i.HAL_TIM_PeriodElapsedCallback)
    HAL_TIM_ReadCapturedValue                0x08003905   Thumb Code    44  stm32f7xx_hal_tim.o(i.HAL_TIM_ReadCapturedValue)
    HAL_TIM_TriggerCallback                  0x08003931   Thumb Code     2  stm32f7xx_hal_tim.o(i.HAL_TIM_TriggerCallback)
    HardFault_Handler                        0x08003933   Thumb Code     2  stm32f7xx_it.o(i.HardFault_Handler)
    KeyScanning                              0x08003935   Thumb Code   212  key.o(i.KeyScanning)
    LED1_Flash                               0x08003a51   Thumb Code     8  led.o(i.LED1_Flash)
    LED1_Off                                 0x08003a5d   Thumb Code    10  led.o(i.LED1_Off)
    LED2_Flash                               0x08003a6d   Thumb Code     8  led.o(i.LED2_Flash)
    LED2_Off                                 0x08003a79   Thumb Code    10  led.o(i.LED2_Off)
    LED3_Flash                               0x08003a89   Thumb Code     8  led.o(i.LED3_Flash)
    LED3_Off                                 0x08003a95   Thumb Code    10  led.o(i.LED3_Off)
    LED_B_Flash                              0x08003aa5   Thumb Code     4  led.o(i.LED_B_Flash)
    LED_B_Off                                0x08003aa9   Thumb Code     4  led.o(i.LED_B_Off)
    LED_G_Flash                              0x08003aad   Thumb Code     4  led.o(i.LED_G_Flash)
    LED_G_Off                                0x08003ab1   Thumb Code     4  led.o(i.LED_G_Off)
    LED_R_Flash                              0x08003ab5   Thumb Code     4  led.o(i.LED_R_Flash)
    LED_R_Off                                0x08003ab9   Thumb Code     4  led.o(i.LED_R_Off)
    LL_GPIO_Init                             0x08003aed   Thumb Code   320  stm32f7xx_ll_gpio.o(i.LL_GPIO_Init)
    LL_RCC_GetUARTClockFreq                  0x08003c2d   Thumb Code   172  stm32f7xx_ll_rcc.o(i.LL_RCC_GetUARTClockFreq)
    LL_RCC_GetUSARTClockFreq                 0x08003cf9   Thumb Code   180  stm32f7xx_ll_rcc.o(i.LL_RCC_GetUSARTClockFreq)
    LL_USART_Init                            0x08003e19   Thumb Code   224  stm32f7xx_ll_usart.o(i.LL_USART_Init)
    Loiter                                   0x08003f1d   Thumb Code   154  flycontrol.o(i.Loiter)
    MemManage_Handler                        0x080047e9   Thumb Code     2  stm32f7xx_it.o(i.MemManage_Handler)
    NMI_Handler                              0x080047eb   Thumb Code     2  stm32f7xx_it.o(i.NMI_Handler)
    PIDCalc                                  0x0800481f   Thumb Code   116  flycontrol.o(i.PIDCalc)
    PIDInit                                  0x08004895   Thumb Code    86  flycontrol.o(i.PIDInit)
    PendSV_Handler                           0x080048f9   Thumb Code     2  stm32f7xx_it.o(i.PendSV_Handler)
    RCC_GetHCLKClockFreq                     0x08004c3d   Thumb Code    18  stm32f7xx_ll_rcc.o(i.RCC_GetHCLKClockFreq)
    RCC_GetPCLK1ClockFreq                    0x08004c59   Thumb Code    20  stm32f7xx_ll_rcc.o(i.RCC_GetPCLK1ClockFreq)
    RCC_GetPCLK2ClockFreq                    0x08004c75   Thumb Code    20  stm32f7xx_ll_rcc.o(i.RCC_GetPCLK2ClockFreq)
    RCC_GetSystemClockFreq                   0x08004c91   Thumb Code    28  stm32f7xx_ll_rcc.o(i.RCC_GetSystemClockFreq)
    RCC_PLL_GetFreqDomain_SYS                0x08004cb9   Thumb Code    56  stm32f7xx_ll_rcc.o(i.RCC_PLL_GetFreqDomain_SYS)
    RC_Read                                  0x08004cfd   Thumb Code    56  main.o(i.RC_Read)
    RC_bridge                                0x08004d39   Thumb Code    48  flycontrol.o(i.RC_bridge)
    RC_bridge_Test                           0x08004d81   Thumb Code    86  flycontrol.o(i.RC_bridge_Test)
    SVC_Handler                              0x08004e1d   Thumb Code     2  stm32f7xx_it.o(i.SVC_Handler)
    Set_PWM_Mode                             0x08004e21   Thumb Code     6  flycontrol.o(i.Set_PWM_Mode)
    Set_PWM_Pitch                            0x08004e2d   Thumb Code     8  flycontrol.o(i.Set_PWM_Pitch)
    Set_PWM_Roll                             0x08004e35   Thumb Code     8  flycontrol.o(i.Set_PWM_Roll)
    Set_PWM_Thr                              0x08004e3d   Thumb Code     8  flycontrol.o(i.Set_PWM_Thr)
    Set_PWM_Yaw                              0x08004e45   Thumb Code     8  flycontrol.o(i.Set_PWM_Yaw)
    SysTick_Handler                          0x08004e4d   Thumb Code     4  stm32f7xx_it.o(i.SysTick_Handler)
    SystemClock_Config                       0x08004e51   Thumb Code   154  main.o(i.SystemClock_Config)
    SystemInit                               0x08004ef5   Thumb Code    12  system_stm32f7xx.o(i.SystemInit)
    TIM2_IRQHandler                          0x08004f05   Thumb Code     6  stm32f7xx_it.o(i.TIM2_IRQHandler)
    TIM2_Set                                 0x08004f11   Thumb Code    22  main.o(i.TIM2_Set)
    TIM3_IRQHandler                          0x08004f2d   Thumb Code     6  stm32f7xx_it.o(i.TIM3_IRQHandler)
    TIM3_Set                                 0x08004f39   Thumb Code    20  main.o(i.TIM3_Set)
    TIM4_IRQHandler                          0x08004f55   Thumb Code     6  stm32f7xx_it.o(i.TIM4_IRQHandler)
    TIM5_IRQHandler                          0x08004f61   Thumb Code     6  stm32f7xx_it.o(i.TIM5_IRQHandler)
    TIM5_Set                                 0x08004f6d   Thumb Code    20  main.o(i.TIM5_Set)
    TIM_Base_SetConfig                       0x08004f89   Thumb Code   158  stm32f7xx_hal_tim.o(i.TIM_Base_SetConfig)
    TIM_CCxChannelCmd                        0x08005055   Thumb Code    26  stm32f7xx_hal_tim.o(i.TIM_CCxChannelCmd)
    TIM_ETR_SetConfig                        0x0800506f   Thumb Code    18  stm32f7xx_hal_tim.o(i.TIM_ETR_SetConfig)
    TIM_OC2_SetConfig                        0x08005105   Thumb Code   108  stm32f7xx_hal_tim.o(i.TIM_OC2_SetConfig)
    TIM_TI1_SetConfig                        0x08005321   Thumb Code   100  stm32f7xx_hal_tim.o(i.TIM_TI1_SetConfig)
    UART5_IRQHandler                         0x080053fb   Thumb Code     2  stm32f7xx_it.o(i.UART5_IRQHandler)
    USART1_IRQHandler                        0x080053fd   Thumb Code     2  stm32f7xx_it.o(i.USART1_IRQHandler)
    USART2_IRQHandler                        0x080053ff   Thumb Code     2  stm32f7xx_it.o(i.USART2_IRQHandler)
    USART3_IRQHandler                        0x08005401   Thumb Code     2  stm32f7xx_it.o(i.USART3_IRQHandler)
    Unlock                                   0x08005405   Thumb Code    90  flycontrol.o(i.Unlock)
    UsageFault_Handler                       0x08005491   Thumb Code     2  stm32f7xx_it.o(i.UsageFault_Handler)
    encodeDecode_Analysis                    0x0800551d   Thumb Code   112  encodeddecoder.o(i.encodeDecode_Analysis)
    fputc                                    0x08005591   Thumb Code    16  main.o(i.fputc)
    main                                     0x080055a5   Thumb Code   980  main.o(i.main)
    _fp_init                                 0x08005abb   Thumb Code    10  fpinit.o(x$fpl$fpinit)
    __fplib_config_fpu_vfp                   0x08005ac3   Thumb Code     0  fpinit.o(x$fpl$fpinit)
    __fplib_config_pureend_doubles           0x08005ac3   Thumb Code     0  fpinit.o(x$fpl$fpinit)
    AHBPrescTable                            0x08005ac4   Data          16  system_stm32f7xx.o(.constdata)
    APBPrescTable                            0x08005ad4   Data           8  system_stm32f7xx.o(.constdata)
    __stdin_name                             0x08005adc   Data           4  sys_io.o(.constdata)
    __stdout_name                            0x08005ae0   Data           4  sys_io.o(.constdata)
    __stderr_name                            0x08005ae4   Data           4  sys_io.o(.constdata)
    Region$$Table$$Base                      0x08005bdc   Number         0  anon$$obj.o(Region$$Table)
    Region$$Table$$Limit                     0x08005bfc   Number         0  anon$$obj.o(Region$$Table)
    InitedFlag                               0x20000000   Data           1  flycontrol.o(.data)
    PWM_Pitch_mid                            0x20000004   Data           4  flycontrol.o(.data)
    PWM_Roll_mid                             0x20000008   Data           4  flycontrol.o(.data)
    PWM_Thr_mid                              0x2000000c   Data           4  flycontrol.o(.data)
    PWM_yaw_Max                              0x20000010   Data           4  flycontrol.o(.data)
    PWM_yaw_mid                              0x20000014   Data           4  flycontrol.o(.data)
    PWM_yaw_min                              0x20000018   Data           4  flycontrol.o(.data)
    PWM_Mode_Max                             0x2000001c   Data           4  flycontrol.o(.data)
    PWM_Mode_mid                             0x20000020   Data           4  flycontrol.o(.data)
    PWM_Mode_min                             0x20000024   Data           4  flycontrol.o(.data)
    DeadThreShold                            0x20000028   Data           4  flycontrol.o(.data)
    PWM_Thr_min_LOCK                         0x2000002c   Data           4  flycontrol.o(.data)
    pwm_pitch_out                            0x20000030   Data           4  flycontrol.o(.data)
    pwm_roll_out                             0x20000034   Data           4  flycontrol.o(.data)
    USART1_RX_STA                            0x2000003c   Data           2  main.o(.data)
    USART2_RX_STA                            0x2000003e   Data           2  main.o(.data)
    USART3_RX_STA                            0x20000040   Data           2  main.o(.data)
    CHANNEL_1_RISE                           0x2000004c   Data           4  main.o(.data)
    CHANNEL_1_FALL                           0x20000050   Data           4  main.o(.data)
    CHANNEL_1_PULSE_WIDE                     0x20000054   Data           4  main.o(.data)
    CHANNEL_2_RISE                           0x20000058   Data           4  main.o(.data)
    CHANNEL_2_FALL                           0x2000005c   Data           4  main.o(.data)
    CHANNEL_2_PULSE_WIDE                     0x20000060   Data           4  main.o(.data)
    CHANNEL_3_RISE                           0x20000064   Data           4  main.o(.data)
    CHANNEL_3_FALL                           0x20000068   Data           4  main.o(.data)
    CHANNEL_3_PULSE_WIDE                     0x2000006c   Data           4  main.o(.data)
    CHANNEL_4_RISE                           0x20000070   Data           4  main.o(.data)
    CHANNEL_4_FALL                           0x20000074   Data           4  main.o(.data)
    CHANNEL_4_PULSE_WIDE                     0x20000078   Data           4  main.o(.data)
    CHANNEL_5_RISE                           0x2000007c   Data           4  main.o(.data)
    CHANNEL_5_FALL                           0x20000080   Data           4  main.o(.data)
    CHANNEL_5_PULSE_WIDE                     0x20000084   Data           4  main.o(.data)
    CHANNEL_6_RISE                           0x20000088   Data           4  main.o(.data)
    CHANNEL_6_FALL                           0x2000008c   Data           4  main.o(.data)
    CHANNEL_6_PULSE_WIDE                     0x20000090   Data           4  main.o(.data)
    CHANNEL_7_RISE                           0x20000094   Data           4  main.o(.data)
    CHANNEL_7_FALL                           0x20000098   Data           4  main.o(.data)
    CHANNEL_7_PULSE_WIDE                     0x2000009c   Data           4  main.o(.data)
    CHANNEL_8_RISE                           0x200000a0   Data           4  main.o(.data)
    CHANNEL_8_FALL                           0x200000a4   Data           4  main.o(.data)
    CHANNEL_8_PULSE_WIDE                     0x200000a8   Data           4  main.o(.data)
    ICFLAG_1                                 0x200000ac   Data           4  main.o(.data)
    ICFLAG_2                                 0x200000b0   Data           4  main.o(.data)
    ICFLAG_3                                 0x200000b4   Data           4  main.o(.data)
    ICFLAG_4                                 0x200000b8   Data           4  main.o(.data)
    ICFLAG_5                                 0x200000bc   Data           4  main.o(.data)
    ICFLAG_6                                 0x200000c0   Data           4  main.o(.data)
    ICFLAG_7                                 0x200000c4   Data           4  main.o(.data)
    ICFLAG_8                                 0x200000c8   Data           4  main.o(.data)
    PWM_Mode_N1                              0x200000cc   Data           4  main.o(.data)
    PWM_Mode_N2                              0x200000d0   Data           4  main.o(.data)
    PWM_Mode_N3                              0x200000d4   Data           4  main.o(.data)
    PWM_Mode_N4                              0x200000d8   Data           4  main.o(.data)
    old_value                                0x20000104   Data           4  main.o(.data)
    s_volt                                   0x20000108   Data           4  main.o(.data)
    ADC_ReadBuffer                           0x2000010c   Data           4  main.o(.data)
    encodeAnswer                             0x20000110   Data          11  main.o(.data)
    uwTickFreq                               0x2000011c   Data           1  stm32f7xx_hal.o(.data)
    uwTickPrio                               0x20000120   Data           4  stm32f7xx_hal.o(.data)
    uwTick                                   0x20000124   Data           4  stm32f7xx_hal.o(.data)
    SystemCoreClock                          0x20000128   Data           4  system_stm32f7xx.o(.data)
    __aeabi_stdin                            0x2000012c   Data           4  stdio_streams.o(.data)
    __aeabi_stdout                           0x20000130   Data           4  stdio_streams.o(.data)
    __aeabi_stderr                           0x20000134   Data           4  stdio_streams.o(.data)
    Attitude                                 0x20000138   Data          24  encodeddecoder.o(.bss)
    PID_Control_Pitch                        0x20000150   Data          32  flycontrol.o(.bss)
    PID_Control_Roll                         0x20000170   Data          32  flycontrol.o(.bss)
    USART1_RX_BUF                            0x200001c0   Data         256  main.o(.bss)
    USART2_RX_BUF                            0x200002c0   Data         256  main.o(.bss)
    USART3_RX_BUF                            0x200003c0   Data         256  main.o(.bss)
    FreeBuffer_Encode                        0x200004c0   Data         256  main.o(.bss)
    FreeBuffer_Encode_3                      0x200005c0   Data         256  main.o(.bss)
    MAVLink_RECV_BUF                         0x200006c0   Data         256  main.o(.bss)
    MAVLink_TX_BUF                           0x200007c0   Data         263  main.o(.bss)
    OutData                                  0x200008c8   Data          16  main.o(.bss)
    PID_Control_Att                          0x200008d8   Data          32  main.o(.bss)
    hadc1                                    0x200008f8   Data          72  main.o(.bss)
    hi2c1                                    0x20000940   Data          76  main.o(.bss)
    hi2c3                                    0x2000098c   Data          76  main.o(.bss)
    htim2                                    0x200009d8   Data          76  main.o(.bss)
    htim3                                    0x20000a24   Data          76  main.o(.bss)
    htim4                                    0x20000a70   Data          76  main.o(.bss)
    htim5                                    0x20000abc   Data          76  main.o(.bss)
    __stdin                                  0x20000b08   Data          84  stdio_streams.o(.bss)
    __stdout                                 0x20000b5c   Data          84  stdio_streams.o(.bss)
    __stderr                                 0x20000bb0   Data          84  stdio_streams.o(.bss)
    __libspace_start                         0x20000c04   Data          96  libspace.o(.bss)
    __temporary_stack_top$libspace           0x20000c64   Data           0  libspace.o(.bss)



==============================================================================

Memory Map of the image

  Image Entry point : 0x080001f9

  Load Region LR_IROM1 (Base: 0x08000000, Size: 0x00005d34, Max: 0x00200000, ABSOLUTE, COMPRESSED[0x00005c2c])

    Execution Region ER_IROM1 (Base: 0x08000000, Size: 0x00005bfc, Max: 0x00200000, ABSOLUTE)

    Base Addr    Size         Type   Attr      Idx    E Section Name        Object

    0x08000000   0x000001f8   Data   RO            3    RESET               startup_stm32f765xx.o
    0x080001f8   0x00000008   Code   RO         5141  * !!!main             c_w.l(__main.o)
    0x08000200   0x00000034   Code   RO         5474    !!!scatter          c_w.l(__scatter.o)
    0x08000234   0x0000005a   Code   RO         5472    !!dczerorl2         c_w.l(__dczerorl2.o)
    0x0800028e   0x00000002   PAD
    0x08000290   0x0000001c   Code   RO         5476    !!handler_zi        c_w.l(__scatter_zi.o)
    0x080002ac   0x00000000   Code   RO         5132    .ARM.Collect$$_printf_percent$$00000000  c_w.l(_printf_percent.o)
    0x080002ac   0x00000006   Code   RO         5131    .ARM.Collect$$_printf_percent$$00000009  c_w.l(_printf_d.o)
    0x080002b2   0x00000006   Code   RO         5130    .ARM.Collect$$_printf_percent$$00000014  c_w.l(_printf_s.o)
    0x080002b8   0x00000004   Code   RO         5154    .ARM.Collect$$_printf_percent$$00000017  c_w.l(_printf_percent_end.o)
    0x080002bc   0x00000002   Code   RO         5281    .ARM.Collect$$libinit$$00000000  c_w.l(libinit.o)
    0x080002be   0x00000004   Code   RO         5282    .ARM.Collect$$libinit$$00000001  c_w.l(libinit2.o)
    0x080002c2   0x00000000   Code   RO         5285    .ARM.Collect$$libinit$$00000004  c_w.l(libinit2.o)
    0x080002c2   0x00000008   Code   RO         5286    .ARM.Collect$$libinit$$00000005  c_w.l(libinit2.o)
    0x080002ca   0x00000000   Code   RO         5288    .ARM.Collect$$libinit$$0000000A  c_w.l(libinit2.o)
    0x080002ca   0x00000000   Code   RO         5290    .ARM.Collect$$libinit$$0000000C  c_w.l(libinit2.o)
    0x080002ca   0x00000000   Code   RO         5292    .ARM.Collect$$libinit$$0000000E  c_w.l(libinit2.o)
    0x080002ca   0x00000000   Code   RO         5295    .ARM.Collect$$libinit$$00000011  c_w.l(libinit2.o)
    0x080002ca   0x00000000   Code   RO         5297    .ARM.Collect$$libinit$$00000013  c_w.l(libinit2.o)
    0x080002ca   0x00000000   Code   RO         5299    .ARM.Collect$$libinit$$00000015  c_w.l(libinit2.o)
    0x080002ca   0x00000000   Code   RO         5301    .ARM.Collect$$libinit$$00000017  c_w.l(libinit2.o)
    0x080002ca   0x00000000   Code   RO         5303    .ARM.Collect$$libinit$$00000019  c_w.l(libinit2.o)
    0x080002ca   0x00000000   Code   RO         5305    .ARM.Collect$$libinit$$0000001B  c_w.l(libinit2.o)
    0x080002ca   0x00000000   Code   RO         5307    .ARM.Collect$$libinit$$0000001D  c_w.l(libinit2.o)
    0x080002ca   0x00000000   Code   RO         5309    .ARM.Collect$$libinit$$0000001F  c_w.l(libinit2.o)
    0x080002ca   0x00000000   Code   RO         5311    .ARM.Collect$$libinit$$00000021  c_w.l(libinit2.o)
    0x080002ca   0x00000000   Code   RO         5313    .ARM.Collect$$libinit$$00000023  c_w.l(libinit2.o)
    0x080002ca   0x00000004   Code   RO         5314    .ARM.Collect$$libinit$$00000024  c_w.l(libinit2.o)
    0x080002ce   0x00000000   Code   RO         5315    .ARM.Collect$$libinit$$00000025  c_w.l(libinit2.o)
    0x080002ce   0x00000000   Code   RO         5319    .ARM.Collect$$libinit$$0000002C  c_w.l(libinit2.o)
    0x080002ce   0x00000000   Code   RO         5321    .ARM.Collect$$libinit$$0000002E  c_w.l(libinit2.o)
    0x080002ce   0x00000000   Code   RO         5323    .ARM.Collect$$libinit$$00000030  c_w.l(libinit2.o)
    0x080002ce   0x00000000   Code   RO         5325    .ARM.Collect$$libinit$$00000032  c_w.l(libinit2.o)
    0x080002ce   0x00000002   Code   RO         5326    .ARM.Collect$$libinit$$00000033  c_w.l(libinit2.o)
    0x080002d0   0x00000002   Code   RO         5453    .ARM.Collect$$libshutdown$$00000000  c_w.l(libshutdown.o)
    0x080002d2   0x00000000   Code   RO         5328    .ARM.Collect$$libshutdown$$00000002  c_w.l(libshutdown2.o)
    0x080002d2   0x00000004   Code   RO         5329    .ARM.Collect$$libshutdown$$00000003  c_w.l(libshutdown2.o)
    0x080002d6   0x00000000   Code   RO         5330    .ARM.Collect$$libshutdown$$00000004  c_w.l(libshutdown2.o)
    0x080002d6   0x00000000   Code   RO         5333    .ARM.Collect$$libshutdown$$00000007  c_w.l(libshutdown2.o)
    0x080002d6   0x00000000   Code   RO         5336    .ARM.Collect$$libshutdown$$0000000A  c_w.l(libshutdown2.o)
    0x080002d6   0x00000000   Code   RO         5338    .ARM.Collect$$libshutdown$$0000000C  c_w.l(libshutdown2.o)
    0x080002d6   0x00000000   Code   RO         5341    .ARM.Collect$$libshutdown$$0000000F  c_w.l(libshutdown2.o)
    0x080002d6   0x00000002   Code   RO         5342    .ARM.Collect$$libshutdown$$00000010  c_w.l(libshutdown2.o)
    0x080002d8   0x00000000   Code   RO         5143    .ARM.Collect$$rtentry$$00000000  c_w.l(__rtentry.o)
    0x080002d8   0x00000000   Code   RO         5162    .ARM.Collect$$rtentry$$00000002  c_w.l(__rtentry2.o)
    0x080002d8   0x00000006   Code   RO         5174    .ARM.Collect$$rtentry$$00000004  c_w.l(__rtentry4.o)
    0x080002de   0x00000000   Code   RO         5164    .ARM.Collect$$rtentry$$00000009  c_w.l(__rtentry2.o)
    0x080002de   0x00000004   Code   RO         5165    .ARM.Collect$$rtentry$$0000000A  c_w.l(__rtentry2.o)
    0x080002e2   0x00000000   Code   RO         5167    .ARM.Collect$$rtentry$$0000000C  c_w.l(__rtentry2.o)
    0x080002e2   0x00000008   Code   RO         5168    .ARM.Collect$$rtentry$$0000000D  c_w.l(__rtentry2.o)
    0x080002ea   0x00000002   Code   RO         5349    .ARM.Collect$$rtexit$$00000000  c_w.l(rtexit.o)
    0x080002ec   0x00000000   Code   RO         5399    .ARM.Collect$$rtexit$$00000002  c_w.l(rtexit2.o)
    0x080002ec   0x00000004   Code   RO         5400    .ARM.Collect$$rtexit$$00000003  c_w.l(rtexit2.o)
    0x080002f0   0x00000006   Code   RO         5401    .ARM.Collect$$rtexit$$00000004  c_w.l(rtexit2.o)
    0x080002f6   0x00000002   PAD
    0x080002f8   0x00000000   Code   RO         5405    .emb_text           c_w.l(maybetermalloc1.o)
    0x080002f8   0x00000040   Code   RO            4    .text               startup_stm32f765xx.o
    0x08000338   0x000000ee   Code   RO         5097    .text               c_w.l(lludivv7m.o)
    0x08000426   0x00000002   PAD
    0x08000428   0x00000018   Code   RO         5101    .text               c_w.l(noretval__2printf.o)
    0x08000440   0x00000068   Code   RO         5103    .text               c_w.l(__printf.o)
    0x080004a8   0x00000052   Code   RO         5105    .text               c_w.l(_printf_str.o)
    0x080004fa   0x00000002   PAD
    0x080004fc   0x00000078   Code   RO         5107    .text               c_w.l(_printf_dec.o)
    0x08000574   0x0000008a   Code   RO         5133    .text               c_w.l(rt_memcpy_v6.o)
    0x080005fe   0x00000064   Code   RO         5135    .text               c_w.l(rt_memcpy_w.o)
    0x08000662   0x0000004e   Code   RO         5137    .text               c_w.l(rt_memclr_w.o)
    0x080006b0   0x00000006   Code   RO         5139    .text               c_w.l(heapauxi.o)
    0x080006b6   0x000000b2   Code   RO         5148    .text               c_w.l(_printf_intcommon.o)
    0x08000768   0x0000002c   Code   RO         5150    .text               c_w.l(_printf_char.o)
    0x08000794   0x00000024   Code   RO         5152    .text               c_w.l(_printf_char_file.o)
    0x080007b8   0x00000030   Code   RO         5178    .text               c_w.l(_printf_char_common.o)
    0x080007e8   0x00000008   Code   RO         5180    .text               c_w.l(ferror.o)
    0x080007f0   0x00000138   Code   RO         5182    .text               c_w.l(initio.o)
    0x08000928   0x00000066   Code   RO         5188    .text               c_w.l(sys_io.o)
    0x0800098e   0x0000004a   Code   RO         5195    .text               c_w.l(sys_stackheap_outer.o)
    0x080009d8   0x0000004e   Code   RO         5199    .text               c_w.l(h1_free.o)
    0x08000a26   0x00000046   Code   RO         5255    .text               c_w.l(setvbuf.o)
    0x08000a6c   0x000000ec   Code   RO         5258    .text               c_w.l(fopen.o)
    0x08000b58   0x0000004c   Code   RO         5260    .text               c_w.l(fclose.o)
    0x08000ba4   0x00000012   Code   RO         5266    .text               c_w.l(exit.o)
    0x08000bb6   0x0000000e   Code   RO         5272    .text               c_w.l(defsig_rtred_outer.o)
    0x08000bc4   0x00000008   Code   RO         5343    .text               c_w.l(libspace.o)
    0x08000bcc   0x00000002   Code   RO         5346    .text               c_w.l(use_no_semi.o)
    0x08000bce   0x00000000   Code   RO         5348    .text               c_w.l(indicate_semi.o)
    0x08000bce   0x00000002   PAD
    0x08000bd0   0x00000008   Code   RO         5356    .text               c_w.l(rt_heap_descriptor_intlibspace.o)
    0x08000bd8   0x00000004   Code   RO         5358    .text               c_w.l(hguard.o)
    0x08000bdc   0x0000008a   Code   RO         5360    .text               c_w.l(init_alloc.o)
    0x08000c66   0x0000005e   Code   RO         5366    .text               c_w.l(h1_alloc.o)
    0x08000cc4   0x000000f8   Code   RO         5380    .text               c_w.l(fseek.o)
    0x08000dbc   0x000000f0   Code   RO         5382    .text               c_w.l(stdio.o)
    0x08000eac   0x0000000a   Code   RO         5384    .text               c_w.l(defsig_exit.o)
    0x08000eb6   0x00000002   PAD
    0x08000eb8   0x00000034   Code   RO         5388    .text               c_w.l(defsig_rtred_inner.o)
    0x08000eec   0x0000003e   Code   RO         5390    .text               c_w.l(strlen.o)
    0x08000f2a   0x00000002   PAD
    0x08000f2c   0x0000000c   Code   RO         5396    .text               c_w.l(sys_exit.o)
    0x08000f38   0x0000000e   Code   RO         5407    .text               c_w.l(h1_init.o)
    0x08000f46   0x00000034   Code   RO         5409    .text               c_w.l(h1_extend.o)
    0x08000f7a   0x00000042   Code   RO         5415    .text               c_w.l(ftell.o)
    0x08000fbc   0x00000032   Code   RO         5419    .text               c_w.l(defsig_general.o)
    0x08000fee   0x0000000e   Code   RO         5421    .text               c_w.l(defsig_rtmem_outer.o)
    0x08000ffc   0x0000000e   Code   RO         5434    .text               c_w.l(sys_wrch.o)
    0x0800100a   0x00000002   PAD
    0x0800100c   0x00000008   Code   RO         5441    .text               c_w.l(rt_errno_addr_intlibspace.o)
    0x08001014   0x00000050   Code   RO         5447    .text               c_w.l(defsig_rtmem_inner.o)
    0x08001064   0x00000138   Code   RO         1582    i.ADC_Init          stm32f7xx_hal_adc.o
    0x0800119c   0x00000010   Code   RO           13    i.BEEP_OFF          beep.o
    0x080011ac   0x00000010   Code   RO           14    i.BEEP_ON           beep.o
    0x080011bc   0x00000028   Code   RO          580    i.BSP_USART_SendArray_LL  uart_api.o
    0x080011e4   0x00000018   Code   RO          581    i.BSP_USART_SendData_LL  uart_api.o
    0x080011fc   0x00000016   Code   RO          582    i.BSP_USART_StartIT_LL  uart_api.o
    0x08001212   0x00000028   Code   RO         1032    i.Back_to_Center    main.o
    0x0800123a   0x00000002   Code   RO         1377    i.BusFault_Handler  stm32f7xx_it.o
    0x0800123c   0x00000002   Code   RO         1378    i.DebugMon_Handler  stm32f7xx_it.o
    0x0800123e   0x00000002   PAD
    0x08001240   0x0000006c   Code   RO          225    i.Device_Init       flycontrol.o
    0x080012ac   0x00000004   Code   RO         1036    i.Error_Handler     main.o
    0x080012b0   0x00000014   Code   RO          227    i.Go_ahead          flycontrol.o
    0x080012c4   0x00000014   Code   RO          228    i.Go_back           flycontrol.o
    0x080012d8   0x00000014   Code   RO          229    i.Go_left           flycontrol.o
    0x080012ec   0x00000014   Code   RO          230    i.Go_right          flycontrol.o
    0x08001300   0x000001c0   Code   RO         1584    i.HAL_ADC_ConfigChannel  stm32f7xx_hal_adc.o
    0x080014c0   0x00000054   Code   RO         1593    i.HAL_ADC_Init      stm32f7xx_hal_adc.o
    0x08001514   0x00000060   Code   RO         1502    i.HAL_ADC_MspInit   stm32f7xx_hal_msp.o
    0x08001574   0x00000024   Code   RO         2769    i.HAL_Delay         stm32f7xx_hal.o
    0x08001598   0x00000248   Code   RO         2201    i.HAL_GPIO_Init     stm32f7xx_hal_gpio.o
    0x080017e0   0x0000000a   Code   RO         2203    i.HAL_GPIO_ReadPin  stm32f7xx_hal_gpio.o
    0x080017ea   0x00000010   Code   RO         2204    i.HAL_GPIO_TogglePin  stm32f7xx_hal_gpio.o
    0x080017fa   0x0000000a   Code   RO         2205    i.HAL_GPIO_WritePin  stm32f7xx_hal_gpio.o
    0x08001804   0x0000000c   Code   RO         2779    i.HAL_GetTick       stm32f7xx_hal.o
    0x08001810   0x00000058   Code   RO         3434    i.HAL_I2CEx_ConfigAnalogFilter  stm32f7xx_hal_i2c_ex.o
    0x08001868   0x00000054   Code   RO         3435    i.HAL_I2CEx_ConfigDigitalFilter  stm32f7xx_hal_i2c_ex.o
    0x080018bc   0x000000b8   Code   RO         2983    i.HAL_I2C_Init      stm32f7xx_hal_i2c.o
    0x08001974   0x00000114   Code   RO         1504    i.HAL_I2C_MspInit   stm32f7xx_hal_msp.o
    0x08001a88   0x00000010   Code   RO         2785    i.HAL_IncTick       stm32f7xx_hal.o
    0x08001a98   0x00000016   Code   RO         2786    i.HAL_Init          stm32f7xx_hal.o
    0x08001aae   0x00000002   PAD
    0x08001ab0   0x00000040   Code   RO         2787    i.HAL_InitTick      stm32f7xx_hal.o
    0x08001af0   0x0000005c   Code   RO         2627    i.HAL_MPU_ConfigRegion  stm32f7xx_hal_cortex.o
    0x08001b4c   0x0000001c   Code   RO         2628    i.HAL_MPU_Disable   stm32f7xx_hal_cortex.o
    0x08001b68   0x00000024   Code   RO         2629    i.HAL_MPU_Enable    stm32f7xx_hal_cortex.o
    0x08001b8c   0x00000030   Code   RO         1505    i.HAL_MspInit       stm32f7xx_hal_msp.o
    0x08001bbc   0x0000001a   Code   RO         2632    i.HAL_NVIC_EnableIRQ  stm32f7xx_hal_cortex.o
    0x08001bd6   0x00000002   PAD
    0x08001bd8   0x00000040   Code   RO         2638    i.HAL_NVIC_SetPriority  stm32f7xx_hal_cortex.o
    0x08001c18   0x00000024   Code   RO         2639    i.HAL_NVIC_SetPriorityGrouping  stm32f7xx_hal_cortex.o
    0x08001c3c   0x0000006c   Code   RO         2541    i.HAL_PWREx_EnableOverDrive  stm32f7xx_hal_pwr_ex.o
    0x08001ca8   0x00000504   Code   RO         1962    i.HAL_RCCEx_PeriphCLKConfig  stm32f7xx_hal_rcc_ex.o
    0x080021ac   0x00000130   Code   RO         1855    i.HAL_RCC_ClockConfig  stm32f7xx_hal_rcc.o
    0x080022dc   0x00000064   Code   RO         1864    i.HAL_RCC_GetSysClockFreq  stm32f7xx_hal_rcc.o
    0x08002340   0x00000398   Code   RO         1867    i.HAL_RCC_OscConfig  stm32f7xx_hal_rcc.o
    0x080026d8   0x00000026   Code   RO         2643    i.HAL_SYSTICK_Config  stm32f7xx_hal_cortex.o
    0x080026fe   0x00000002   Code   RO         4613    i.HAL_TIMEx_Break2Callback  stm32f7xx_hal_tim_ex.o
    0x08002700   0x00000002   Code   RO         4614    i.HAL_TIMEx_BreakCallback  stm32f7xx_hal_tim_ex.o
    0x08002702   0x00000002   Code   RO         4615    i.HAL_TIMEx_CommutCallback  stm32f7xx_hal_tim_ex.o
    0x08002704   0x000000a4   Code   RO         4635    i.HAL_TIMEx_MasterConfigSynchronization  stm32f7xx_hal_tim_ex.o
    0x080027a8   0x00000062   Code   RO         3899    i.HAL_TIM_Base_Init  stm32f7xx_hal_tim.o
    0x0800280a   0x00000002   PAD
    0x0800280c   0x00000060   Code   RO         1507    i.HAL_TIM_Base_MspInit  stm32f7xx_hal_msp.o
    0x0800286c   0x0000008c   Code   RO         3904    i.HAL_TIM_Base_Start_IT  stm32f7xx_hal_tim.o
    0x080028f8   0x00000030   Code   RO         3907    i.HAL_TIM_Base_Stop_IT  stm32f7xx_hal_tim.o
    0x08002928   0x000000e0   Code   RO         3908    i.HAL_TIM_ConfigClockSource  stm32f7xx_hal_tim.o
    0x08002a08   0x00000540   Code   RO         1037    i.HAL_TIM_IC_CaptureCallback  main.o
    0x08002f48   0x00000122   Code   RO         3935    i.HAL_TIM_IC_ConfigChannel  stm32f7xx_hal_tim.o
    0x0800306a   0x00000062   Code   RO         3938    i.HAL_TIM_IC_Init   stm32f7xx_hal_tim.o
    0x080030cc   0x000000c8   Code   RO         1509    i.HAL_TIM_IC_MspInit  stm32f7xx_hal_msp.o
    0x08003194   0x00000144   Code   RO         3943    i.HAL_TIM_IC_Start_IT  stm32f7xx_hal_tim.o
    0x080032d8   0x000000b6   Code   RO         3946    i.HAL_TIM_IC_Stop_IT  stm32f7xx_hal_tim.o
    0x0800338e   0x00000182   Code   RO         3947    i.HAL_TIM_IRQHandler  stm32f7xx_hal_tim.o
    0x08003510   0x000000c0   Code   RO         1510    i.HAL_TIM_MspPostInit  stm32f7xx_hal_msp.o
    0x080035d0   0x00000002   Code   RO         3950    i.HAL_TIM_OC_DelayElapsedCallback  stm32f7xx_hal_tim.o
    0x080035d2   0x00000124   Code   RO         3971    i.HAL_TIM_PWM_ConfigChannel  stm32f7xx_hal_tim.o
    0x080036f6   0x00000062   Code   RO         3974    i.HAL_TIM_PWM_Init  stm32f7xx_hal_tim.o
    0x08003758   0x00000002   Code   RO         3976    i.HAL_TIM_PWM_MspInit  stm32f7xx_hal_tim.o
    0x0800375a   0x00000002   Code   RO         3977    i.HAL_TIM_PWM_PulseFinishedCallback  stm32f7xx_hal_tim.o
    0x0800375c   0x000000f8   Code   RO         3979    i.HAL_TIM_PWM_Start  stm32f7xx_hal_tim.o
    0x08003854   0x000000b0   Code   RO         1038    i.HAL_TIM_PeriodElapsedCallback  main.o
    0x08003904   0x0000002c   Code   RO         3987    i.HAL_TIM_ReadCapturedValue  stm32f7xx_hal_tim.o
    0x08003930   0x00000002   Code   RO         3990    i.HAL_TIM_TriggerCallback  stm32f7xx_hal_tim.o
    0x08003932   0x00000002   Code   RO         1379    i.HardFault_Handler  stm32f7xx_it.o
    0x08003934   0x0000011c   Code   RO          411    i.KeyScanning       key.o
    0x08003a50   0x0000000c   Code   RO          444    i.LED1_Flash        led.o
    0x08003a5c   0x00000010   Code   RO          445    i.LED1_Off          led.o
    0x08003a6c   0x0000000c   Code   RO          448    i.LED2_Flash        led.o
    0x08003a78   0x00000010   Code   RO          449    i.LED2_Off          led.o
    0x08003a88   0x0000000c   Code   RO          452    i.LED3_Flash        led.o
    0x08003a94   0x00000010   Code   RO          453    i.LED3_Off          led.o
    0x08003aa4   0x00000004   Code   RO          456    i.LED_B_Flash       led.o
    0x08003aa8   0x00000004   Code   RO          457    i.LED_B_Off         led.o
    0x08003aac   0x00000004   Code   RO          459    i.LED_G_Flash       led.o
    0x08003ab0   0x00000004   Code   RO          460    i.LED_G_Off         led.o
    0x08003ab4   0x00000004   Code   RO          462    i.LED_R_Flash       led.o
    0x08003ab8   0x00000004   Code   RO          463    i.LED_R_Off         led.o
    0x08003abc   0x00000018   Code   RO         1039    i.LL_AHB1_GRP1_EnableClock  main.o
    0x08003ad4   0x00000018   Code   RO         1040    i.LL_APB1_GRP1_EnableClock  main.o
    0x08003aec   0x00000140   Code   RO         4965    i.LL_GPIO_Init      stm32f7xx_ll_gpio.o
    0x08003c2c   0x000000bc   Code   RO         3561    i.LL_RCC_GetUARTClockFreq  stm32f7xx_ll_rcc.o
    0x08003ce8   0x00000010   Code   RO         3562    i.LL_RCC_GetUARTClockSource  stm32f7xx_ll_rcc.o
    0x08003cf8   0x000000bc   Code   RO         3563    i.LL_RCC_GetUSARTClockFreq  stm32f7xx_ll_rcc.o
    0x08003db4   0x00000010   Code   RO         3564    i.LL_RCC_GetUSARTClockSource  stm32f7xx_ll_rcc.o
    0x08003dc4   0x00000010   Code   RO         3566    i.LL_RCC_HSI_IsReady  stm32f7xx_ll_rcc.o
    0x08003dd4   0x00000010   Code   RO         3567    i.LL_RCC_LSE_IsReady  stm32f7xx_ll_rcc.o
    0x08003de4   0x00000010   Code   RO         3570    i.LL_RCC_PLL_GetDivider  stm32f7xx_ll_rcc.o
    0x08003df4   0x00000010   Code   RO         3571    i.LL_RCC_PLL_GetMainSource  stm32f7xx_ll_rcc.o
    0x08003e04   0x00000012   Code   RO         1041    i.LL_USART_ConfigAsyncMode  main.o
    0x08003e16   0x00000002   PAD
    0x08003e18   0x00000104   Code   RO         4903    i.LL_USART_Init     stm32f7xx_ll_usart.o
    0x08003f1c   0x000000d0   Code   RO          232    i.Loiter            flycontrol.o
    0x08003fec   0x00000064   Code   RO         1043    i.MX_ADC1_Init      main.o
    0x08004050   0x000000e8   Code   RO         1044    i.MX_GPIO_Init      main.o
    0x08004138   0x00000054   Code   RO         1045    i.MX_I2C1_Init      main.o
    0x0800418c   0x00000054   Code   RO         1046    i.MX_I2C3_Init      main.o
    0x080041e0   0x000000c8   Code   RO         1047    i.MX_TIM2_Init      main.o
    0x080042a8   0x000000cc   Code   RO         1048    i.MX_TIM3_Init      main.o
    0x08004374   0x0000009c   Code   RO         1049    i.MX_TIM4_Init      main.o
    0x08004410   0x0000009c   Code   RO         1050    i.MX_TIM5_Init      main.o
    0x080044ac   0x000000cc   Code   RO         1051    i.MX_UART5_Init     main.o
    0x08004578   0x000000d8   Code   RO         1052    i.MX_USART1_UART_Init  main.o
    0x08004650   0x000000cc   Code   RO         1053    i.MX_USART2_UART_Init  main.o
    0x0800471c   0x000000cc   Code   RO         1054    i.MX_USART3_UART_Init  main.o
    0x080047e8   0x00000002   Code   RO         1380    i.MemManage_Handler  stm32f7xx_it.o
    0x080047ea   0x00000002   Code   RO         1381    i.NMI_Handler       stm32f7xx_it.o
    0x080047ec   0x00000032   Code   RO         1055    i.NVIC_EncodePriority  main.o
    0x0800481e   0x00000074   Code   RO          233    i.PIDCalc           flycontrol.o
    0x08004892   0x00000002   PAD
    0x08004894   0x00000064   Code   RO          234    i.PIDInit           flycontrol.o
    0x080048f8   0x00000002   Code   RO         1382    i.PendSV_Handler    stm32f7xx_it.o
    0x080048fa   0x00000002   PAD
    0x080048fc   0x000001ec   Code   RO         1057    i.PrintfHardInfo    main.o
    0x08004ae8   0x00000154   Code   RO         1058    i.PrintfLogo        main.o
    0x08004c3c   0x0000001c   Code   RO         3573    i.RCC_GetHCLKClockFreq  stm32f7xx_ll_rcc.o
    0x08004c58   0x0000001c   Code   RO         3574    i.RCC_GetPCLK1ClockFreq  stm32f7xx_ll_rcc.o
    0x08004c74   0x0000001c   Code   RO         3575    i.RCC_GetPCLK2ClockFreq  stm32f7xx_ll_rcc.o
    0x08004c90   0x00000028   Code   RO         3576    i.RCC_GetSystemClockFreq  stm32f7xx_ll_rcc.o
    0x08004cb8   0x00000044   Code   RO         3583    i.RCC_PLL_GetFreqDomain_SYS  stm32f7xx_ll_rcc.o
    0x08004cfc   0x0000003c   Code   RO         1060    i.RC_Read           main.o
    0x08004d38   0x00000048   Code   RO          235    i.RC_bridge         flycontrol.o
    0x08004d80   0x0000009c   Code   RO          236    i.RC_bridge_Test    flycontrol.o
    0x08004e1c   0x00000002   Code   RO         1383    i.SVC_Handler       stm32f7xx_it.o
    0x08004e1e   0x00000002   PAD
    0x08004e20   0x0000000c   Code   RO          237    i.Set_PWM_Mode      flycontrol.o
    0x08004e2c   0x00000008   Code   RO          238    i.Set_PWM_Pitch     flycontrol.o
    0x08004e34   0x00000008   Code   RO          239    i.Set_PWM_Roll      flycontrol.o
    0x08004e3c   0x00000008   Code   RO          240    i.Set_PWM_Thr       flycontrol.o
    0x08004e44   0x00000008   Code   RO          241    i.Set_PWM_Yaw       flycontrol.o
    0x08004e4c   0x00000004   Code   RO         1384    i.SysTick_Handler   stm32f7xx_it.o
    0x08004e50   0x000000a4   Code   RO         1061    i.SystemClock_Config  main.o
    0x08004ef4   0x00000010   Code   RO         5061    i.SystemInit        system_stm32f7xx.o
    0x08004f04   0x0000000c   Code   RO         1385    i.TIM2_IRQHandler   stm32f7xx_it.o
    0x08004f10   0x0000001c   Code   RO         1062    i.TIM2_Set          main.o
    0x08004f2c   0x0000000c   Code   RO         1386    i.TIM3_IRQHandler   stm32f7xx_it.o
    0x08004f38   0x0000001c   Code   RO         1063    i.TIM3_Set          main.o
    0x08004f54   0x0000000c   Code   RO         1387    i.TIM4_IRQHandler   stm32f7xx_it.o
    0x08004f60   0x0000000c   Code   RO         1388    i.TIM5_IRQHandler   stm32f7xx_it.o
    0x08004f6c   0x0000001c   Code   RO         1064    i.TIM5_Set          main.o
    0x08004f88   0x000000cc   Code   RO         3992    i.TIM_Base_SetConfig  stm32f7xx_hal_tim.o
    0x08005054   0x0000001a   Code   RO         3993    i.TIM_CCxChannelCmd  stm32f7xx_hal_tim.o
    0x0800506e   0x00000012   Code   RO         4003    i.TIM_ETR_SetConfig  stm32f7xx_hal_tim.o
    0x08005080   0x00000010   Code   RO         4004    i.TIM_ITRx_SetConfig  stm32f7xx_hal_tim.o
    0x08005090   0x00000074   Code   RO         4005    i.TIM_OC1_SetConfig  stm32f7xx_hal_tim.o
    0x08005104   0x00000078   Code   RO         4006    i.TIM_OC2_SetConfig  stm32f7xx_hal_tim.o
    0x0800517c   0x00000078   Code   RO         4007    i.TIM_OC3_SetConfig  stm32f7xx_hal_tim.o
    0x080051f4   0x00000058   Code   RO         4008    i.TIM_OC4_SetConfig  stm32f7xx_hal_tim.o
    0x0800524c   0x00000058   Code   RO         4009    i.TIM_OC5_SetConfig  stm32f7xx_hal_tim.o
    0x080052a4   0x00000058   Code   RO         4010    i.TIM_OC6_SetConfig  stm32f7xx_hal_tim.o
    0x080052fc   0x00000022   Code   RO         4012    i.TIM_TI1_ConfigInputStage  stm32f7xx_hal_tim.o
    0x0800531e   0x00000002   PAD
    0x08005320   0x00000080   Code   RO         4013    i.TIM_TI1_SetConfig  stm32f7xx_hal_tim.o
    0x080053a0   0x00000024   Code   RO         4014    i.TIM_TI2_ConfigInputStage  stm32f7xx_hal_tim.o
    0x080053c4   0x00000036   Code   RO         4015    i.TIM_TI2_SetConfig  stm32f7xx_hal_tim.o
    0x080053fa   0x00000002   Code   RO         1389    i.UART5_IRQHandler  stm32f7xx_it.o
    0x080053fc   0x00000002   Code   RO         1390    i.USART1_IRQHandler  stm32f7xx_it.o
    0x080053fe   0x00000002   Code   RO         1391    i.USART2_IRQHandler  stm32f7xx_it.o
    0x08005400   0x00000002   Code   RO         1392    i.USART3_IRQHandler  stm32f7xx_it.o
    0x08005402   0x00000002   PAD
    0x08005404   0x0000008c   Code   RO          246    i.Unlock            flycontrol.o
    0x08005490   0x00000002   Code   RO         1393    i.UsageFault_Handler  stm32f7xx_it.o
    0x08005492   0x0000001a   Code   RO         1066    i.__NVIC_EnableIRQ  main.o
    0x080054ac   0x00000010   Code   RO         1067    i.__NVIC_GetPriorityGrouping  main.o
    0x080054bc   0x00000022   Code   RO         1068    i.__NVIC_SetPriority  main.o
    0x080054de   0x00000022   Code   RO         2645    i.__NVIC_SetPriority  stm32f7xx_hal_cortex.o
    0x08005500   0x0000001c   Code   RO         1069    i.crc_accumulate    main.o
    0x0800551c   0x00000074   Code   RO          179    i.encodeDecode_Analysis  encodeddecoder.o
    0x08005590   0x00000014   Code   RO         1073    i.fputc             main.o
    0x080055a4   0x00000448   Code   RO         1076    i.main              main.o
    0x080059ec   0x00000096   Code   RO         1077    i.mavlink_finalize_message_chan  main.o
    0x08005a82   0x00000002   PAD
    0x08005a84   0x00000010   Code   RO         1078    i.mavlink_get_channel_status  main.o
    0x08005a94   0x00000026   Code   RO         1080    i.mavlink_msg_to_send_buffer  main.o
    0x08005aba   0x0000000a   Code   RO         5394    x$fpl$fpinit        fz_wv.l(fpinit.o)
    0x08005ac4   0x00000010   Data   RO         5062    .constdata          system_stm32f7xx.o
    0x08005ad4   0x00000008   Data   RO         5063    .constdata          system_stm32f7xx.o
    0x08005adc   0x00000004   Data   RO         5189    .constdata          c_w.l(sys_io.o)
    0x08005ae0   0x00000004   Data   RO         5190    .constdata          c_w.l(sys_io.o)
    0x08005ae4   0x00000004   Data   RO         5191    .constdata          c_w.l(sys_io.o)
    0x08005ae8   0x000000f4   Data   RO         1084    .conststring        main.o
    0x08005bdc   0x00000020   Data   RO         5470    Region$$Table       anon$$obj.o


    Execution Region RW_IRAM1 (Base: 0x20000000, Size: 0x00001268, Max: 0x00080000, ABSOLUTE, COMPRESSED[0x00000030])

    Base Addr    Size         Type   Attr      Idx    E Section Name        Object

    0x20000000   0x00000038   Data   RW          251    .data               flycontrol.o
    0x20000038   0x00000001   Data   RW          412    .data               key.o
    0x20000039   0x00000003   PAD
    0x2000003c   0x000000df   Data   RW         1085    .data               main.o
    0x2000011b   0x00000001   PAD
    0x2000011c   0x0000000c   Data   RW         2793    .data               stm32f7xx_hal.o
    0x20000128   0x00000004   Data   RW         5064    .data               system_stm32f7xx.o
    0x2000012c   0x00000004   Data   RW         5158    .data               c_w.l(stdio_streams.o)
    0x20000130   0x00000004   Data   RW         5159    .data               c_w.l(stdio_streams.o)
    0x20000134   0x00000004   Data   RW         5160    .data               c_w.l(stdio_streams.o)
    0x20000138   0x00000018   Zero   RW          180    .bss                encodeddecoder.o
    0x20000150   0x00000040   Zero   RW          249    .bss                flycontrol.o
    0x20000190   0x00000978   Zero   RW         1082    .bss                main.o
    0x20000b08   0x00000054   Zero   RW         5155    .bss                c_w.l(stdio_streams.o)
    0x20000b5c   0x00000054   Zero   RW         5156    .bss                c_w.l(stdio_streams.o)
    0x20000bb0   0x00000054   Zero   RW         5157    .bss                c_w.l(stdio_streams.o)
    0x20000c04   0x00000060   Zero   RW         5344    .bss                c_w.l(libspace.o)
    0x20000c64   0x00000004   PAD
    0x20000c68   0x00000200   Zero   RW            2    HEAP                startup_stm32f765xx.o
    0x20000e68   0x00000400   Zero   RW            1    STACK               startup_stm32f765xx.o


==============================================================================

Image component sizes


      Code (inc. data)   RO Data    RW Data    ZI Data      Debug   Object Name

        32         12          0          0          0     872693   beep.o
       116          4          0          0         24       3433   encodeddecoder.o
      1024        244          0         56         64      13553   flycontrol.o
       284         72          0          1          0        782   key.o
       108         30          0          0          0       5796   led.o
      6288       1030        244        223       2424     101286   main.o
         0          0          0          0          0       3304   mav_altitude_decode.o
        64         26        504          0       1536        856   startup_stm32f765xx.o
       150         24          0         12          0       9273   stm32f7xx_hal.o
       844         30          0          0          0       2911   stm32f7xx_hal_adc.o
       354         28          0          0          0      41265   stm32f7xx_hal_cortex.o
       620         54          0          0          0       3628   stm32f7xx_hal_gpio.o
       184          4          0          0          0       2967   stm32f7xx_hal_i2c.o
       172          0          0          0          0       2003   stm32f7xx_hal_i2c_ex.o
       908         94          0          0          0       5052   stm32f7xx_hal_msp.o
       108          8          0          0          0       1288   stm32f7xx_hal_pwr_ex.o
      1324         46          0          0          0       4042   stm32f7xx_hal_rcc.o
      1284         22          0          0          0       2316   stm32f7xx_hal_rcc_ex.o
      3616        254          0          0          0      25100   stm32f7xx_hal_tim.o
       170         30          0          0          0       3136   stm32f7xx_hal_tim_ex.o
        76         24          0          0          0       8073   stm32f7xx_it.o
       320          0          0          0          0       7235   stm32f7xx_ll_gpio.o
       664        106          0          0          0      51559   stm32f7xx_ll_rcc.o
       260         36          0          0          0      21684   stm32f7xx_ll_usart.o
        16          4         24          4          0       1163   system_stm32f7xx.o
        86          0          0          0          0      20832   uart_api.o

    ----------------------------------------------------------------------
     19094       2182        804        300       4048    1215230   Object Totals
         0          0         32          0          0          0   (incl. Generated)
        22          0          0          4          0          0   (incl. Padding)

    ----------------------------------------------------------------------

      Code (inc. data)   RO Data    RW Data    ZI Data      Debug   Library Member Name

        90          0          0          0          0          0   __dczerorl2.o
         8          0          0          0          0         68   __main.o
       104          0          0          0          0         84   __printf.o
         0          0          0          0          0          0   __rtentry.o
        12          0          0          0          0          0   __rtentry2.o
         6          0          0          0          0          0   __rtentry4.o
        52          8          0          0          0          0   __scatter.o
        28          0          0          0          0          0   __scatter_zi.o
        44          0          0          0          0        108   _printf_char.o
        48          6          0          0          0         96   _printf_char_common.o
        36          4          0          0          0         80   _printf_char_file.o
         6          0          0          0          0          0   _printf_d.o
       120         16          0          0          0         92   _printf_dec.o
       178          0          0          0          0         88   _printf_intcommon.o
         0          0          0          0          0          0   _printf_percent.o
         4          0          0          0          0          0   _printf_percent_end.o
         6          0          0          0          0          0   _printf_s.o
        82          0          0          0          0         80   _printf_str.o
        10          0          0          0          0         68   defsig_exit.o
        50          0          0          0          0         88   defsig_general.o
        80         58          0          0          0         76   defsig_rtmem_inner.o
        14          0          0          0          0         80   defsig_rtmem_outer.o
        52         38          0          0          0         76   defsig_rtred_inner.o
        14          0          0          0          0         80   defsig_rtred_outer.o
        18          0          0          0          0         80   exit.o
        76          0          0          0          0         88   fclose.o
         8          0          0          0          0         68   ferror.o
       236          4          0          0          0        128   fopen.o
       248          6          0          0          0         84   fseek.o
        66          0          0          0          0         76   ftell.o
        94          0          0          0          0         80   h1_alloc.o
        52          0          0          0          0         68   h1_extend.o
        78          0          0          0          0         80   h1_free.o
        14          0          0          0          0         84   h1_init.o
         6          0          0          0          0        152   heapauxi.o
         4          0          0          0          0        136   hguard.o
         0          0          0          0          0          0   indicate_semi.o
       138          0          0          0          0        168   init_alloc.o
       312         46          0          0          0        112   initio.o
         2          0          0          0          0          0   libinit.o
        18          0          0          0          0          0   libinit2.o
         2          0          0          0          0          0   libshutdown.o
         6          0          0          0          0          0   libshutdown2.o
         8          4          0          0         96         68   libspace.o
       238          0          0          0          0        100   lludivv7m.o
         0          0          0          0          0          0   maybetermalloc1.o
        24          4          0          0          0         84   noretval__2printf.o
         8          4          0          0          0         68   rt_errno_addr_intlibspace.o
         8          4          0          0          0         68   rt_heap_descriptor_intlibspace.o
        78          0          0          0          0         80   rt_memclr_w.o
       138          0          0          0          0         68   rt_memcpy_v6.o
       100          0          0          0          0         80   rt_memcpy_w.o
         2          0          0          0          0          0   rtexit.o
        10          0          0          0          0          0   rtexit2.o
        70          0          0          0          0         80   setvbuf.o
       240          6          0          0          0        156   stdio.o
         0          0          0         12        252          0   stdio_streams.o
        62          0          0          0          0         76   strlen.o
        12          4          0          0          0         68   sys_exit.o
       102          0         12          0          0        240   sys_io.o
        74          0          0          0          0         80   sys_stackheap_outer.o
        14          0          0          0          0         76   sys_wrch.o
         2          0          0          0          0         68   use_no_semi.o
        10          0          0          0          0        116   fpinit.o

    ----------------------------------------------------------------------
      3638        212         12         12        352       4144   Library Totals
        16          0          0          0          4          0   (incl. Padding)

    ----------------------------------------------------------------------

      Code (inc. data)   RO Data    RW Data    ZI Data      Debug   Library Name

      3612        212         12         12        348       4028   c_w.l
        10          0          0          0          0        116   fz_wv.l

    ----------------------------------------------------------------------
      3638        212         12         12        352       4144   Library Totals

    ----------------------------------------------------------------------

==============================================================================


      Code (inc. data)   RO Data    RW Data    ZI Data      Debug   

     22732       2394        816        312       4400    1200842   Grand Totals
     22732       2394        816         48       4400    1200842   ELF Image Totals (compressed)
     22732       2394        816         48          0          0   ROM Totals

==============================================================================

    Total RO  Size (Code + RO Data)                23548 (  23.00kB)
    Total RW  Size (RW Data + ZI Data)              4712 (   4.60kB)
    Total ROM Size (Code + RO Data + RW Data)      23596 (  23.04kB)

==============================================================================

