<html>
<body>
<pre>
<h1>µVision Build Log</h1>
<h2>Tool Versions:</h2>
IDE-Version: ¦ÌVision V5.18.0.0
Copyright (C) 2016 ARM Ltd and ARM Germany GmbH. All rights reserved.
License Information: 111 2041729, HP Inc., LIC=8MZI6-D03RV-RFBIZ-JKM6B-BNK03-W4AMQ
 
Tool Versions:
Toolchain:       MDK-ARM Professional  Version: 5.18
Toolchain Path:  D:\Tools\Keil_v5\ARM\ARMCC\Bin
C Compiler:      Armcc.exe V5.06 update 1 (build 61)
Assembler:       Armasm.exe V5.06 update 1 (build 61)
Linker/Locator:  ArmLink.exe V5.06 update 1 (build 61)
Library Manager: ArmAr.exe V5.06 update 1 (build 61)
Hex Converter:   FromElf.exe V5.06 update 1 (build 61)
CPU DLL:         SARMCM3.DLL V5.18
Dialog DLL:      DCM.DLL V1.13.6.0
Target DLL:      STLink\ST-LINKIII-KEIL_SWO.dll V2.0.18.0
Dialog DLL:      TCM.DLL V1.14.8.0
 
<h2>Project:</h2>
C:\Users\20417\Desktop\FlyAssistant\FlyAssistant\MDK-ARM\FlyAssistant.uvprojx
Project File Date:  04/12/2022

<h2>Output:</h2>
*** Using Compiler 'V5.06 update 1 (build 61)', folder: 'D:\Tools\Keil_v5\ARM\ARMCC\Bin'
Build target 'FlyAssistant'
assembling startup_stm32f765xx.s...
compiling uart_api.c...
compiling stm32f7xx_hal_adc.c...
compiling MAV_Altitude_Decode.c...
compiling led.c...
compiling encodedDecoder.c...
compiling beep.c...
compiling flyControl.c...
compiling stm32f7xx_it.c...
compiling key.c...
compiling stm32f7xx_hal_msp.c...
compiling stm32f7xx_hal_adc_ex.c...
compiling main.c...
../Core/Src/main.c(230): warning:  #177-D: variable "decodetimer" was declared but never referenced
  	uint32_t decodetimer;
../Core/Src/main.c(233): warning:  #177-D: variable "msg1" was declared but never referenced
  	mavlink_message_t msg1;
../Core/Src/main.c(234): warning:  #177-D: variable "msg2" was declared but never referenced
  	mavlink_message_t msg2;
../Core/Src/main.c(235): warning:  #177-D: variable "msg_tmp" was declared but never referenced
  	mavlink_message_t msg_tmp;
../Core/Src/main.c(236): warning:  #177-D: variable "msg_altitude" was declared but never referenced
  	mavlink_message_t msg_altitude;
../Core/Src/main.c(1495): warning:  #1035-D: single-precision operand implicitly converted to double-precision
  	out_Data  = 0.7*IN_Data+0.3*last_Data;
../Core/Src/main.c(1495): warning:  #1035-D: single-precision operand implicitly converted to double-precision
  	out_Data  = 0.7*IN_Data+0.3*last_Data;
../Core/Src/main.c(1521): warning:  #177-D: variable "msg" was declared but never referenced
  	mavlink_message_t msg;
../Core/Src/main.c(1522): warning:  #177-D: variable "status" was declared but never referenced
  	mavlink_status_t status;
../Core/Src/main.c(2077): warning:  #550-D: variable "len" was set but never used
  	uint16_t len;	
../Core/Src/main.c(2108): warning:  #550-D: variable "len" was set but never used
  	uint16_t len;
../Core/Src/main.c(85): warning:  #177-D: variable "MAVLink_message_length" was declared but never referenced
  static int MAVLink_message_length = 0;
../Core/Src/main.c(86): warning:  #177-D: variable "packet" was declared but never referenced
  static mavlink_distance_sensor_t packet;
../Core/Src/main.c(87): warning:  #177-D: variable "height" was declared but never referenced
  static float height = 0;
../Core/Src/main.c: 15 warnings, 0 errors
compiling stm32f7xx_hal_rcc.c...
compiling stm32f7xx_hal_rcc_ex.c...
compiling stm32f7xx_hal_gpio.c...
compiling stm32f7xx_hal_flash_ex.c...
compiling stm32f7xx_hal_dma.c...
compiling stm32f7xx_hal_flash.c...
compiling stm32f7xx_hal_pwr.c...
compiling stm32f7xx_hal_pwr_ex.c...
compiling stm32f7xx_hal_dma_ex.c...
compiling stm32f7xx_hal_i2c_ex.c...
compiling stm32f7xx_hal_cortex.c...
compiling stm32f7xx_hal.c...
compiling stm32f7xx_hal_i2c.c...
compiling stm32f7xx_hal_exti.c...
compiling stm32f7xx_ll_exti.c...
compiling stm32f7xx_hal_tim_ex.c...
compiling stm32f7xx_ll_gpio.c...
compiling system_stm32f7xx.c...
compiling stm32f7xx_ll_dma.c...
compiling stm32f7xx_ll_rcc.c...
compiling stm32f7xx_ll_utils.c...
compiling stm32f7xx_ll_usart.c...
compiling stm32f7xx_hal_tim.c...
linking...
Program Size: Code=22732 RO-data=816 RW-data=312 ZI-data=4400  
FromELF: creating hex file...
"FlyAssistant\FlyAssistant.axf" - 0 Error(s), 14 Warning(s).

<h2>Software Packages used:</h2>

Package Vendor: ARM
                http://www.keil.com/pack/ARM.CMSIS.4.5.0.pack
                ARM::CMSIS:CORE:4.3.0
                CMSIS (Cortex Microcontroller Software Interface Standard)
   * Component: CORE Version: 4.3.0

<h2>Collection of Component include folders:</h2>
  C:\Users\20417\Desktop\FlyAssistant\FlyAssistant\MDK-ARM\RTE
  D:\Tools\Keil_v5\ARM\PACK\ARM\CMSIS\4.5.0\CMSIS\Include
  D:\Tools\Keil_v5\ARM\PACK\Keil\STM32F7xx_DFP\2.7.0\Drivers\CMSIS\Device\ST\STM32F7xx\Include

<h2>Collection of Component Files used:</h2>

   * Component: ARM::CMSIS:CORE:4.3.0
Build Time Elapsed:  00:00:41
</pre>
</body>
</html>
