Component: ARM Compiler 5.06 update 1 (build 61) Tool: armlink [4d35a8]

==============================================================================

Section Cross References

    startup_stm32f765xx.o(STACK) refers (Special) to heapauxi.o(.text) for __use_two_region_memory
    startup_stm32f765xx.o(HEAP) refers (Special) to heapauxi.o(.text) for __use_two_region_memory
    startup_stm32f765xx.o(RESET) refers (Special) to heapauxi.o(.text) for __use_two_region_memory
    startup_stm32f765xx.o(RESET) refers to startup_stm32f765xx.o(STACK) for __initial_sp
    startup_stm32f765xx.o(RESET) refers to startup_stm32f765xx.o(.text) for Reset_Handler
    startup_stm32f765xx.o(RESET) refers to stm32f7xx_it.o(i.NMI_Handler) for NMI_Handler
    startup_stm32f765xx.o(RESET) refers to stm32f7xx_it.o(i.HardFault_Handler) for HardFault_Handler
    startup_stm32f765xx.o(RESET) refers to stm32f7xx_it.o(i.MemManage_Handler) for MemManage_Handler
    startup_stm32f765xx.o(RESET) refers to stm32f7xx_it.o(i.BusFault_Handler) for BusFault_Handler
    startup_stm32f765xx.o(RESET) refers to stm32f7xx_it.o(i.UsageFault_Handler) for UsageFault_Handler
    startup_stm32f765xx.o(RESET) refers to stm32f7xx_it.o(i.SVC_Handler) for SVC_Handler
    startup_stm32f765xx.o(RESET) refers to stm32f7xx_it.o(i.DebugMon_Handler) for DebugMon_Handler
    startup_stm32f765xx.o(RESET) refers to stm32f7xx_it.o(i.PendSV_Handler) for PendSV_Handler
    startup_stm32f765xx.o(RESET) refers to stm32f7xx_it.o(i.SysTick_Handler) for SysTick_Handler
    startup_stm32f765xx.o(.text) refers (Special) to heapauxi.o(.text) for __use_two_region_memory
    startup_stm32f765xx.o(.text) refers to system_stm32f7xx.o(i.SystemInit) for SystemInit
    startup_stm32f765xx.o(.text) refers to __main.o(!!!main) for __main
    startup_stm32f765xx.o(.text) refers to startup_stm32f765xx.o(HEAP) for Heap_Mem
    startup_stm32f765xx.o(.text) refers to startup_stm32f765xx.o(STACK) for Stack_Mem
    main.o(i.MX_ADC1_Init) refers to stm32f7xx_hal_adc.o(i.HAL_ADC_Init) for HAL_ADC_Init
    main.o(i.MX_ADC1_Init) refers to stm32f7xx_hal_adc.o(i.HAL_ADC_ConfigChannel) for HAL_ADC_ConfigChannel
    main.o(i.MX_ADC1_Init) refers to main.o(.bss) for .bss
    main.o(i.MX_GPIO_Init) refers to rt_memclr_w.o(.text) for __aeabi_memclr4
    main.o(i.MX_GPIO_Init) refers to stm32f7xx_hal_gpio.o(i.HAL_GPIO_WritePin) for HAL_GPIO_WritePin
    main.o(i.MX_GPIO_Init) refers to stm32f7xx_hal_gpio.o(i.HAL_GPIO_Init) for HAL_GPIO_Init
    main.o(i.MX_I2C1_Init) refers to stm32f7xx_hal_i2c.o(i.HAL_I2C_Init) for HAL_I2C_Init
    main.o(i.MX_I2C1_Init) refers to stm32f7xx_hal_i2c_ex.o(i.HAL_I2CEx_ConfigAnalogFilter) for HAL_I2CEx_ConfigAnalogFilter
    main.o(i.MX_I2C1_Init) refers to stm32f7xx_hal_i2c_ex.o(i.HAL_I2CEx_ConfigDigitalFilter) for HAL_I2CEx_ConfigDigitalFilter
    main.o(i.MX_I2C1_Init) refers to main.o(.bss) for .bss
    main.o(i.MX_I2C3_Init) refers to stm32f7xx_hal_i2c.o(i.HAL_I2C_Init) for HAL_I2C_Init
    main.o(i.MX_I2C3_Init) refers to stm32f7xx_hal_i2c_ex.o(i.HAL_I2CEx_ConfigAnalogFilter) for HAL_I2CEx_ConfigAnalogFilter
    main.o(i.MX_I2C3_Init) refers to stm32f7xx_hal_i2c_ex.o(i.HAL_I2CEx_ConfigDigitalFilter) for HAL_I2CEx_ConfigDigitalFilter
    main.o(i.MX_I2C3_Init) refers to main.o(.bss) for .bss
    main.o(i.MX_TIM2_Init) refers to rt_memclr_w.o(.text) for __aeabi_memclr4
    main.o(i.MX_TIM2_Init) refers to stm32f7xx_hal_tim.o(i.HAL_TIM_PWM_Init) for HAL_TIM_PWM_Init
    main.o(i.MX_TIM2_Init) refers to stm32f7xx_hal_tim_ex.o(i.HAL_TIMEx_MasterConfigSynchronization) for HAL_TIMEx_MasterConfigSynchronization
    main.o(i.MX_TIM2_Init) refers to stm32f7xx_hal_tim.o(i.HAL_TIM_PWM_ConfigChannel) for HAL_TIM_PWM_ConfigChannel
    main.o(i.MX_TIM2_Init) refers to stm32f7xx_hal_msp.o(i.HAL_TIM_MspPostInit) for HAL_TIM_MspPostInit
    main.o(i.MX_TIM2_Init) refers to main.o(.bss) for .bss
    main.o(i.MX_TIM3_Init) refers to rt_memclr_w.o(.text) for __aeabi_memclr4
    main.o(i.MX_TIM3_Init) refers to stm32f7xx_hal_tim.o(i.HAL_TIM_PWM_Init) for HAL_TIM_PWM_Init
    main.o(i.MX_TIM3_Init) refers to stm32f7xx_hal_tim_ex.o(i.HAL_TIMEx_MasterConfigSynchronization) for HAL_TIMEx_MasterConfigSynchronization
    main.o(i.MX_TIM3_Init) refers to stm32f7xx_hal_tim.o(i.HAL_TIM_PWM_ConfigChannel) for HAL_TIM_PWM_ConfigChannel
    main.o(i.MX_TIM3_Init) refers to stm32f7xx_hal_msp.o(i.HAL_TIM_MspPostInit) for HAL_TIM_MspPostInit
    main.o(i.MX_TIM3_Init) refers to main.o(.bss) for .bss
    main.o(i.MX_TIM4_Init) refers to stm32f7xx_hal_tim.o(i.HAL_TIM_IC_Init) for HAL_TIM_IC_Init
    main.o(i.MX_TIM4_Init) refers to stm32f7xx_hal_tim_ex.o(i.HAL_TIMEx_MasterConfigSynchronization) for HAL_TIMEx_MasterConfigSynchronization
    main.o(i.MX_TIM4_Init) refers to stm32f7xx_hal_tim.o(i.HAL_TIM_IC_ConfigChannel) for HAL_TIM_IC_ConfigChannel
    main.o(i.MX_TIM4_Init) refers to main.o(.bss) for .bss
    main.o(i.MX_TIM5_Init) refers to stm32f7xx_hal_tim.o(i.HAL_TIM_IC_Init) for HAL_TIM_IC_Init
[...]
    Removing stm32f7xx_hal_tim.o(i.HAL_TIM_OC_Init), (98 bytes).
    Removing stm32f7xx_hal_tim.o(i.HAL_TIM_OC_MspDeInit), (2 bytes).
    Removing stm32f7xx_hal_tim.o(i.HAL_TIM_OC_MspInit), (2 bytes).
    Removing stm32f7xx_hal_tim.o(i.HAL_TIM_OC_Start), (248 bytes).
    Removing stm32f7xx_hal_tim.o(i.HAL_TIM_OC_Start_DMA), (504 bytes).
    Removing stm32f7xx_hal_tim.o(i.HAL_TIM_OC_Start_IT), (296 bytes).
    Removing stm32f7xx_hal_tim.o(i.HAL_TIM_OC_Stop), (144 bytes).
    Removing stm32f7xx_hal_tim.o(i.HAL_TIM_OC_Stop_DMA), (228 bytes).
    Removing stm32f7xx_hal_tim.o(i.HAL_TIM_OC_Stop_IT), (208 bytes).
    Removing stm32f7xx_hal_tim.o(i.HAL_TIM_OnePulse_ConfigChannel), (240 bytes).
    Removing stm32f7xx_hal_tim.o(i.HAL_TIM_OnePulse_DeInit), (76 bytes).
    Removing stm32f7xx_hal_tim.o(i.HAL_TIM_OnePulse_GetState), (6 bytes).
    Removing stm32f7xx_hal_tim.o(i.HAL_TIM_OnePulse_Init), (94 bytes).
    Removing stm32f7xx_hal_tim.o(i.HAL_TIM_OnePulse_MspDeInit), (2 bytes).
    Removing stm32f7xx_hal_tim.o(i.HAL_TIM_OnePulse_MspInit), (2 bytes).
    Removing stm32f7xx_hal_tim.o(i.HAL_TIM_OnePulse_Start), (112 bytes).
    Removing stm32f7xx_hal_tim.o(i.HAL_TIM_OnePulse_Start_IT), (132 bytes).
    Removing stm32f7xx_hal_tim.o(i.HAL_TIM_OnePulse_Stop), (116 bytes).
    Removing stm32f7xx_hal_tim.o(i.HAL_TIM_OnePulse_Stop_IT), (136 bytes).
    Removing stm32f7xx_hal_tim.o(i.HAL_TIM_PWM_DeInit), (100 bytes).
    Removing stm32f7xx_hal_tim.o(i.HAL_TIM_PWM_GetState), (6 bytes).
    Removing stm32f7xx_hal_tim.o(i.HAL_TIM_PWM_MspDeInit), (2 bytes).
    Removing stm32f7xx_hal_tim.o(i.HAL_TIM_PWM_MspInit), (2 bytes).
    Removing stm32f7xx_hal_tim.o(i.HAL_TIM_PWM_PulseFinishedCallback), (2 bytes).
    Removing stm32f7xx_hal_tim.o(i.HAL_TIM_PWM_PulseFinishedHalfCpltCallback), (2 bytes).
    Removing stm32f7xx_hal_tim.o(i.HAL_TIM_PWM_Start), (248 bytes).
    Removing stm32f7xx_hal_tim.o(i.HAL_TIM_PWM_Start_DMA), (504 bytes).
    Removing stm32f7xx_hal_tim.o(i.HAL_TIM_PWM_Start_IT), (296 bytes).
    Removing stm32f7xx_hal_tim.o(i.HAL_TIM_PWM_Stop), (144 bytes).
    Removing stm32f7xx_hal_tim.o(i.HAL_TIM_PWM_Stop_DMA), (228 bytes).
    Removing stm32f7xx_hal_tim.o(i.HAL_TIM_PWM_Stop_IT), (208 bytes).
    Removing stm32f7xx_hal_tim.o(i.HAL_TIM_PeriodElapsedCallback), (2 bytes).
    Removing stm32f7xx_hal_tim.o(i.HAL_TIM_PeriodElapsedHalfCpltCallback), (2 bytes).
    Removing stm32f7xx_hal_tim.o(i.HAL_TIM_ReadCapturedValue), (44 bytes).
    Removing stm32f7xx_hal_tim.o(i.HAL_TIM_SlaveConfigSynchro), (86 bytes).
    Removing stm32f7xx_hal_tim.o(i.HAL_TIM_SlaveConfigSynchro_IT), (86 bytes).
    Removing stm32f7xx_hal_tim.o(i.HAL_TIM_TriggerCallback), (2 bytes).
    Removing stm32f7xx_hal_tim.o(i.HAL_TIM_TriggerHalfCpltCallback), (2 bytes).
    Removing stm32f7xx_hal_tim.o(i.TIM_CCxChannelCmd), (26 bytes).
    Removing stm32f7xx_hal_tim.o(i.TIM_DMACaptureCplt), (110 bytes).
    Removing stm32f7xx_hal_tim.o(i.TIM_DMACaptureHalfCplt), (56 bytes).
    Removing stm32f7xx_hal_tim.o(i.TIM_DMADelayPulseCplt), (94 bytes).
    Removing stm32f7xx_hal_tim.o(i.TIM_DMADelayPulseHalfCplt), (56 bytes).
    Removing stm32f7xx_hal_tim.o(i.TIM_DMAError), (84 bytes).
    Removing stm32f7xx_hal_tim.o(i.TIM_DMAPeriodElapsedCplt), (22 bytes).
    Removing stm32f7xx_hal_tim.o(i.TIM_DMAPeriodElapsedHalfCplt), (10 bytes).
    Removing stm32f7xx_hal_tim.o(i.TIM_DMATriggerCplt), (22 bytes).
    Removing stm32f7xx_hal_tim.o(i.TIM_DMATriggerHalfCplt), (10 bytes).
    Removing stm32f7xx_hal_tim.o(i.TIM_ETR_SetConfig), (18 bytes).
    Removing stm32f7xx_hal_tim.o(i.TIM_ITRx_SetConfig), (16 bytes).
    Removing stm32f7xx_hal_tim.o(i.TIM_SlaveTimer_SetConfig), (148 bytes).
    Removing stm32f7xx_hal_tim.o(i.TIM_TI1_ConfigInputStage), (34 bytes).
    Removing stm32f7xx_hal_tim.o(i.TIM_TI2_ConfigInputStage), (36 bytes).
    Removing stm32f7xx_hal_tim_ex.o(.rev16_text), (4 bytes).
    Removing stm32f7xx_hal_tim_ex.o(.revsh_text), (4 bytes).
    Removing stm32f7xx_hal_tim_ex.o(.rrx_text), (6 bytes).
    Removing stm32f7xx_hal_tim_ex.o(i.HAL_TIMEx_Break2Callback), (2 bytes).
    Removing stm32f7xx_hal_tim_ex.o(i.HAL_TIMEx_BreakCallback), (2 bytes).
    Removing stm32f7xx_hal_tim_ex.o(i.HAL_TIMEx_CommutCallback), (2 bytes).
    Removing stm32f7xx_hal_tim_ex.o(i.HAL_TIMEx_CommutHalfCpltCallback), (2 bytes).
    Removing stm32f7xx_hal_tim_ex.o(i.HAL_TIMEx_ConfigBreakDeadTime), (160 bytes).
    Removing stm32f7xx_hal_tim_ex.o(i.HAL_TIMEx_ConfigBreakInput), (176 bytes).
    Removing stm32f7xx_hal_tim_ex.o(i.HAL_TIMEx_ConfigCommutEvent), (112 bytes).
    Removing stm32f7xx_hal_tim_ex.o(i.HAL_TIMEx_ConfigCommutEvent_DMA), (144 bytes).
    Removing stm32f7xx_hal_tim_ex.o(i.HAL_TIMEx_ConfigCommutEvent_IT), (112 bytes).
    Removing stm32f7xx_hal_tim_ex.o(i.HAL_TIMEx_GetChannelNState), (34 bytes).
    Removing stm32f7xx_hal_tim_ex.o(i.HAL_TIMEx_GroupChannel5), (58 bytes).
    Removing stm32f7xx_hal_tim_ex.o(i.HAL_TIMEx_HallSensor_DeInit), (76 bytes).
    Removing stm32f7xx_hal_tim_ex.o(i.HAL_TIMEx_HallSensor_GetState), (6 bytes).
    Removing stm32f7xx_hal_tim_ex.o(i.HAL_TIMEx_HallSensor_Init), (212 bytes).
    Removing stm32f7xx_hal_tim_ex.o(i.HAL_TIMEx_HallSensor_MspDeInit), (2 bytes).
    Removing stm32f7xx_hal_tim_ex.o(i.HAL_TIMEx_HallSensor_MspInit), (2 bytes).
    Removing stm32f7xx_hal_tim_ex.o(i.HAL_TIMEx_HallSensor_Start), (180 bytes).
    Removing stm32f7xx_hal_tim_ex.o(i.HAL_TIMEx_HallSensor_Start_DMA), (232 bytes).
    Removing stm32f7xx_hal_tim_ex.o(i.HAL_TIMEx_HallSensor_Start_IT), (188 bytes).
    Removing stm32f7xx_hal_tim_ex.o(i.HAL_TIMEx_HallSensor_Stop), (64 bytes).
    Removing stm32f7xx_hal_tim_ex.o(i.HAL_TIMEx_HallSensor_Stop_DMA), (72 bytes).
    Removing stm32f7xx_hal_tim_ex.o(i.HAL_TIMEx_HallSensor_Stop_IT), (74 bytes).
    Removing stm32f7xx_hal_tim_ex.o(i.HAL_TIMEx_OCN_Start), (204 bytes).
    Removing stm32f7xx_hal_tim_ex.o(i.HAL_TIMEx_OCN_Start_DMA), (404 bytes).
    Removing stm32f7xx_hal_tim_ex.o(i.HAL_TIMEx_OCN_Start_IT), (248 bytes).
    Removing stm32f7xx_hal_tim_ex.o(i.HAL_TIMEx_OCN_Stop), (104 bytes).
    Removing stm32f7xx_hal_tim_ex.o(i.HAL_TIMEx_OCN_Stop_DMA), (168 bytes).
    Removing stm32f7xx_hal_tim_ex.o(i.HAL_TIMEx_OCN_Stop_IT), (172 bytes).
    Removing stm32f7xx_hal_tim_ex.o(i.HAL_TIMEx_OnePulseN_Start), (100 bytes).
    Removing stm32f7xx_hal_tim_ex.o(i.HAL_TIMEx_OnePulseN_Start_IT), (120 bytes).
    Removing stm32f7xx_hal_tim_ex.o(i.HAL_TIMEx_OnePulseN_Stop), (102 bytes).
    Removing stm32f7xx_hal_tim_ex.o(i.HAL_TIMEx_OnePulseN_Stop_IT), (124 bytes).
    Removing stm32f7xx_hal_tim_ex.o(i.HAL_TIMEx_PWMN_Start), (204 bytes).
    Removing stm32f7xx_hal_tim_ex.o(i.HAL_TIMEx_PWMN_Start_DMA), (404 bytes).
    Removing stm32f7xx_hal_tim_ex.o(i.HAL_TIMEx_PWMN_Start_IT), (248 bytes).
    Removing stm32f7xx_hal_tim_ex.o(i.HAL_TIMEx_PWMN_Stop), (104 bytes).
    Removing stm32f7xx_hal_tim_ex.o(i.HAL_TIMEx_PWMN_Stop_DMA), (168 bytes).
    Removing stm32f7xx_hal_tim_ex.o(i.HAL_TIMEx_PWMN_Stop_IT), (172 bytes).
    Removing stm32f7xx_hal_tim_ex.o(i.HAL_TIMEx_RemapConfig), (34 bytes).
    Removing stm32f7xx_hal_tim_ex.o(i.TIMEx_DMACommutationCplt), (16 bytes).
    Removing stm32f7xx_hal_tim_ex.o(i.TIMEx_DMACommutationHalfCplt), (16 bytes).
    Removing stm32f7xx_hal_tim_ex.o(i.TIM_CCxNChannelCmd), (26 bytes).
    Removing stm32f7xx_hal_tim_ex.o(i.TIM_DMADelayPulseNCplt), (94 bytes).
    Removing stm32f7xx_hal_tim_ex.o(i.TIM_DMAErrorCCxN), (62 bytes).
    Removing stm32f7xx_ll_usart.o(.rev16_text), (4 bytes).
    Removing stm32f7xx_ll_usart.o(.revsh_text), (4 bytes).
    Removing stm32f7xx_ll_usart.o(.rrx_text), (6 bytes).
    Removing stm32f7xx_ll_usart.o(i.LL_APB1_GRP1_ForceReset), (16 bytes).
    Removing stm32f7xx_ll_usart.o(i.LL_APB1_GRP1_ReleaseReset), (16 bytes).
    Removing stm32f7xx_ll_usart.o(i.LL_USART_ClockInit), (56 bytes).
    Removing stm32f7xx_ll_usart.o(i.LL_USART_ClockStructInit), (12 bytes).
    Removing stm32f7xx_ll_usart.o(i.LL_USART_DeInit), (180 bytes).
    Removing stm32f7xx_ll_usart.o(i.LL_USART_StructInit), (24 bytes).
    Removing stm32f7xx_ll_gpio.o(.rev16_text), (4 bytes).
    Removing stm32f7xx_ll_gpio.o(.revsh_text), (4 bytes).
    Removing stm32f7xx_ll_gpio.o(.rrx_text), (6 bytes).
    Removing stm32f7xx_ll_gpio.o(i.LL_AHB1_GRP1_ForceReset), (16 bytes).
    Removing stm32f7xx_ll_gpio.o(i.LL_AHB1_GRP1_ReleaseReset), (16 bytes).
    Removing stm32f7xx_ll_gpio.o(i.LL_GPIO_DeInit), (228 bytes).
    Removing stm32f7xx_ll_gpio.o(i.LL_GPIO_StructInit), (22 bytes).
    Removing stm32f7xx_ll_dma.o(.rev16_text), (4 bytes).
    Removing stm32f7xx_ll_dma.o(.revsh_text), (4 bytes).
    Removing stm32f7xx_ll_dma.o(.rrx_text), (6 bytes).
    Removing stm32f7xx_ll_dma.o(i.LL_DMA_DeInit), (376 bytes).
    Removing stm32f7xx_ll_dma.o(i.LL_DMA_Init), (172 bytes).
    Removing stm32f7xx_ll_dma.o(i.LL_DMA_SetChannelSelection), (20 bytes).
    Removing stm32f7xx_ll_dma.o(i.LL_DMA_StructInit), (34 bytes).
    Removing stm32f7xx_ll_dma.o(.constdata), (8 bytes).
    Removing system_stm32f7xx.o(.rev16_text), (4 bytes).
    Removing system_stm32f7xx.o(.revsh_text), (4 bytes).
    Removing system_stm32f7xx.o(.rrx_text), (6 bytes).
    Removing system_stm32f7xx.o(i.SystemCoreClockUpdate), (132 bytes).

554 unused section(s) (total 47208 bytes) removed from the image.

==============================================================================

Image Symbol Table

    Local Symbols

    Symbol Name                              Value     Ov Type        Size  Object(Section)

    ../Core/Src/main.c                       0x00000000   Number         0  main.o ABSOLUTE
    ../Core/Src/stm32f7xx_hal_msp.c          0x00000000   Number         0  stm32f7xx_hal_msp.o ABSOLUTE
    ../Core/Src/stm32f7xx_it.c               0x00000000   Number         0  stm32f7xx_it.o ABSOLUTE
    ../Core/Src/system_stm32f7xx.c           0x00000000   Number         0  system_stm32f7xx.o ABSOLUTE
    ../Drivers/STM32F7xx_HAL_Driver/Src/stm32f7xx_hal.c 0x00000000   Number         0  stm32f7xx_hal.o ABSOLUTE
    ../Drivers/STM32F7xx_HAL_Driver/Src/stm32f7xx_hal_adc.c 0x00000000   Number         0  stm32f7xx_hal_adc.o ABSOLUTE
    ../Drivers/STM32F7xx_HAL_Driver/Src/stm32f7xx_hal_adc_ex.c 0x00000000   Number         0  stm32f7xx_hal_adc_ex.o ABSOLUTE
    ../Drivers/STM32F7xx_HAL_Driver/Src/stm32f7xx_hal_cortex.c 0x00000000   Number         0  stm32f7xx_hal_cortex.o ABSOLUTE
    ../Drivers/STM32F7xx_HAL_Driver/Src/stm32f7xx_hal_dma.c 0x00000000   Number         0  stm32f7xx_hal_dma.o ABSOLUTE
    ../Drivers/STM32F7xx_HAL_Driver/Src/stm32f7xx_hal_dma_ex.c 0x00000000   Number         0  stm32f7xx_hal_dma_ex.o ABSOLUTE
    ../Drivers/STM32F7xx_HAL_Driver/Src/stm32f7xx_hal_exti.c 0x00000000   Number         0  stm32f7xx_hal_exti.o ABSOLUTE
    ../Drivers/STM32F7xx_HAL_Driver/Src/stm32f7xx_hal_flash.c 0x00000000   Number         0  stm32f7xx_hal_flash.o ABSOLUTE
    ../Drivers/STM32F7xx_HAL_Driver/Src/stm32f7xx_hal_flash_ex.c 0x00000000   Number         0  stm32f7xx_hal_flash_ex.o ABSOLUTE
    ../Drivers/STM32F7xx_HAL_Driver/Src/stm32f7xx_hal_gpio.c 0x00000000   Number         0  stm32f7xx_hal_gpio.o ABSOLUTE
    ../Drivers/STM32F7xx_HAL_Driver/Src/stm32f7xx_hal_i2c.c 0x00000000   Number         0  stm32f7xx_hal_i2c.o ABSOLUTE
    ../Drivers/STM32F7xx_HAL_Driver/Src/stm32f7xx_hal_i2c_ex.c 0x00000000   Number         0  stm32f7xx_hal_i2c_ex.o ABSOLUTE
    ../Drivers/STM32F7xx_HAL_Driver/Src/stm32f7xx_hal_pwr.c 0x00000000   Number         0  stm32f7xx_hal_pwr.o ABSOLUTE
    ../Drivers/STM32F7xx_HAL_Driver/Src/stm32f7xx_hal_pwr_ex.c 0x00000000   Number         0  stm32f7xx_hal_pwr_ex.o ABSOLUTE
    ../Drivers/STM32F7xx_HAL_Driver/Src/stm32f7xx_hal_rcc.c 0x00000000   Number         0  stm32f7xx_hal_rcc.o ABSOLUTE
    ../Drivers/STM32F7xx_HAL_Driver/Src/stm32f7xx_hal_rcc_ex.c 0x00000000   Number         0  stm32f7xx_hal_rcc_ex.o ABSOLUTE
    ../Drivers/STM32F7xx_HAL_Driver/Src/stm32f7xx_hal_tim.c 0x00000000   Number         0  stm32f7xx_hal_tim.o ABSOLUTE
    ../Drivers/STM32F7xx_HAL_Driver/Src/stm32f7xx_hal_tim_ex.c 0x00000000   Number         0  stm32f7xx_hal_tim_ex.o ABSOLUTE
    ../Drivers/STM32F7xx_HAL_Driver/Src/stm32f7xx_ll_dma.c 0x00000000   Number         0  stm32f7xx_ll_dma.o ABSOLUTE
    ../Drivers/STM32F7xx_HAL_Driver/Src/stm32f7xx_ll_exti.c 0x00000000   Number         0  stm32f7xx_ll_exti.o ABSOLUTE
    ../Drivers/STM32F7xx_HAL_Driver/Src/stm32f7xx_ll_gpio.c 0x00000000   Number         0  stm32f7xx_ll_gpio.o ABSOLUTE
    ../Drivers/STM32F7xx_HAL_Driver/Src/stm32f7xx_ll_rcc.c 0x00000000   Number         0  stm32f7xx_ll_rcc.o ABSOLUTE
    ../Drivers/STM32F7xx_HAL_Driver/Src/stm32f7xx_ll_usart.c 0x00000000   Number         0  stm32f7xx_ll_usart.o ABSOLUTE
    ../Drivers/STM32F7xx_HAL_Driver/Src/stm32f7xx_ll_utils.c 0x00000000   Number         0  stm32f7xx_ll_utils.o ABSOLUTE
    ../clib/angel/boardlib.s                 0x00000000   Number         0  boardinit3.o ABSOLUTE
    ../clib/angel/boardlib.s                 0x00000000   Number         0  boardinit2.o ABSOLUTE
    ../clib/angel/boardlib.s                 0x00000000   Number         0  boardinit1.o ABSOLUTE
    ../clib/angel/boardlib.s                 0x00000000   Number         0  boardshut.o ABSOLUTE
    ../clib/angel/handlers.s                 0x00000000   Number         0  __scatter_zi.o ABSOLUTE
    ../clib/angel/handlers.s                 0x00000000   Number         0  __scatter_copy.o ABSOLUTE
    ../clib/angel/kernel.s                   0x00000000   Number         0  __rtentry.o ABSOLUTE
    ../clib/angel/kernel.s                   0x00000000   Number         0  __rtentry2.o ABSOLUTE
    ../clib/angel/kernel.s                   0x00000000   Number         0  rtexit2.o ABSOLUTE
    ../clib/angel/kernel.s                   0x00000000   Number         0  __rtentry4.o ABSOLUTE
    ../clib/angel/kernel.s                   0x00000000   Number         0  rtexit.o ABSOLUTE
    ../clib/angel/rt.s                       0x00000000   Number         0  aeabi_ldiv0.o ABSOLUTE
    ../clib/angel/rt.s                       0x00000000   Number         0  rt_raise.o ABSOLUTE
    ../clib/angel/rt.s                       0x00000000   Number         0  rt_div0.o ABSOLUTE
    ../clib/angel/rt.s                       0x00000000   Number         0  aeabi_ldiv0_sigfpe.o ABSOLUTE
    ../clib/angel/scatter.s                  0x00000000   Number         0  __scatter.o ABSOLUTE
    ../clib/angel/startup.s                  0x00000000   Number         0  __main.o ABSOLUTE
    ../clib/angel/sys.s                      0x00000000   Number         0  sys_stackheap_outer.o ABSOLUTE
    ../clib/angel/sys.s                      0x00000000   Number         0  use_no_semi.o ABSOLUTE
    ../clib/angel/sys.s                      0x00000000   Number         0  indicate_semi.o ABSOLUTE
    ../clib/angel/sys.s                      0x00000000   Number         0  libspace.o ABSOLUTE
    ../clib/angel/sysapp.c                   0x00000000   Number         0  sys_command.o ABSOLUTE
    ../clib/angel/sysapp.c                   0x00000000   Number         0  sys_exit.o ABSOLUTE
    ../clib/angel/sysapp.c                   0x00000000   Number         0  sys_wrch.o ABSOLUTE
    ../clib/armsys.c                         0x00000000   Number         0  no_argv.o ABSOLUTE
    ../clib/armsys.c                         0x00000000   Number         0  argv_veneer.o ABSOLUTE
    ../clib/armsys.c                         0x00000000   Number         0  argv_veneer.o ABSOLUTE
    ../clib/armsys.c                         0x00000000   Number         0  _get_argv_nomalloc.o ABSOLUTE
    ../clib/heapalloc.c                      0x00000000   Number         0  hrguard.o ABSOLUTE
    ../clib/heapaux.c                        0x00000000   Number         0  heapauxi.o ABSOLUTE
    ../clib/libinit.s                        0x00000000   Number         0  libinit2.o ABSOLUTE
    ../clib/libinit.s                        0x00000000   Number         0  libinit.o ABSOLUTE
    ../clib/libinit.s                        0x00000000   Number         0  libshutdown2.o ABSOLUTE
    ../clib/libinit.s                        0x00000000   Number         0  libshutdown.o ABSOLUTE
    ../clib/longlong.s                       0x00000000   Number         0  lludivv7m.o ABSOLUTE
    ../clib/memcpset.s                       0x00000000   Number         0  rt_memclr_w.o ABSOLUTE
    ../clib/signal.c                         0x00000000   Number         0  defsig_stak_inner.o ABSOLUTE
    ../clib/signal.c                         0x00000000   Number         0  defsig_rtmem_formal.o ABSOLUTE
    ../clib/signal.c                         0x00000000   Number         0  defsig_rtmem_outer.o ABSOLUTE
    ../clib/signal.c                         0x00000000   Number         0  defsig_fpe_inner.o ABSOLUTE
    ../clib/signal.c                         0x00000000   Number         0  defsig_exit.o ABSOLUTE
    ../clib/signal.c                         0x00000000   Number         0  defsig_rtmem_inner.o ABSOLUTE
    ../clib/signal.c                         0x00000000   Number         0  defsig_rtred_inner.o ABSOLUTE
    ../clib/signal.c                         0x00000000   Number         0  defsig_abrt_inner.o ABSOLUTE
    ../clib/signal.c                         0x00000000   Number         0  defsig_segv_inner.o ABSOLUTE
    ../clib/signal.c                         0x00000000   Number         0  defsig_general.o ABSOLUTE
    ../clib/signal.c                         0x00000000   Number         0  __raise.o ABSOLUTE
    ../clib/signal.c                         0x00000000   Number         0  defsig_other.o ABSOLUTE
    ../clib/signal.c                         0x00000000   Number         0  defsig_fpe_formal.o ABSOLUTE
    ../clib/signal.c                         0x00000000   Number         0  defsig_fpe_outer.o ABSOLUTE
    ../clib/signal.c                         0x00000000   Number         0  defsig_cppl_inner.o ABSOLUTE
    ../clib/signal.c                         0x00000000   Number         0  defsig_pvfn_inner.o ABSOLUTE
    ../clib/signal.s                         0x00000000   Number         0  defsig.o ABSOLUTE
    ../clib/stdlib.c                         0x00000000   Number         0  exit.o ABSOLUTE
    ../fplib/fpinit.s                        0x00000000   Number         0  fpinit.o ABSOLUTE
    ..\Core\Src\main.c                       0x00000000   Number         0  main.o ABSOLUTE
    ..\Core\Src\stm32f7xx_hal_msp.c          0x00000000   Number         0  stm32f7xx_hal_msp.o ABSOLUTE
    ..\Core\Src\stm32f7xx_it.c               0x00000000   Number         0  stm32f7xx_it.o ABSOLUTE
    ..\Core\Src\system_stm32f7xx.c           0x00000000   Number         0  system_stm32f7xx.o ABSOLUTE
    ..\Drivers\STM32F7xx_HAL_Driver\Src\stm32f7xx_hal.c 0x00000000   Number         0  stm32f7xx_hal.o ABSOLUTE
    ..\Drivers\STM32F7xx_HAL_Driver\Src\stm32f7xx_hal_adc.c 0x00000000   Number         0  stm32f7xx_hal_adc.o ABSOLUTE
    ..\Drivers\STM32F7xx_HAL_Driver\Src\stm32f7xx_hal_adc_ex.c 0x00000000   Number         0  stm32f7xx_hal_adc_ex.o ABSOLUTE
    ..\Drivers\STM32F7xx_HAL_Driver\Src\stm32f7xx_hal_cortex.c 0x00000000   Number         0  stm32f7xx_hal_cortex.o ABSOLUTE
    ..\Drivers\STM32F7xx_HAL_Driver\Src\stm32f7xx_hal_dma.c 0x00000000   Number         0  stm32f7xx_hal_dma.o ABSOLUTE
    ..\Drivers\STM32F7xx_HAL_Driver\Src\stm32f7xx_hal_dma_ex.c 0x00000000   Number         0  stm32f7xx_hal_dma_ex.o ABSOLUTE
    ..\Drivers\STM32F7xx_HAL_Driver\Src\stm32f7xx_hal_exti.c 0x00000000   Number         0  stm32f7xx_hal_exti.o ABSOLUTE
    ..\Drivers\STM32F7xx_HAL_Driver\Src\stm32f7xx_hal_flash.c 0x00000000   Number         0  stm32f7xx_hal_flash.o ABSOLUTE
    ..\Drivers\STM32F7xx_HAL_Driver\Src\stm32f7xx_hal_flash_ex.c 0x00000000   Number         0  stm32f7xx_hal_flash_ex.o ABSOLUTE
    ..\Drivers\STM32F7xx_HAL_Driver\Src\stm32f7xx_hal_gpio.c 0x00000000   Number         0  stm32f7xx_hal_gpio.o ABSOLUTE
    ..\Drivers\STM32F7xx_HAL_Driver\Src\stm32f7xx_hal_i2c.c 0x00000000   Number         0  stm32f7xx_hal_i2c.o ABSOLUTE
    ..\Drivers\STM32F7xx_HAL_Driver\Src\stm32f7xx_hal_i2c_ex.c 0x00000000   Number         0  stm32f7xx_hal_i2c_ex.o ABSOLUTE
    ..\Drivers\STM32F7xx_HAL_Driver\Src\stm32f7xx_hal_pwr.c 0x00000000   Number         0  stm32f7xx_hal_pwr.o ABSOLUTE
    ..\Drivers\STM32F7xx_HAL_Driver\Src\stm32f7xx_hal_pwr_ex.c 0x00000000   Number         0  stm32f7xx_hal_pwr_ex.o ABSOLUTE
    ..\Drivers\STM32F7xx_HAL_Driver\Src\stm32f7xx_hal_rcc.c 0x00000000   Number         0  stm32f7xx_hal_rcc.o ABSOLUTE
    ..\Drivers\STM32F7xx_HAL_Driver\Src\stm32f7xx_hal_rcc_ex.c 0x00000000   Number         0  stm32f7xx_hal_rcc_ex.o ABSOLUTE
    ..\Drivers\STM32F7xx_HAL_Driver\Src\stm32f7xx_hal_tim.c 0x00000000   Number         0  stm32f7xx_hal_tim.o ABSOLUTE
    ..\Drivers\STM32F7xx_HAL_Driver\Src\stm32f7xx_hal_tim_ex.c 0x00000000   Number         0  stm32f7xx_hal_tim_ex.o ABSOLUTE
    ..\Drivers\STM32F7xx_HAL_Driver\Src\stm32f7xx_ll_dma.c 0x00000000   Number         0  stm32f7xx_ll_dma.o ABSOLUTE
    ..\Drivers\STM32F7xx_HAL_Driver\Src\stm32f7xx_ll_exti.c 0x00000000   Number         0  stm32f7xx_ll_exti.o ABSOLUTE
    ..\Drivers\STM32F7xx_HAL_Driver\Src\stm32f7xx_ll_gpio.c 0x00000000   Number         0  stm32f7xx_ll_gpio.o ABSOLUTE
    ..\Drivers\STM32F7xx_HAL_Driver\Src\stm32f7xx_ll_rcc.c 0x00000000   Number         0  stm32f7xx_ll_rcc.o ABSOLUTE
    ..\Drivers\STM32F7xx_HAL_Driver\Src\stm32f7xx_ll_usart.c 0x00000000   Number         0  stm32f7xx_ll_usart.o ABSOLUTE
    ..\Drivers\STM32F7xx_HAL_Driver\Src\stm32f7xx_ll_utils.c 0x00000000   Number         0  stm32f7xx_ll_utils.o ABSOLUTE
    dc.s                                     0x00000000   Number         0  dc.o ABSOLUTE
    startup_stm32f765xx.s                    0x00000000   Number         0  startup_stm32f765xx.o ABSOLUTE
    RESET                                    0x08000000   Section      504  startup_stm32f765xx.o(RESET)
    !!!main                                  0x080001f8   Section        8  __main.o(!!!main)
    !!!scatter                               0x08000200   Section       52  __scatter.o(!!!scatter)
    !!handler_copy                           0x08000234   Section       26  __scatter_copy.o(!!handler_copy)
    !!handler_zi                             0x08000250   Section       28  __scatter_zi.o(!!handler_zi)
    .ARM.Collect$$libinit$$00000000          0x0800026c   Section        2  libinit.o(.ARM.Collect$$libinit$$00000000)
    .ARM.Collect$$libinit$$00000001          0x0800026e   Section        4  libinit2.o(.ARM.Collect$$libinit$$00000001)
    .ARM.Collect$$libinit$$00000004          0x08000272   Section        0  libinit2.o(.ARM.Collect$$libinit$$00000004)
    .ARM.Collect$$libinit$$0000000A          0x08000272   Section        0  libinit2.o(.ARM.Collect$$libinit$$0000000A)
    .ARM.Collect$$libinit$$0000000C          0x08000272   Section        0  libinit2.o(.ARM.Collect$$libinit$$0000000C)
    .ARM.Collect$$libinit$$0000000E          0x08000272   Section        0  libinit2.o(.ARM.Collect$$libinit$$0000000E)
    .ARM.Collect$$libinit$$00000011          0x08000272   Section        0  libinit2.o(.ARM.Collect$$libinit$$00000011)
    .ARM.Collect$$libinit$$00000013          0x08000272   Section        0  libinit2.o(.ARM.Collect$$libinit$$00000013)
    .ARM.Collect$$libinit$$00000015          0x08000272   Section        0  libinit2.o(.ARM.Collect$$libinit$$00000015)
    .ARM.Collect$$libinit$$00000017          0x08000272   Section        0  libinit2.o(.ARM.Collect$$libinit$$00000017)
    .ARM.Collect$$libinit$$00000019          0x08000272   Section        0  libinit2.o(.ARM.Collect$$libinit$$00000019)
    .ARM.Collect$$libinit$$0000001B          0x08000272   Section        0  libinit2.o(.ARM.Collect$$libinit$$0000001B)
    .ARM.Collect$$libinit$$0000001D          0x08000272   Section        0  libinit2.o(.ARM.Collect$$libinit$$0000001D)
    .ARM.Collect$$libinit$$0000001F          0x08000272   Section        0  libinit2.o(.ARM.Collect$$libinit$$0000001F)
    .ARM.Collect$$libinit$$00000021          0x08000272   Section        0  libinit2.o(.ARM.Collect$$libinit$$00000021)
    .ARM.Collect$$libinit$$00000023          0x08000272   Section        0  libinit2.o(.ARM.Collect$$libinit$$00000023)
    .ARM.Collect$$libinit$$00000025          0x08000272   Section        0  libinit2.o(.ARM.Collect$$libinit$$00000025)
    .ARM.Collect$$libinit$$0000002C          0x08000272   Section        0  libinit2.o(.ARM.Collect$$libinit$$0000002C)
    .ARM.Collect$$libinit$$0000002E          0x08000272   Section        0  libinit2.o(.ARM.Collect$$libinit$$0000002E)
    .ARM.Collect$$libinit$$00000030          0x08000272   Section        0  libinit2.o(.ARM.Collect$$libinit$$00000030)
    .ARM.Collect$$libinit$$00000032          0x08000272   Section        0  libinit2.o(.ARM.Collect$$libinit$$00000032)
    .ARM.Collect$$libinit$$00000033          0x08000272   Section        2  libinit2.o(.ARM.Collect$$libinit$$00000033)
    .ARM.Collect$$libshutdown$$00000000      0x08000274   Section        2  libshutdown.o(.ARM.Collect$$libshutdown$$00000000)
    .ARM.Collect$$libshutdown$$00000002      0x08000276   Section        0  libshutdown2.o(.ARM.Collect$$libshutdown$$00000002)
    .ARM.Collect$$libshutdown$$00000004      0x08000276   Section        0  libshutdown2.o(.ARM.Collect$$libshutdown$$00000004)
    .ARM.Collect$$libshutdown$$00000007      0x08000276   Section        0  libshutdown2.o(.ARM.Collect$$libshutdown$$00000007)
    .ARM.Collect$$libshutdown$$0000000A      0x08000276   Section        0  libshutdown2.o(.ARM.Collect$$libshutdown$$0000000A)
    .ARM.Collect$$libshutdown$$0000000C      0x08000276   Section        0  libshutdown2.o(.ARM.Collect$$libshutdown$$0000000C)
    .ARM.Collect$$libshutdown$$0000000F      0x08000276   Section        0  libshutdown2.o(.ARM.Collect$$libshutdown$$0000000F)
    .ARM.Collect$$libshutdown$$00000010      0x08000276   Section        2  libshutdown2.o(.ARM.Collect$$libshutdown$$00000010)
    .ARM.Collect$$rtentry$$00000000          0x08000278   Section        0  __rtentry.o(.ARM.Collect$$rtentry$$00000000)
    .ARM.Collect$$rtentry$$00000002          0x08000278   Section        0  __rtentry2.o(.ARM.Collect$$rtentry$$00000002)
    .ARM.Collect$$rtentry$$00000004          0x08000278   Section        6  __rtentry4.o(.ARM.Collect$$rtentry$$00000004)
    .ARM.Collect$$rtentry$$00000009          0x0800027e   Section        0  __rtentry2.o(.ARM.Collect$$rtentry$$00000009)
    .ARM.Collect$$rtentry$$0000000A          0x0800027e   Section        4  __rtentry2.o(.ARM.Collect$$rtentry$$0000000A)
    .ARM.Collect$$rtentry$$0000000C          0x08000282   Section        0  __rtentry2.o(.ARM.Collect$$rtentry$$0000000C)
    .ARM.Collect$$rtentry$$0000000D          0x08000282   Section        8  __rtentry2.o(.ARM.Collect$$rtentry$$0000000D)
    .ARM.Collect$$rtexit$$00000000           0x0800028a   Section        2  rtexit.o(.ARM.Collect$$rtexit$$00000000)
    .ARM.Collect$$rtexit$$00000002           0x0800028c   Section        0  rtexit2.o(.ARM.Collect$$rtexit$$00000002)
    .ARM.Collect$$rtexit$$00000003           0x0800028c   Section        4  rtexit2.o(.ARM.Collect$$rtexit$$00000003)
    .ARM.Collect$$rtexit$$00000004           0x08000290   Section        6  rtexit2.o(.ARM.Collect$$rtexit$$00000004)
    .text                                    0x08000298   Section       64  startup_stm32f765xx.o(.text)
    $v0                                      0x08000298   Number         0  startup_stm32f765xx.o(.text)
    .text                                    0x080002d8   Section      238  lludivv7m.o(.text)
    .text                                    0x080003c6   Section       78  rt_memclr_w.o(.text)
    .text                                    0x08000414   Section        0  heapauxi.o(.text)
    .text                                    0x0800041a   Section       74  sys_stackheap_outer.o(.text)
    .text                                    0x08000464   Section        0  exit.o(.text)
    .text                                    0x08000478   Section        8  libspace.o(.text)
    .text                                    0x08000480   Section        0  sys_exit.o(.text)
    .text                                    0x0800048c   Section        2  use_no_semi.o(.text)
    .text                                    0x0800048e   Section        0  indicate_semi.o(.text)
    i.ADC_Init                               0x08000490   Section        0  stm32f7xx_hal_adc.o(i.ADC_Init)
    ADC_Init                                 0x08000491   Thumb Code   298  stm32f7xx_hal_adc.o(i.ADC_Init)
    i.BusFault_Handler                       0x080005c8   Section        0  stm32f7xx_it.o(i.BusFault_Handler)
    i.DebugMon_Handler                       0x080005ca   Section        0  stm32f7xx_it.o(i.DebugMon_Handler)
    i.Error_Handler                          0x080005cc   Section        0  main.o(i.Error_Handler)
    i.HAL_ADC_ConfigChannel                  0x080005d0   Section        0  stm32f7xx_hal_adc.o(i.HAL_ADC_ConfigChannel)
    i.HAL_ADC_Init                           0x08000790   Section        0  stm32f7xx_hal_adc.o(i.HAL_ADC_Init)
    i.HAL_ADC_MspInit                        0x080007e4   Section        0  stm32f7xx_hal_msp.o(i.HAL_ADC_MspInit)
    i.HAL_GPIO_Init                          0x08000844   Section        0  stm32f7xx_hal_gpio.o(i.HAL_GPIO_Init)
    i.HAL_GPIO_WritePin                      0x08000a8c   Section        0  stm32f7xx_hal_gpio.o(i.HAL_GPIO_WritePin)
    i.HAL_GetTick                            0x08000a98   Section        0  stm32f7xx_hal.o(i.HAL_GetTick)
    i.HAL_I2CEx_ConfigAnalogFilter           0x08000aa4   Section        0  stm32f7xx_hal_i2c_ex.o(i.HAL_I2CEx_ConfigAnalogFilter)
    i.HAL_I2CEx_ConfigDigitalFilter          0x08000afc   Section        0  stm32f7xx_hal_i2c_ex.o(i.HAL_I2CEx_ConfigDigitalFilter)
    i.HAL_I2C_Init                           0x08000b50   Section        0  stm32f7xx_hal_i2c.o(i.HAL_I2C_Init)
    i.HAL_I2C_MspInit                        0x08000c08   Section        0  stm32f7xx_hal_msp.o(i.HAL_I2C_MspInit)
    i.HAL_IncTick                            0x08000d1c   Section        0  stm32f7xx_hal.o(i.HAL_IncTick)
    i.HAL_Init                               0x08000d2c   Section        0  stm32f7xx_hal.o(i.HAL_Init)
    i.HAL_InitTick                           0x08000d44   Section        0  stm32f7xx_hal.o(i.HAL_InitTick)
    i.HAL_MPU_ConfigRegion                   0x08000d84   Section        0  stm32f7xx_hal_cortex.o(i.HAL_MPU_ConfigRegion)
    i.HAL_MPU_Disable                        0x08000de0   Section        0  stm32f7xx_hal_cortex.o(i.HAL_MPU_Disable)
    i.HAL_MPU_Enable                         0x08000dfc   Section        0  stm32f7xx_hal_cortex.o(i.HAL_MPU_Enable)
    i.HAL_MspInit                            0x08000e20   Section        0  stm32f7xx_hal_msp.o(i.HAL_MspInit)
    i.HAL_NVIC_SetPriority                   0x08000e50   Section        0  stm32f7xx_hal_cortex.o(i.HAL_NVIC_SetPriority)
    i.HAL_NVIC_SetPriorityGrouping           0x08000e90   Section        0  stm32f7xx_hal_cortex.o(i.HAL_NVIC_SetPriorityGrouping)
    i.HAL_PWREx_EnableOverDrive              0x08000eb4   Section        0  stm32f7xx_hal_pwr_ex.o(i.HAL_PWREx_EnableOverDrive)
    i.HAL_RCCEx_PeriphCLKConfig              0x08000f20   Section        0  stm32f7xx_hal_rcc_ex.o(i.HAL_RCCEx_PeriphCLKConfig)
    i.HAL_RCC_ClockConfig                    0x08001424   Section        0  stm32f7xx_hal_rcc.o(i.HAL_RCC_ClockConfig)
    i.HAL_RCC_GetSysClockFreq                0x08001554   Section        0  stm32f7xx_hal_rcc.o(i.HAL_RCC_GetSysClockFreq)
    i.HAL_RCC_OscConfig                      0x080015b8   Section        0  stm32f7xx_hal_rcc.o(i.HAL_RCC_OscConfig)
    i.HAL_SYSTICK_Config                     0x08001950   Section        0  stm32f7xx_hal_cortex.o(i.HAL_SYSTICK_Config)
    i.HAL_TIMEx_MasterConfigSynchronization  0x08001978   Section        0  stm32f7xx_hal_tim_ex.o(i.HAL_TIMEx_MasterConfigSynchronization)
    i.HAL_TIM_IC_ConfigChannel               0x08001a1c   Section        0  stm32f7xx_hal_tim.o(i.HAL_TIM_IC_ConfigChannel)
    i.HAL_TIM_IC_Init                        0x08001b3e   Section        0  stm32f7xx_hal_tim.o(i.HAL_TIM_IC_Init)
    i.HAL_TIM_IC_MspInit                     0x08001ba0   Section        0  stm32f7xx_hal_msp.o(i.HAL_TIM_IC_MspInit)
    i.HAL_TIM_MspPostInit                    0x08001c48   Section        0  stm32f7xx_hal_msp.o(i.HAL_TIM_MspPostInit)
    i.HAL_TIM_PWM_ConfigChannel              0x08001d08   Section        0  stm32f7xx_hal_tim.o(i.HAL_TIM_PWM_ConfigChannel)
    i.HAL_TIM_PWM_Init                       0x08001e2c   Section        0  stm32f7xx_hal_tim.o(i.HAL_TIM_PWM_Init)
    i.HAL_TIM_PWM_MspInit                    0x08001e90   Section        0  stm32f7xx_hal_msp.o(i.HAL_TIM_PWM_MspInit)
    i.HardFault_Handler                      0x08001ecc   Section        0  stm32f7xx_it.o(i.HardFault_Handler)
    i.LL_AHB1_GRP1_EnableClock               0x08001ed0   Section        0  main.o(i.LL_AHB1_GRP1_EnableClock)
    LL_AHB1_GRP1_EnableClock                 0x08001ed1   Thumb Code    18  main.o(i.LL_AHB1_GRP1_EnableClock)
    i.LL_APB1_GRP1_EnableClock               0x08001ee8   Section        0  main.o(i.LL_APB1_GRP1_EnableClock)
    LL_APB1_GRP1_EnableClock                 0x08001ee9   Thumb Code    18  main.o(i.LL_APB1_GRP1_EnableClock)
    i.LL_GPIO_Init                           0x08001f00   Section        0  stm32f7xx_ll_gpio.o(i.LL_GPIO_Init)
    i.LL_RCC_GetUARTClockFreq                0x08002040   Section        0  stm32f7xx_ll_rcc.o(i.LL_RCC_GetUARTClockFreq)
    i.LL_RCC_GetUARTClockSource              0x080020fc   Section        0  stm32f7xx_ll_rcc.o(i.LL_RCC_GetUARTClockSource)
    LL_RCC_GetUARTClockSource                0x080020fd   Thumb Code    12  stm32f7xx_ll_rcc.o(i.LL_RCC_GetUARTClockSource)
    i.LL_RCC_GetUSARTClockFreq               0x0800210c   Section        0  stm32f7xx_ll_rcc.o(i.LL_RCC_GetUSARTClockFreq)
    i.LL_RCC_GetUSARTClockSource             0x080021c8   Section        0  stm32f7xx_ll_rcc.o(i.LL_RCC_GetUSARTClockSource)
    LL_RCC_GetUSARTClockSource               0x080021c9   Thumb Code    12  stm32f7xx_ll_rcc.o(i.LL_RCC_GetUSARTClockSource)
    i.LL_RCC_HSI_IsReady                     0x080021d8   Section        0  stm32f7xx_ll_rcc.o(i.LL_RCC_HSI_IsReady)
    LL_RCC_HSI_IsReady                       0x080021d9   Thumb Code    10  stm32f7xx_ll_rcc.o(i.LL_RCC_HSI_IsReady)
    i.LL_RCC_LSE_IsReady                     0x080021e8   Section        0  stm32f7xx_ll_rcc.o(i.LL_RCC_LSE_IsReady)
    LL_RCC_LSE_IsReady                       0x080021e9   Thumb Code    10  stm32f7xx_ll_rcc.o(i.LL_RCC_LSE_IsReady)
    i.LL_RCC_PLL_GetDivider                  0x080021f8   Section        0  stm32f7xx_ll_rcc.o(i.LL_RCC_PLL_GetDivider)
    LL_RCC_PLL_GetDivider                    0x080021f9   Thumb Code    10  stm32f7xx_ll_rcc.o(i.LL_RCC_PLL_GetDivider)
    i.LL_RCC_PLL_GetMainSource               0x08002208   Section        0  stm32f7xx_ll_rcc.o(i.LL_RCC_PLL_GetMainSource)
    LL_RCC_PLL_GetMainSource                 0x08002209   Thumb Code    10  stm32f7xx_ll_rcc.o(i.LL_RCC_PLL_GetMainSource)
    i.LL_USART_ConfigAsyncMode               0x08002218   Section        0  main.o(i.LL_USART_ConfigAsyncMode)
    LL_USART_ConfigAsyncMode                 0x08002219   Thumb Code    18  main.o(i.LL_USART_ConfigAsyncMode)
    i.LL_USART_Init                          0x0800222c   Section        0  stm32f7xx_ll_usart.o(i.LL_USART_Init)
    i.MX_ADC1_Init                           0x08002330   Section        0  main.o(i.MX_ADC1_Init)
    MX_ADC1_Init                             0x08002331   Thumb Code    86  main.o(i.MX_ADC1_Init)
    i.MX_GPIO_Init                           0x08002394   Section        0  main.o(i.MX_GPIO_Init)
    MX_GPIO_Init                             0x08002395   Thumb Code   202  main.o(i.MX_GPIO_Init)
    i.MX_I2C1_Init                           0x0800246c   Section        0  main.o(i.MX_I2C1_Init)
    MX_I2C1_Init                             0x0800246d   Thumb Code    72  main.o(i.MX_I2C1_Init)
    i.MX_I2C3_Init                           0x080024c0   Section        0  main.o(i.MX_I2C3_Init)
    MX_I2C3_Init                             0x080024c1   Thumb Code    72  main.o(i.MX_I2C3_Init)
    i.MX_TIM2_Init                           0x08002514   Section        0  main.o(i.MX_TIM2_Init)
    MX_TIM2_Init                             0x08002515   Thumb Code   152  main.o(i.MX_TIM2_Init)
    i.MX_TIM3_Init                           0x080025b0   Section        0  main.o(i.MX_TIM3_Init)
    MX_TIM3_Init                             0x080025b1   Thumb Code   152  main.o(i.MX_TIM3_Init)
    i.MX_TIM4_Init                           0x08002650   Section        0  main.o(i.MX_TIM4_Init)
    MX_TIM4_Init                             0x08002651   Thumb Code   148  main.o(i.MX_TIM4_Init)
    i.MX_TIM5_Init                           0x080026ec   Section        0  main.o(i.MX_TIM5_Init)
    MX_TIM5_Init                             0x080026ed   Thumb Code   146  main.o(i.MX_TIM5_Init)
    i.MX_UART5_Init                          0x08002788   Section        0  main.o(i.MX_UART5_Init)
    MX_UART5_Init                            0x08002789   Thumb Code   170  main.o(i.MX_UART5_Init)
    i.MX_USART1_UART_Init                    0x0800283c   Section        0  main.o(i.MX_USART1_UART_Init)
    MX_USART1_UART_Init                      0x0800283d   Thumb Code   178  main.o(i.MX_USART1_UART_Init)
    i.MX_USART2_UART_Init                    0x080028fc   Section        0  main.o(i.MX_USART2_UART_Init)
    MX_USART2_UART_Init                      0x080028fd   Thumb Code   168  main.o(i.MX_USART2_UART_Init)
    i.MX_USART3_UART_Init                    0x080029ac   Section        0  main.o(i.MX_USART3_UART_Init)
    MX_USART3_UART_Init                      0x080029ad   Thumb Code   168  main.o(i.MX_USART3_UART_Init)
    i.MemManage_Handler                      0x08002a5c   Section        0  stm32f7xx_it.o(i.MemManage_Handler)
    i.NMI_Handler                            0x08002a5e   Section        0  stm32f7xx_it.o(i.NMI_Handler)
    i.PendSV_Handler                         0x08002a60   Section        0  stm32f7xx_it.o(i.PendSV_Handler)
    i.RCC_GetHCLKClockFreq                   0x08002a64   Section        0  stm32f7xx_ll_rcc.o(i.RCC_GetHCLKClockFreq)
    i.RCC_GetPCLK1ClockFreq                  0x08002a80   Section        0  stm32f7xx_ll_rcc.o(i.RCC_GetPCLK1ClockFreq)
    i.RCC_GetPCLK2ClockFreq                  0x08002a9c   Section        0  stm32f7xx_ll_rcc.o(i.RCC_GetPCLK2ClockFreq)
    i.RCC_GetSystemClockFreq                 0x08002ab8   Section        0  stm32f7xx_ll_rcc.o(i.RCC_GetSystemClockFreq)
    i.RCC_PLL_GetFreqDomain_SYS              0x08002ae0   Section        0  stm32f7xx_ll_rcc.o(i.RCC_PLL_GetFreqDomain_SYS)
    i.SVC_Handler                            0x08002b24   Section        0  stm32f7xx_it.o(i.SVC_Handler)
    i.SysTick_Handler                        0x08002b26   Section        0  stm32f7xx_it.o(i.SysTick_Handler)
    i.SystemClock_Config                     0x08002b2c   Section        0  main.o(i.SystemClock_Config)
    i.SystemInit                             0x08002bd0   Section        0  system_stm32f7xx.o(i.SystemInit)
    i.TIM_Base_SetConfig                     0x08002be0   Section        0  stm32f7xx_hal_tim.o(i.TIM_Base_SetConfig)
    i.TIM_OC1_SetConfig                      0x08002cac   Section        0  stm32f7xx_hal_tim.o(i.TIM_OC1_SetConfig)
    TIM_OC1_SetConfig                        0x08002cad   Thumb Code   102  stm32f7xx_hal_tim.o(i.TIM_OC1_SetConfig)
    i.TIM_OC2_SetConfig                      0x08002d20   Section        0  stm32f7xx_hal_tim.o(i.TIM_OC2_SetConfig)
    i.TIM_OC3_SetConfig                      0x08002d98   Section        0  stm32f7xx_hal_tim.o(i.TIM_OC3_SetConfig)
    TIM_OC3_SetConfig                        0x08002d99   Thumb Code   108  stm32f7xx_hal_tim.o(i.TIM_OC3_SetConfig)
    i.TIM_OC4_SetConfig                      0x08002e10   Section        0  stm32f7xx_hal_tim.o(i.TIM_OC4_SetConfig)
    TIM_OC4_SetConfig                        0x08002e11   Thumb Code    76  stm32f7xx_hal_tim.o(i.TIM_OC4_SetConfig)
    i.TIM_OC5_SetConfig                      0x08002e68   Section        0  stm32f7xx_hal_tim.o(i.TIM_OC5_SetConfig)
    TIM_OC5_SetConfig                        0x08002e69   Thumb Code    74  stm32f7xx_hal_tim.o(i.TIM_OC5_SetConfig)
    i.TIM_OC6_SetConfig                      0x08002ec0   Section        0  stm32f7xx_hal_tim.o(i.TIM_OC6_SetConfig)
    TIM_OC6_SetConfig                        0x08002ec1   Thumb Code    74  stm32f7xx_hal_tim.o(i.TIM_OC6_SetConfig)
    i.TIM_TI1_SetConfig                      0x08002f18   Section        0  stm32f7xx_hal_tim.o(i.TIM_TI1_SetConfig)
    i.TIM_TI2_SetConfig                      0x08002f98   Section        0  stm32f7xx_hal_tim.o(i.TIM_TI2_SetConfig)
    TIM_TI2_SetConfig                        0x08002f99   Thumb Code    54  stm32f7xx_hal_tim.o(i.TIM_TI2_SetConfig)
    i.UsageFault_Handler                     0x08002fce   Section        0  stm32f7xx_it.o(i.UsageFault_Handler)
    i.__NVIC_SetPriority                     0x08002fd0   Section        0  stm32f7xx_hal_cortex.o(i.__NVIC_SetPriority)
    __NVIC_SetPriority                       0x08002fd1   Thumb Code    34  stm32f7xx_hal_cortex.o(i.__NVIC_SetPriority)
    i.main                                   0x08002ff2   Section        0  main.o(i.main)
    x$fpl$fpinit                             0x08003078   Section       10  fpinit.o(x$fpl$fpinit)
    $v0                                      0x08003078   Number         0  fpinit.o(x$fpl$fpinit)
    .constdata                               0x08003082   Section       16  system_stm32f7xx.o(.constdata)
    .constdata                               0x08003092   Section        8  system_stm32f7xx.o(.constdata)
    .data                                    0x20000000   Section       12  stm32f7xx_hal.o(.data)
    .data                                    0x2000000c   Section        4  system_stm32f7xx.o(.data)
    .bss                                     0x20000010   Section      528  main.o(.bss)
    .bss                                     0x20000220   Section       96  libspace.o(.bss)
    HEAP                                     0x20000280   Section      512  startup_stm32f765xx.o(HEAP)
    Heap_Mem                                 0x20000280   Data         512  startup_stm32f765xx.o(HEAP)
    STACK                                    0x20000480   Section     1024  startup_stm32f765xx.o(STACK)
    Stack_Mem                                0x20000480   Data        1024  startup_stm32f765xx.o(STACK)
    __initial_sp                             0x20000880   Data           0  startup_stm32f765xx.o(STACK)

    Global Symbols

    Symbol Name                              Value     Ov Type        Size  Object(Section)

    BuildAttributes$$THM_ISAv4$E$P$D$K$B$S$7EM$VFPv5_D16$PE$PLD8$A:L22UL41UL21$X:L11$S22US41US21$IEEE1$IW$USESV6$~STKCKD$USESV7$~SHL$OSPACE$ROPI$EBA8$UX$STANDARDLIB$REQ8$PRES8$EABIv2 0x00000000   Number         0  anon$$obj.o ABSOLUTE
    __ARM_use_no_argv                        0x00000000   Number         0  main.o ABSOLUTE
    __ARM_exceptions_init                     - Undefined Weak Reference
    __alloca_initialize                       - Undefined Weak Reference
    __arm_preinit_                            - Undefined Weak Reference
    __cpp_initialize__aeabi_                  - Undefined Weak Reference
    __cxa_finalize                            - Undefined Weak Reference
    __rt_locale                               - Undefined Weak Reference
    __sigvec_lookup                           - Undefined Weak Reference
    _atexit_init                              - Undefined Weak Reference
    _call_atexit_fns                          - Undefined Weak Reference
    _clock_init                               - Undefined Weak Reference
    _fp_trap_init                             - Undefined Weak Reference
    _fp_trap_shutdown                         - Undefined Weak Reference
    _get_lc_collate                           - Undefined Weak Reference
    _get_lc_ctype                             - Undefined Weak Reference
    _get_lc_monetary                          - Undefined Weak Reference
    _get_lc_numeric                           - Undefined Weak Reference
    _get_lc_time                              - Undefined Weak Reference
    _getenv_init                              - Undefined Weak Reference
    _handle_redirection                       - Undefined Weak Reference
    _init_alloc                               - Undefined Weak Reference
    _init_user_alloc                          - Undefined Weak Reference
    _initio                                   - Undefined Weak Reference
    _rand_init                                - Undefined Weak Reference
    _signal_finish                            - Undefined Weak Reference
    _signal_init                              - Undefined Weak Reference
    _terminate_alloc                          - Undefined Weak Reference
    _terminate_user_alloc                     - Undefined Weak Reference
    _terminateio                              - Undefined Weak Reference
    __Vectors_Size                           0x000001f8   Number         0  startup_stm32f765xx.o ABSOLUTE
    __Vectors                                0x08000000   Data           4  startup_stm32f765xx.o(RESET)
    __Vectors_End                            0x080001f8   Data           0  startup_stm32f765xx.o(RESET)
    __main                                   0x080001f9   Thumb Code     8  __main.o(!!!main)
    __scatterload                            0x08000201   Thumb Code     0  __scatter.o(!!!scatter)
    __scatterload_rt2                        0x08000201   Thumb Code    44  __scatter.o(!!!scatter)
    __scatterload_rt2_thumb_only             0x08000201   Thumb Code     0  __scatter.o(!!!scatter)
    __scatterload_null                       0x0800020f   Thumb Code     0  __scatter.o(!!!scatter)
    __scatterload_copy                       0x08000235   Thumb Code    26  __scatter_copy.o(!!handler_copy)
    __scatterload_zeroinit                   0x08000251   Thumb Code    28  __scatter_zi.o(!!handler_zi)
    __rt_lib_init                            0x0800026d   Thumb Code     0  libinit.o(.ARM.Collect$$libinit$$00000000)
    __rt_lib_init_fp_1                       0x0800026f   Thumb Code     0  libinit2.o(.ARM.Collect$$libinit$$00000001)
    __rt_lib_init_alloca_1                   0x08000273   Thumb Code     0  libinit2.o(.ARM.Collect$$libinit$$0000002E)
    __rt_lib_init_argv_1                     0x08000273   Thumb Code     0  libinit2.o(.ARM.Collect$$libinit$$0000002C)
    __rt_lib_init_atexit_1                   0x08000273   Thumb Code     0  libinit2.o(.ARM.Collect$$libinit$$0000001B)
    __rt_lib_init_clock_1                    0x08000273   Thumb Code     0  libinit2.o(.ARM.Collect$$libinit$$00000021)
    __rt_lib_init_cpp_1                      0x08000273   Thumb Code     0  libinit2.o(.ARM.Collect$$libinit$$00000032)
    __rt_lib_init_exceptions_1               0x08000273   Thumb Code     0  libinit2.o(.ARM.Collect$$libinit$$00000030)
    __rt_lib_init_fp_trap_1                  0x08000273   Thumb Code     0  libinit2.o(.ARM.Collect$$libinit$$0000001F)
    __rt_lib_init_getenv_1                   0x08000273   Thumb Code     0  libinit2.o(.ARM.Collect$$libinit$$00000023)
    __rt_lib_init_heap_1                     0x08000273   Thumb Code     0  libinit2.o(.ARM.Collect$$libinit$$0000000A)
    __rt_lib_init_lc_collate_1               0x08000273   Thumb Code     0  libinit2.o(.ARM.Collect$$libinit$$00000011)
    __rt_lib_init_lc_ctype_1                 0x08000273   Thumb Code     0  libinit2.o(.ARM.Collect$$libinit$$00000013)
    __rt_lib_init_lc_monetary_1              0x08000273   Thumb Code     0  libinit2.o(.ARM.Collect$$libinit$$00000015)
    __rt_lib_init_lc_numeric_1               0x08000273   Thumb Code     0  libinit2.o(.ARM.Collect$$libinit$$00000017)
    __rt_lib_init_lc_time_1                  0x08000273   Thumb Code     0  libinit2.o(.ARM.Collect$$libinit$$00000019)
    __rt_lib_init_preinit_1                  0x08000273   Thumb Code     0  libinit2.o(.ARM.Collect$$libinit$$00000004)
    __rt_lib_init_rand_1                     0x08000273   Thumb Code     0  libinit2.o(.ARM.Collect$$libinit$$0000000E)
    __rt_lib_init_return                     0x08000273   Thumb Code     0  libinit2.o(.ARM.Collect$$libinit$$00000033)
    __rt_lib_init_signal_1                   0x08000273   Thumb Code     0  libinit2.o(.ARM.Collect$$libinit$$0000001D)
    __rt_lib_init_stdio_1                    0x08000273   Thumb Code     0  libinit2.o(.ARM.Collect$$libinit$$00000025)
    __rt_lib_init_user_alloc_1               0x08000273   Thumb Code     0  libinit2.o(.ARM.Collect$$libinit$$0000000C)
    __rt_lib_shutdown                        0x08000275   Thumb Code     0  libshutdown.o(.ARM.Collect$$libshutdown$$00000000)
    __rt_lib_shutdown_cpp_1                  0x08000277   Thumb Code     0  libshutdown2.o(.ARM.Collect$$libshutdown$$00000002)
    __rt_lib_shutdown_fp_trap_1              0x08000277   Thumb Code     0  libshutdown2.o(.ARM.Collect$$libshutdown$$00000007)
    __rt_lib_shutdown_heap_1                 0x08000277   Thumb Code     0  libshutdown2.o(.ARM.Collect$$libshutdown$$0000000F)
    __rt_lib_shutdown_return                 0x08000277   Thumb Code     0  libshutdown2.o(.ARM.Collect$$libshutdown$$00000010)
    __rt_lib_shutdown_signal_1               0x08000277   Thumb Code     0  libshutdown2.o(.ARM.Collect$$libshutdown$$0000000A)
    __rt_lib_shutdown_stdio_1                0x08000277   Thumb Code     0  libshutdown2.o(.ARM.Collect$$libshutdown$$00000004)
    __rt_lib_shutdown_user_alloc_1           0x08000277   Thumb Code     0  libshutdown2.o(.ARM.Collect$$libshutdown$$0000000C)
    __rt_entry                               0x08000279   Thumb Code     0  __rtentry.o(.ARM.Collect$$rtentry$$00000000)
    __rt_entry_presh_1                       0x08000279   Thumb Code     0  __rtentry2.o(.ARM.Collect$$rtentry$$00000002)
    __rt_entry_sh                            0x08000279   Thumb Code     0  __rtentry4.o(.ARM.Collect$$rtentry$$00000004)
    __rt_entry_li                            0x0800027f   Thumb Code     0  __rtentry2.o(.ARM.Collect$$rtentry$$0000000A)
    __rt_entry_postsh_1                      0x0800027f   Thumb Code     0  __rtentry2.o(.ARM.Collect$$rtentry$$00000009)
    __rt_entry_main                          0x08000283   Thumb Code     0  __rtentry2.o(.ARM.Collect$$rtentry$$0000000D)
    __rt_entry_postli_1                      0x08000283   Thumb Code     0  __rtentry2.o(.ARM.Collect$$rtentry$$0000000C)
    __rt_exit                                0x0800028b   Thumb Code     0  rtexit.o(.ARM.Collect$$rtexit$$00000000)
    __rt_exit_ls                             0x0800028d   Thumb Code     0  rtexit2.o(.ARM.Collect$$rtexit$$00000003)
    __rt_exit_prels_1                        0x0800028d   Thumb Code     0  rtexit2.o(.ARM.Collect$$rtexit$$00000002)
    __rt_exit_exit                           0x08000291   Thumb Code     0  rtexit2.o(.ARM.Collect$$rtexit$$00000004)
    Reset_Handler                            0x08000299   Thumb Code     8  startup_stm32f765xx.o(.text)
    ADC_IRQHandler                           0x080002b3   Thumb Code     0  startup_stm32f765xx.o(.text)
    CAN1_RX0_IRQHandler                      0x080002b3   Thumb Code     0  startup_stm32f765xx.o(.text)
    CAN1_RX1_IRQHandler                      0x080002b3   Thumb Code     0  startup_stm32f765xx.o(.text)
    CAN1_SCE_IRQHandler                      0x080002b3   Thumb Code     0  startup_stm32f765xx.o(.text)
    CAN1_TX_IRQHandler                       0x080002b3   Thumb Code     0  startup_stm32f765xx.o(.text)
    CAN2_RX0_IRQHandler                      0x080002b3   Thumb Code     0  startup_stm32f765xx.o(.text)
    CAN2_RX1_IRQHandler                      0x080002b3   Thumb Code     0  startup_stm32f765xx.o(.text)
    CAN2_SCE_IRQHandler                      0x080002b3   Thumb Code     0  startup_stm32f765xx.o(.text)
    CAN2_TX_IRQHandler                       0x080002b3   Thumb Code     0  startup_stm32f765xx.o(.text)
    CAN3_RX0_IRQHandler                      0x080002b3   Thumb Code     0  startup_stm32f765xx.o(.text)
    CAN3_RX1_IRQHandler                      0x080002b3   Thumb Code     0  startup_stm32f765xx.o(.text)
    CAN3_SCE_IRQHandler                      0x080002b3   Thumb Code     0  startup_stm32f765xx.o(.text)
    CAN3_TX_IRQHandler                       0x080002b3   Thumb Code     0  startup_stm32f765xx.o(.text)
    CEC_IRQHandler                           0x080002b3   Thumb Code     0  startup_stm32f765xx.o(.text)
    DCMI_IRQHandler                          0x080002b3   Thumb Code     0  startup_stm32f765xx.o(.text)
    DFSDM1_FLT0_IRQHandler                   0x080002b3   Thumb Code     0  startup_stm32f765xx.o(.text)
    DFSDM1_FLT1_IRQHandler                   0x080002b3   Thumb Code     0  startup_stm32f765xx.o(.text)
    DFSDM1_FLT2_IRQHandler                   0x080002b3   Thumb Code     0  startup_stm32f765xx.o(.text)
    DFSDM1_FLT3_IRQHandler                   0x080002b3   Thumb Code     0  startup_stm32f765xx.o(.text)
    DMA1_Stream0_IRQHandler                  0x080002b3   Thumb Code     0  startup_stm32f765xx.o(.text)
    DMA1_Stream1_IRQHandler                  0x080002b3   Thumb Code     0  startup_stm32f765xx.o(.text)
    DMA1_Stream2_IRQHandler                  0x080002b3   Thumb Code     0  startup_stm32f765xx.o(.text)
    DMA1_Stream3_IRQHandler                  0x080002b3   Thumb Code     0  startup_stm32f765xx.o(.text)
    DMA1_Stream4_IRQHandler                  0x080002b3   Thumb Code     0  startup_stm32f765xx.o(.text)
    DMA1_Stream5_IRQHandler                  0x080002b3   Thumb Code     0  startup_stm32f765xx.o(.text)
    DMA1_Stream6_IRQHandler                  0x080002b3   Thumb Code     0  startup_stm32f765xx.o(.text)
    DMA1_Stream7_IRQHandler                  0x080002b3   Thumb Code     0  startup_stm32f765xx.o(.text)
    DMA2D_IRQHandler                         0x080002b3   Thumb Code     0  startup_stm32f765xx.o(.text)
    DMA2_Stream0_IRQHandler                  0x080002b3   Thumb Code     0  startup_stm32f765xx.o(.text)
    DMA2_Stream1_IRQHandler                  0x080002b3   Thumb Code     0  startup_stm32f765xx.o(.text)
    DMA2_Stream2_IRQHandler                  0x080002b3   Thumb Code     0  startup_stm32f765xx.o(.text)
    DMA2_Stream3_IRQHandler                  0x080002b3   Thumb Code     0  startup_stm32f765xx.o(.text)
    DMA2_Stream4_IRQHandler                  0x080002b3   Thumb Code     0  startup_stm32f765xx.o(.text)
    DMA2_Stream5_IRQHandler                  0x080002b3   Thumb Code     0  startup_stm32f765xx.o(.text)
    DMA2_Stream6_IRQHandler                  0x080002b3   Thumb Code     0  startup_stm32f765xx.o(.text)
    DMA2_Stream7_IRQHandler                  0x080002b3   Thumb Code     0  startup_stm32f765xx.o(.text)
    ETH_IRQHandler                           0x080002b3   Thumb Code     0  startup_stm32f765xx.o(.text)
    ETH_WKUP_IRQHandler                      0x080002b3   Thumb Code     0  startup_stm32f765xx.o(.text)
    EXTI0_IRQHandler                         0x080002b3   Thumb Code     0  startup_stm32f765xx.o(.text)
    EXTI15_10_IRQHandler                     0x080002b3   Thumb Code     0  startup_stm32f765xx.o(.text)
    EXTI1_IRQHandler                         0x080002b3   Thumb Code     0  startup_stm32f765xx.o(.text)
    EXTI2_IRQHandler                         0x080002b3   Thumb Code     0  startup_stm32f765xx.o(.text)
    EXTI3_IRQHandler                         0x080002b3   Thumb Code     0  startup_stm32f765xx.o(.text)
    EXTI4_IRQHandler                         0x080002b3   Thumb Code     0  startup_stm32f765xx.o(.text)
    EXTI9_5_IRQHandler                       0x080002b3   Thumb Code     0  startup_stm32f765xx.o(.text)
    FLASH_IRQHandler                         0x080002b3   Thumb Code     0  startup_stm32f765xx.o(.text)
    FMC_IRQHandler                           0x080002b3   Thumb Code     0  startup_stm32f765xx.o(.text)
    FPU_IRQHandler                           0x080002b3   Thumb Code     0  startup_stm32f765xx.o(.text)
    I2C1_ER_IRQHandler                       0x080002b3   Thumb Code     0  startup_stm32f765xx.o(.text)
    I2C1_EV_IRQHandler                       0x080002b3   Thumb Code     0  startup_stm32f765xx.o(.text)
    I2C2_ER_IRQHandler                       0x080002b3   Thumb Code     0  startup_stm32f765xx.o(.text)
    I2C2_EV_IRQHandler                       0x080002b3   Thumb Code     0  startup_stm32f765xx.o(.text)
    I2C3_ER_IRQHandler                       0x080002b3   Thumb Code     0  startup_stm32f765xx.o(.text)
    I2C3_EV_IRQHandler                       0x080002b3   Thumb Code     0  startup_stm32f765xx.o(.text)
    I2C4_ER_IRQHandler                       0x080002b3   Thumb Code     0  startup_stm32f765xx.o(.text)
    I2C4_EV_IRQHandler                       0x080002b3   Thumb Code     0  startup_stm32f765xx.o(.text)
    LPTIM1_IRQHandler                        0x080002b3   Thumb Code     0  startup_stm32f765xx.o(.text)
    MDIOS_IRQHandler                         0x080002b3   Thumb Code     0  startup_stm32f765xx.o(.text)
    OTG_FS_IRQHandler                        0x080002b3   Thumb Code     0  startup_stm32f765xx.o(.text)
    OTG_FS_WKUP_IRQHandler                   0x080002b3   Thumb Code     0  startup_stm32f765xx.o(.text)
    OTG_HS_EP1_IN_IRQHandler                 0x080002b3   Thumb Code     0  startup_stm32f765xx.o(.text)
    OTG_HS_EP1_OUT_IRQHandler                0x080002b3   Thumb Code     0  startup_stm32f765xx.o(.text)
    OTG_HS_IRQHandler                        0x080002b3   Thumb Code     0  startup_stm32f765xx.o(.text)
    OTG_HS_WKUP_IRQHandler                   0x080002b3   Thumb Code     0  startup_stm32f765xx.o(.text)
    PVD_IRQHandler                           0x080002b3   Thumb Code     0  startup_stm32f765xx.o(.text)
    QUADSPI_IRQHandler                       0x080002b3   Thumb Code     0  startup_stm32f765xx.o(.text)
    RCC_IRQHandler                           0x080002b3   Thumb Code     0  startup_stm32f765xx.o(.text)
    RNG_IRQHandler                           0x080002b3   Thumb Code     0  startup_stm32f765xx.o(.text)
    RTC_Alarm_IRQHandler                     0x080002b3   Thumb Code     0  startup_stm32f765xx.o(.text)
    RTC_WKUP_IRQHandler                      0x080002b3   Thumb Code     0  startup_stm32f765xx.o(.text)
    SAI1_IRQHandler                          0x080002b3   Thumb Code     0  startup_stm32f765xx.o(.text)
    SAI2_IRQHandler                          0x080002b3   Thumb Code     0  startup_stm32f765xx.o(.text)
    SDMMC1_IRQHandler                        0x080002b3   Thumb Code     0  startup_stm32f765xx.o(.text)
    SDMMC2_IRQHandler                        0x080002b3   Thumb Code     0  startup_stm32f765xx.o(.text)
    SPDIF_RX_IRQHandler                      0x080002b3   Thumb Code     0  startup_stm32f765xx.o(.text)
    SPI1_IRQHandler                          0x080002b3   Thumb Code     0  startup_stm32f765xx.o(.text)
    SPI2_IRQHandler                          0x080002b3   Thumb Code     0  startup_stm32f765xx.o(.text)
    SPI3_IRQHandler                          0x080002b3   Thumb Code     0  startup_stm32f765xx.o(.text)
    SPI4_IRQHandler                          0x080002b3   Thumb Code     0  startup_stm32f765xx.o(.text)
    SPI5_IRQHandler                          0x080002b3   Thumb Code     0  startup_stm32f765xx.o(.text)
    SPI6_IRQHandler                          0x080002b3   Thumb Code     0  startup_stm32f765xx.o(.text)
    TAMP_STAMP_IRQHandler                    0x080002b3   Thumb Code     0  startup_stm32f765xx.o(.text)
    TIM1_BRK_TIM9_IRQHandler                 0x080002b3   Thumb Code     0  startup_stm32f765xx.o(.text)
    TIM1_CC_IRQHandler                       0x080002b3   Thumb Code     0  startup_stm32f765xx.o(.text)
    TIM1_TRG_COM_TIM11_IRQHandler            0x080002b3   Thumb Code     0  startup_stm32f765xx.o(.text)
    TIM1_UP_TIM10_IRQHandler                 0x080002b3   Thumb Code     0  startup_stm32f765xx.o(.text)
    TIM2_IRQHandler                          0x080002b3   Thumb Code     0  startup_stm32f765xx.o(.text)
    TIM3_IRQHandler                          0x080002b3   Thumb Code     0  startup_stm32f765xx.o(.text)
    TIM4_IRQHandler                          0x080002b3   Thumb Code     0  startup_stm32f765xx.o(.text)
    TIM5_IRQHandler                          0x080002b3   Thumb Code     0  startup_stm32f765xx.o(.text)
    TIM6_DAC_IRQHandler                      0x080002b3   Thumb Code     0  startup_stm32f765xx.o(.text)
    TIM7_IRQHandler                          0x080002b3   Thumb Code     0  startup_stm32f765xx.o(.text)
    TIM8_BRK_TIM12_IRQHandler                0x080002b3   Thumb Code     0  startup_stm32f765xx.o(.text)
    TIM8_CC_IRQHandler                       0x080002b3   Thumb Code     0  startup_stm32f765xx.o(.text)
    TIM8_TRG_COM_TIM14_IRQHandler            0x080002b3   Thumb Code     0  startup_stm32f765xx.o(.text)
    TIM8_UP_TIM13_IRQHandler                 0x080002b3   Thumb Code     0  startup_stm32f765xx.o(.text)
    UART4_IRQHandler                         0x080002b3   Thumb Code     0  startup_stm32f765xx.o(.text)
    UART5_IRQHandler                         0x080002b3   Thumb Code     0  startup_stm32f765xx.o(.text)
    UART7_IRQHandler                         0x080002b3   Thumb Code     0  startup_stm32f765xx.o(.text)
    UART8_IRQHandler                         0x080002b3   Thumb Code     0  startup_stm32f765xx.o(.text)
    USART1_IRQHandler                        0x080002b3   Thumb Code     0  startup_stm32f765xx.o(.text)
    USART2_IRQHandler                        0x080002b3   Thumb Code     0  startup_stm32f765xx.o(.text)
    USART3_IRQHandler                        0x080002b3   Thumb Code     0  startup_stm32f765xx.o(.text)
    USART6_IRQHandler                        0x080002b3   Thumb Code     0  startup_stm32f765xx.o(.text)
    WWDG_IRQHandler                          0x080002b3   Thumb Code     0  startup_stm32f765xx.o(.text)
    __user_initial_stackheap                 0x080002b5   Thumb Code     0  startup_stm32f765xx.o(.text)
    __aeabi_uldivmod                         0x080002d9   Thumb Code     0  lludivv7m.o(.text)
    _ll_udiv                                 0x080002d9   Thumb Code   238  lludivv7m.o(.text)
    __aeabi_memclr4                          0x080003c7   Thumb Code     0  rt_memclr_w.o(.text)
    __aeabi_memclr8                          0x080003c7   Thumb Code     0  rt_memclr_w.o(.text)
    __rt_memclr_w                            0x080003c7   Thumb Code    78  rt_memclr_w.o(.text)
    _memset_w                                0x080003cb   Thumb Code     0  rt_memclr_w.o(.text)
    __use_two_region_memory                  0x08000415   Thumb Code     2  heapauxi.o(.text)
    __rt_heap_escrow$2region                 0x08000417   Thumb Code     2  heapauxi.o(.text)
    __rt_heap_expand$2region                 0x08000419   Thumb Code     2  heapauxi.o(.text)
    __user_setup_stackheap                   0x0800041b   Thumb Code    74  sys_stackheap_outer.o(.text)
    exit                                     0x08000465   Thumb Code    18  exit.o(.text)
    __user_libspace                          0x08000479   Thumb Code     8  libspace.o(.text)
    __user_perproc_libspace                  0x08000479   Thumb Code     0  libspace.o(.text)
    __user_perthread_libspace                0x08000479   Thumb Code     0  libspace.o(.text)
    _sys_exit                                0x08000481   Thumb Code     8  sys_exit.o(.text)
    __I$use$semihosting                      0x0800048d   Thumb Code     0  use_no_semi.o(.text)
    __use_no_semihosting_swi                 0x0800048d   Thumb Code     2  use_no_semi.o(.text)
    __semihosting_library_function           0x0800048f   Thumb Code     0  indicate_semi.o(.text)
    BusFault_Handler                         0x080005c9   Thumb Code     2  stm32f7xx_it.o(i.BusFault_Handler)
    DebugMon_Handler                         0x080005cb   Thumb Code     2  stm32f7xx_it.o(i.DebugMon_Handler)
    Error_Handler                            0x080005cd   Thumb Code     4  main.o(i.Error_Handler)
    HAL_ADC_ConfigChannel                    0x080005d1   Thumb Code   432  stm32f7xx_hal_adc.o(i.HAL_ADC_ConfigChannel)
    HAL_ADC_Init                             0x08000791   Thumb Code    84  stm32f7xx_hal_adc.o(i.HAL_ADC_Init)
    HAL_ADC_MspInit                          0x080007e5   Thumb Code    82  stm32f7xx_hal_msp.o(i.HAL_ADC_MspInit)
    HAL_GPIO_Init                            0x08000845   Thumb Code   530  stm32f7xx_hal_gpio.o(i.HAL_GPIO_Init)
    HAL_GPIO_WritePin                        0x08000a8d   Thumb Code    10  stm32f7xx_hal_gpio.o(i.HAL_GPIO_WritePin)
    HAL_GetTick                              0x08000a99   Thumb Code     6  stm32f7xx_hal.o(i.HAL_GetTick)
    HAL_I2CEx_ConfigAnalogFilter             0x08000aa5   Thumb Code    88  stm32f7xx_hal_i2c_ex.o(i.HAL_I2CEx_ConfigAnalogFilter)
    HAL_I2CEx_ConfigDigitalFilter            0x08000afd   Thumb Code    84  stm32f7xx_hal_i2c_ex.o(i.HAL_I2CEx_ConfigDigitalFilter)
    HAL_I2C_Init                             0x08000b51   Thumb Code   180  stm32f7xx_hal_i2c.o(i.HAL_I2C_Init)
    HAL_I2C_MspInit                          0x08000c09   Thumb Code   250  stm32f7xx_hal_msp.o(i.HAL_I2C_MspInit)
    HAL_IncTick                              0x08000d1d   Thumb Code    12  stm32f7xx_hal.o(i.HAL_IncTick)
    HAL_Init                                 0x08000d2d   Thumb Code    22  stm32f7xx_hal.o(i.HAL_Init)
    HAL_InitTick                             0x08000d45   Thumb Code    54  stm32f7xx_hal.o(i.HAL_InitTick)
    HAL_MPU_ConfigRegion                     0x08000d85   Thumb Code    86  stm32f7xx_hal_cortex.o(i.HAL_MPU_ConfigRegion)
    HAL_MPU_Disable                          0x08000de1   Thumb Code    24  stm32f7xx_hal_cortex.o(i.HAL_MPU_Disable)
    HAL_MPU_Enable                           0x08000dfd   Thumb Code    30  stm32f7xx_hal_cortex.o(i.HAL_MPU_Enable)
    HAL_MspInit                              0x08000e21   Thumb Code    42  stm32f7xx_hal_msp.o(i.HAL_MspInit)
    HAL_NVIC_SetPriority                     0x08000e51   Thumb Code    60  stm32f7xx_hal_cortex.o(i.HAL_NVIC_SetPriority)
    HAL_NVIC_SetPriorityGrouping             0x08000e91   Thumb Code    28  stm32f7xx_hal_cortex.o(i.HAL_NVIC_SetPriorityGrouping)
    HAL_PWREx_EnableOverDrive                0x08000eb5   Thumb Code   100  stm32f7xx_hal_pwr_ex.o(i.HAL_PWREx_EnableOverDrive)
    HAL_RCCEx_PeriphCLKConfig                0x08000f21   Thumb Code  1280  stm32f7xx_hal_rcc_ex.o(i.HAL_RCCEx_PeriphCLKConfig)
    HAL_RCC_ClockConfig                      0x08001425   Thumb Code   284  stm32f7xx_hal_rcc.o(i.HAL_RCC_ClockConfig)
    HAL_RCC_GetSysClockFreq                  0x08001555   Thumb Code    88  stm32f7xx_hal_rcc.o(i.HAL_RCC_GetSysClockFreq)
    HAL_RCC_OscConfig                        0x080015b9   Thumb Code   906  stm32f7xx_hal_rcc.o(i.HAL_RCC_OscConfig)
    HAL_SYSTICK_Config                       0x08001951   Thumb Code    38  stm32f7xx_hal_cortex.o(i.HAL_SYSTICK_Config)
    HAL_TIMEx_MasterConfigSynchronization    0x08001979   Thumb Code   134  stm32f7xx_hal_tim_ex.o(i.HAL_TIMEx_MasterConfigSynchronization)
    HAL_TIM_IC_ConfigChannel                 0x08001a1d   Thumb Code   290  stm32f7xx_hal_tim.o(i.HAL_TIM_IC_ConfigChannel)
    HAL_TIM_IC_Init                          0x08001b3f   Thumb Code    98  stm32f7xx_hal_tim.o(i.HAL_TIM_IC_Init)
    HAL_TIM_IC_MspInit                       0x08001ba1   Thumb Code   146  stm32f7xx_hal_msp.o(i.HAL_TIM_IC_MspInit)
    HAL_TIM_MspPostInit                      0x08001c49   Thumb Code   176  stm32f7xx_hal_msp.o(i.HAL_TIM_MspPostInit)
    HAL_TIM_PWM_ConfigChannel                0x08001d09   Thumb Code   292  stm32f7xx_hal_tim.o(i.HAL_TIM_PWM_ConfigChannel)
    HAL_TIM_PWM_Init                         0x08001e2d   Thumb Code    98  stm32f7xx_hal_tim.o(i.HAL_TIM_PWM_Init)
    HAL_TIM_PWM_MspInit                      0x08001e91   Thumb Code    52  stm32f7xx_hal_msp.o(i.HAL_TIM_PWM_MspInit)
    HardFault_Handler                        0x08001ecd   Thumb Code     2  stm32f7xx_it.o(i.HardFault_Handler)
    LL_GPIO_Init                             0x08001f01   Thumb Code   320  stm32f7xx_ll_gpio.o(i.LL_GPIO_Init)
    LL_RCC_GetUARTClockFreq                  0x08002041   Thumb Code   172  stm32f7xx_ll_rcc.o(i.LL_RCC_GetUARTClockFreq)
    LL_RCC_GetUSARTClockFreq                 0x0800210d   Thumb Code   180  stm32f7xx_ll_rcc.o(i.LL_RCC_GetUSARTClockFreq)
    LL_USART_Init                            0x0800222d   Thumb Code   224  stm32f7xx_ll_usart.o(i.LL_USART_Init)
    MemManage_Handler                        0x08002a5d   Thumb Code     2  stm32f7xx_it.o(i.MemManage_Handler)
    NMI_Handler                              0x08002a5f   Thumb Code     2  stm32f7xx_it.o(i.NMI_Handler)
    PendSV_Handler                           0x08002a61   Thumb Code     2  stm32f7xx_it.o(i.PendSV_Handler)
    RCC_GetHCLKClockFreq                     0x08002a65   Thumb Code    18  stm32f7xx_ll_rcc.o(i.RCC_GetHCLKClockFreq)
    RCC_GetPCLK1ClockFreq                    0x08002a81   Thumb Code    20  stm32f7xx_ll_rcc.o(i.RCC_GetPCLK1ClockFreq)
    RCC_GetPCLK2ClockFreq                    0x08002a9d   Thumb Code    20  stm32f7xx_ll_rcc.o(i.RCC_GetPCLK2ClockFreq)
    RCC_GetSystemClockFreq                   0x08002ab9   Thumb Code    28  stm32f7xx_ll_rcc.o(i.RCC_GetSystemClockFreq)
    RCC_PLL_GetFreqDomain_SYS                0x08002ae1   Thumb Code    56  stm32f7xx_ll_rcc.o(i.RCC_PLL_GetFreqDomain_SYS)
    SVC_Handler                              0x08002b25   Thumb Code     2  stm32f7xx_it.o(i.SVC_Handler)
    SysTick_Handler                          0x08002b27   Thumb Code     4  stm32f7xx_it.o(i.SysTick_Handler)
    SystemClock_Config                       0x08002b2d   Thumb Code   154  main.o(i.SystemClock_Config)
    SystemInit                               0x08002bd1   Thumb Code    12  system_stm32f7xx.o(i.SystemInit)
    TIM_Base_SetConfig                       0x08002be1   Thumb Code   158  stm32f7xx_hal_tim.o(i.TIM_Base_SetConfig)
    TIM_OC2_SetConfig                        0x08002d21   Thumb Code   108  stm32f7xx_hal_tim.o(i.TIM_OC2_SetConfig)
    TIM_TI1_SetConfig                        0x08002f19   Thumb Code   100  stm32f7xx_hal_tim.o(i.TIM_TI1_SetConfig)
    UsageFault_Handler                       0x08002fcf   Thumb Code     2  stm32f7xx_it.o(i.UsageFault_Handler)
    main                                     0x08002ff3   Thumb Code   134  main.o(i.main)
    _fp_init                                 0x08003079   Thumb Code    10  fpinit.o(x$fpl$fpinit)
    __fplib_config_fpu_vfp                   0x08003081   Thumb Code     0  fpinit.o(x$fpl$fpinit)
    __fplib_config_pureend_doubles           0x08003081   Thumb Code     0  fpinit.o(x$fpl$fpinit)
    AHBPrescTable                            0x08003082   Data          16  system_stm32f7xx.o(.constdata)
    APBPrescTable                            0x08003092   Data           8  system_stm32f7xx.o(.constdata)
    Region$$Table$$Base                      0x0800309c   Number         0  anon$$obj.o(Region$$Table)
    Region$$Table$$Limit                     0x080030bc   Number         0  anon$$obj.o(Region$$Table)
    uwTickFreq                               0x20000000   Data           1  stm32f7xx_hal.o(.data)
    uwTickPrio                               0x20000004   Data           4  stm32f7xx_hal.o(.data)
    uwTick                                   0x20000008   Data           4  stm32f7xx_hal.o(.data)
    SystemCoreClock                          0x2000000c   Data           4  system_stm32f7xx.o(.data)
    hadc1                                    0x20000010   Data          72  main.o(.bss)
    hi2c1                                    0x20000058   Data          76  main.o(.bss)
    hi2c3                                    0x200000a4   Data          76  main.o(.bss)
    htim2                                    0x200000f0   Data          76  main.o(.bss)
    htim3                                    0x2000013c   Data          76  main.o(.bss)
    htim4                                    0x20000188   Data          76  main.o(.bss)
    htim5                                    0x200001d4   Data          76  main.o(.bss)
    __libspace_start                         0x20000220   Data          96  libspace.o(.bss)
    __temporary_stack_top$libspace           0x20000280   Data           0  libspace.o(.bss)



==============================================================================

Memory Map of the image

  Image Entry point : 0x080001f9

  Load Region LR_IROM1 (Base: 0x08000000, Size: 0x000030cc, Max: 0x00200000, ABSOLUTE)

    Execution Region ER_IROM1 (Base: 0x08000000, Size: 0x000030bc, Max: 0x00200000, ABSOLUTE)

    Base Addr    Size         Type   Attr      Idx    E Section Name        Object

    0x08000000   0x000001f8   Data   RO            3    RESET               startup_stm32f765xx.o
    0x080001f8   0x00000008   Code   RO         3943  * !!!main             c_w.l(__main.o)
    0x08000200   0x00000034   Code   RO         4110    !!!scatter          c_w.l(__scatter.o)
    0x08000234   0x0000001a   Code   RO         4112    !!handler_copy      c_w.l(__scatter_copy.o)
    0x0800024e   0x00000002   PAD
    0x08000250   0x0000001c   Code   RO         4114    !!handler_zi        c_w.l(__scatter_zi.o)
    0x0800026c   0x00000002   Code   RO         3980    .ARM.Collect$$libinit$$00000000  c_w.l(libinit.o)
    0x0800026e   0x00000004   Code   RO         3992    .ARM.Collect$$libinit$$00000001  c_w.l(libinit2.o)
    0x08000272   0x00000000   Code   RO         3995    .ARM.Collect$$libinit$$00000004  c_w.l(libinit2.o)
    0x08000272   0x00000000   Code   RO         3998    .ARM.Collect$$libinit$$0000000A  c_w.l(libinit2.o)
    0x08000272   0x00000000   Code   RO         4000    .ARM.Collect$$libinit$$0000000C  c_w.l(libinit2.o)
    0x08000272   0x00000000   Code   RO         4002    .ARM.Collect$$libinit$$0000000E  c_w.l(libinit2.o)
    0x08000272   0x00000000   Code   RO         4005    .ARM.Collect$$libinit$$00000011  c_w.l(libinit2.o)
    0x08000272   0x00000000   Code   RO         4007    .ARM.Collect$$libinit$$00000013  c_w.l(libinit2.o)
    0x08000272   0x00000000   Code   RO         4009    .ARM.Collect$$libinit$$00000015  c_w.l(libinit2.o)
    0x08000272   0x00000000   Code   RO         4011    .ARM.Collect$$libinit$$00000017  c_w.l(libinit2.o)
    0x08000272   0x00000000   Code   RO         4013    .ARM.Collect$$libinit$$00000019  c_w.l(libinit2.o)
    0x08000272   0x00000000   Code   RO         4015    .ARM.Collect$$libinit$$0000001B  c_w.l(libinit2.o)
    0x08000272   0x00000000   Code   RO         4017    .ARM.Collect$$libinit$$0000001D  c_w.l(libinit2.o)
    0x08000272   0x00000000   Code   RO         4019    .ARM.Collect$$libinit$$0000001F  c_w.l(libinit2.o)
    0x08000272   0x00000000   Code   RO         4021    .ARM.Collect$$libinit$$00000021  c_w.l(libinit2.o)
    0x08000272   0x00000000   Code   RO         4023    .ARM.Collect$$libinit$$00000023  c_w.l(libinit2.o)
    0x08000272   0x00000000   Code   RO         4025    .ARM.Collect$$libinit$$00000025  c_w.l(libinit2.o)
    0x08000272   0x00000000   Code   RO         4029    .ARM.Collect$$libinit$$0000002C  c_w.l(libinit2.o)
    0x08000272   0x00000000   Code   RO         4031    .ARM.Collect$$libinit$$0000002E  c_w.l(libinit2.o)
    0x08000272   0x00000000   Code   RO         4033    .ARM.Collect$$libinit$$00000030  c_w.l(libinit2.o)
    0x08000272   0x00000000   Code   RO         4035    .ARM.Collect$$libinit$$00000032  c_w.l(libinit2.o)
    0x08000272   0x00000002   Code   RO         4036    .ARM.Collect$$libinit$$00000033  c_w.l(libinit2.o)
    0x08000274   0x00000002   Code   RO         4067    .ARM.Collect$$libshutdown$$00000000  c_w.l(libshutdown.o)
    0x08000276   0x00000000   Code   RO         4093    .ARM.Collect$$libshutdown$$00000002  c_w.l(libshutdown2.o)
    0x08000276   0x00000000   Code   RO         4095    .ARM.Collect$$libshutdown$$00000004  c_w.l(libshutdown2.o)
    0x08000276   0x00000000   Code   RO         4098    .ARM.Collect$$libshutdown$$00000007  c_w.l(libshutdown2.o)
    0x08000276   0x00000000   Code   RO         4101    .ARM.Collect$$libshutdown$$0000000A  c_w.l(libshutdown2.o)
    0x08000276   0x00000000   Code   RO         4103    .ARM.Collect$$libshutdown$$0000000C  c_w.l(libshutdown2.o)
    0x08000276   0x00000000   Code   RO         4106    .ARM.Collect$$libshutdown$$0000000F  c_w.l(libshutdown2.o)
    0x08000276   0x00000002   Code   RO         4107    .ARM.Collect$$libshutdown$$00000010  c_w.l(libshutdown2.o)
    0x08000278   0x00000000   Code   RO         3945    .ARM.Collect$$rtentry$$00000000  c_w.l(__rtentry.o)
    0x08000278   0x00000000   Code   RO         3951    .ARM.Collect$$rtentry$$00000002  c_w.l(__rtentry2.o)
    0x08000278   0x00000006   Code   RO         3963    .ARM.Collect$$rtentry$$00000004  c_w.l(__rtentry4.o)
    0x0800027e   0x00000000   Code   RO         3953    .ARM.Collect$$rtentry$$00000009  c_w.l(__rtentry2.o)
    0x0800027e   0x00000004   Code   RO         3954    .ARM.Collect$$rtentry$$0000000A  c_w.l(__rtentry2.o)
    0x08000282   0x00000000   Code   RO         3956    .ARM.Collect$$rtentry$$0000000C  c_w.l(__rtentry2.o)
    0x08000282   0x00000008   Code   RO         3957    .ARM.Collect$$rtentry$$0000000D  c_w.l(__rtentry2.o)
    0x0800028a   0x00000002   Code   RO         3984    .ARM.Collect$$rtexit$$00000000  c_w.l(rtexit.o)
    0x0800028c   0x00000000   Code   RO         4040    .ARM.Collect$$rtexit$$00000002  c_w.l(rtexit2.o)
    0x0800028c   0x00000004   Code   RO         4041    .ARM.Collect$$rtexit$$00000003  c_w.l(rtexit2.o)
    0x08000290   0x00000006   Code   RO         4042    .ARM.Collect$$rtexit$$00000004  c_w.l(rtexit2.o)
    0x08000296   0x00000002   PAD
    0x08000298   0x00000040   Code   RO            4    .text               startup_stm32f765xx.o
    0x080002d8   0x000000ee   Code   RO         3937    .text               c_w.l(lludivv7m.o)
    0x080003c6   0x0000004e   Code   RO         3939    .text               c_w.l(rt_memclr_w.o)
    0x08000414   0x00000006   Code   RO         3941    .text               c_w.l(heapauxi.o)
    0x0800041a   0x0000004a   Code   RO         3967    .text               c_w.l(sys_stackheap_outer.o)
    0x08000464   0x00000012   Code   RO         3969    .text               c_w.l(exit.o)
    0x08000476   0x00000002   PAD
    0x08000478   0x00000008   Code   RO         3981    .text               c_w.l(libspace.o)
    0x08000480   0x0000000c   Code   RO         4037    .text               c_w.l(sys_exit.o)
    0x0800048c   0x00000002   Code   RO         4056    .text               c_w.l(use_no_semi.o)
    0x0800048e   0x00000000   Code   RO         4058    .text               c_w.l(indicate_semi.o)
    0x0800048e   0x00000002   PAD
    0x08000490   0x00000138   Code   RO          422    i.ADC_Init          stm32f7xx_hal_adc.o
    0x080005c8   0x00000002   Code   RO          260    i.BusFault_Handler  stm32f7xx_it.o
    0x080005ca   0x00000002   Code   RO          261    i.DebugMon_Handler  stm32f7xx_it.o
    0x080005cc   0x00000004   Code   RO           13    i.Error_Handler     main.o
    0x080005d0   0x000001c0   Code   RO          424    i.HAL_ADC_ConfigChannel  stm32f7xx_hal_adc.o
    0x08000790   0x00000054   Code   RO          433    i.HAL_ADC_Init      stm32f7xx_hal_adc.o
    0x080007e4   0x00000060   Code   RO          342    i.HAL_ADC_MspInit   stm32f7xx_hal_msp.o
    0x08000844   0x00000248   Code   RO         1041    i.HAL_GPIO_Init     stm32f7xx_hal_gpio.o
    0x08000a8c   0x0000000a   Code   RO         1045    i.HAL_GPIO_WritePin  stm32f7xx_hal_gpio.o
    0x08000a96   0x00000002   PAD
    0x08000a98   0x0000000c   Code   RO         1619    i.HAL_GetTick       stm32f7xx_hal.o
    0x08000aa4   0x00000058   Code   RO         2274    i.HAL_I2CEx_ConfigAnalogFilter  stm32f7xx_hal_i2c_ex.o
    0x08000afc   0x00000054   Code   RO         2275    i.HAL_I2CEx_ConfigDigitalFilter  stm32f7xx_hal_i2c_ex.o
    0x08000b50   0x000000b8   Code   RO         1823    i.HAL_I2C_Init      stm32f7xx_hal_i2c.o
    0x08000c08   0x00000114   Code   RO          344    i.HAL_I2C_MspInit   stm32f7xx_hal_msp.o
    0x08000d1c   0x00000010   Code   RO         1625    i.HAL_IncTick       stm32f7xx_hal.o
    0x08000d2c   0x00000016   Code   RO         1626    i.HAL_Init          stm32f7xx_hal.o
    0x08000d42   0x00000002   PAD
    0x08000d44   0x00000040   Code   RO         1627    i.HAL_InitTick      stm32f7xx_hal.o
    0x08000d84   0x0000005c   Code   RO         1467    i.HAL_MPU_ConfigRegion  stm32f7xx_hal_cortex.o
    0x08000de0   0x0000001c   Code   RO         1468    i.HAL_MPU_Disable   stm32f7xx_hal_cortex.o
    0x08000dfc   0x00000024   Code   RO         1469    i.HAL_MPU_Enable    stm32f7xx_hal_cortex.o
    0x08000e20   0x00000030   Code   RO          345    i.HAL_MspInit       stm32f7xx_hal_msp.o
    0x08000e50   0x00000040   Code   RO         1478    i.HAL_NVIC_SetPriority  stm32f7xx_hal_cortex.o
    0x08000e90   0x00000024   Code   RO         1479    i.HAL_NVIC_SetPriorityGrouping  stm32f7xx_hal_cortex.o
    0x08000eb4   0x0000006c   Code   RO         1381    i.HAL_PWREx_EnableOverDrive  stm32f7xx_hal_pwr_ex.o
    0x08000f20   0x00000504   Code   RO          802    i.HAL_RCCEx_PeriphCLKConfig  stm32f7xx_hal_rcc_ex.o
    0x08001424   0x00000130   Code   RO          695    i.HAL_RCC_ClockConfig  stm32f7xx_hal_rcc.o
    0x08001554   0x00000064   Code   RO          704    i.HAL_RCC_GetSysClockFreq  stm32f7xx_hal_rcc.o
    0x080015b8   0x00000398   Code   RO          707    i.HAL_RCC_OscConfig  stm32f7xx_hal_rcc.o
    0x08001950   0x00000026   Code   RO         1483    i.HAL_SYSTICK_Config  stm32f7xx_hal_cortex.o
    0x08001976   0x00000002   PAD
    0x08001978   0x000000a4   Code   RO         3475    i.HAL_TIMEx_MasterConfigSynchronization  stm32f7xx_hal_tim_ex.o
    0x08001a1c   0x00000122   Code   RO         2775    i.HAL_TIM_IC_ConfigChannel  stm32f7xx_hal_tim.o
    0x08001b3e   0x00000062   Code   RO         2778    i.HAL_TIM_IC_Init   stm32f7xx_hal_tim.o
    0x08001ba0   0x000000a8   Code   RO          347    i.HAL_TIM_IC_MspInit  stm32f7xx_hal_msp.o
    0x08001c48   0x000000c0   Code   RO          348    i.HAL_TIM_MspPostInit  stm32f7xx_hal_msp.o
    0x08001d08   0x00000124   Code   RO         2811    i.HAL_TIM_PWM_ConfigChannel  stm32f7xx_hal_tim.o
    0x08001e2c   0x00000062   Code   RO         2814    i.HAL_TIM_PWM_Init  stm32f7xx_hal_tim.o
    0x08001e8e   0x00000002   PAD
    0x08001e90   0x0000003c   Code   RO          350    i.HAL_TIM_PWM_MspInit  stm32f7xx_hal_msp.o
    0x08001ecc   0x00000002   Code   RO          262    i.HardFault_Handler  stm32f7xx_it.o
    0x08001ece   0x00000002   PAD
    0x08001ed0   0x00000018   Code   RO           14    i.LL_AHB1_GRP1_EnableClock  main.o
    0x08001ee8   0x00000018   Code   RO           15    i.LL_APB1_GRP1_EnableClock  main.o
    0x08001f00   0x00000140   Code   RO         3805    i.LL_GPIO_Init      stm32f7xx_ll_gpio.o
    0x08002040   0x000000bc   Code   RO         2401    i.LL_RCC_GetUARTClockFreq  stm32f7xx_ll_rcc.o
    0x080020fc   0x00000010   Code   RO         2402    i.LL_RCC_GetUARTClockSource  stm32f7xx_ll_rcc.o
    0x0800210c   0x000000bc   Code   RO         2403    i.LL_RCC_GetUSARTClockFreq  stm32f7xx_ll_rcc.o
    0x080021c8   0x00000010   Code   RO         2404    i.LL_RCC_GetUSARTClockSource  stm32f7xx_ll_rcc.o
    0x080021d8   0x00000010   Code   RO         2406    i.LL_RCC_HSI_IsReady  stm32f7xx_ll_rcc.o
    0x080021e8   0x00000010   Code   RO         2407    i.LL_RCC_LSE_IsReady  stm32f7xx_ll_rcc.o
    0x080021f8   0x00000010   Code   RO         2410    i.LL_RCC_PLL_GetDivider  stm32f7xx_ll_rcc.o
    0x08002208   0x00000010   Code   RO         2411    i.LL_RCC_PLL_GetMainSource  stm32f7xx_ll_rcc.o
    0x08002218   0x00000012   Code   RO           16    i.LL_USART_ConfigAsyncMode  main.o
    0x0800222a   0x00000002   PAD
    0x0800222c   0x00000104   Code   RO         3743    i.LL_USART_Init     stm32f7xx_ll_usart.o
    0x08002330   0x00000064   Code   RO           17    i.MX_ADC1_Init      main.o
    0x08002394   0x000000d8   Code   RO           18    i.MX_GPIO_Init      main.o
    0x0800246c   0x00000054   Code   RO           19    i.MX_I2C1_Init      main.o
    0x080024c0   0x00000054   Code   RO           20    i.MX_I2C3_Init      main.o
    0x08002514   0x0000009c   Code   RO           21    i.MX_TIM2_Init      main.o
    0x080025b0   0x000000a0   Code   RO           22    i.MX_TIM3_Init      main.o
    0x08002650   0x0000009c   Code   RO           23    i.MX_TIM4_Init      main.o
    0x080026ec   0x0000009c   Code   RO           24    i.MX_TIM5_Init      main.o
    0x08002788   0x000000b4   Code   RO           25    i.MX_UART5_Init     main.o
    0x0800283c   0x000000c0   Code   RO           26    i.MX_USART1_UART_Init  main.o
    0x080028fc   0x000000b0   Code   RO           27    i.MX_USART2_UART_Init  main.o
    0x080029ac   0x000000b0   Code   RO           28    i.MX_USART3_UART_Init  main.o
    0x08002a5c   0x00000002   Code   RO          263    i.MemManage_Handler  stm32f7xx_it.o
    0x08002a5e   0x00000002   Code   RO          264    i.NMI_Handler       stm32f7xx_it.o
    0x08002a60   0x00000002   Code   RO          265    i.PendSV_Handler    stm32f7xx_it.o
    0x08002a62   0x00000002   PAD
    0x08002a64   0x0000001c   Code   RO         2413    i.RCC_GetHCLKClockFreq  stm32f7xx_ll_rcc.o
    0x08002a80   0x0000001c   Code   RO         2414    i.RCC_GetPCLK1ClockFreq  stm32f7xx_ll_rcc.o
    0x08002a9c   0x0000001c   Code   RO         2415    i.RCC_GetPCLK2ClockFreq  stm32f7xx_ll_rcc.o
    0x08002ab8   0x00000028   Code   RO         2416    i.RCC_GetSystemClockFreq  stm32f7xx_ll_rcc.o
    0x08002ae0   0x00000044   Code   RO         2423    i.RCC_PLL_GetFreqDomain_SYS  stm32f7xx_ll_rcc.o
    0x08002b24   0x00000002   Code   RO          266    i.SVC_Handler       stm32f7xx_it.o
    0x08002b26   0x00000004   Code   RO          267    i.SysTick_Handler   stm32f7xx_it.o
    0x08002b2a   0x00000002   PAD
    0x08002b2c   0x000000a4   Code   RO           29    i.SystemClock_Config  main.o
    0x08002bd0   0x00000010   Code   RO         3901    i.SystemInit        system_stm32f7xx.o
    0x08002be0   0x000000cc   Code   RO         2832    i.TIM_Base_SetConfig  stm32f7xx_hal_tim.o
    0x08002cac   0x00000074   Code   RO         2845    i.TIM_OC1_SetConfig  stm32f7xx_hal_tim.o
    0x08002d20   0x00000078   Code   RO         2846    i.TIM_OC2_SetConfig  stm32f7xx_hal_tim.o
    0x08002d98   0x00000078   Code   RO         2847    i.TIM_OC3_SetConfig  stm32f7xx_hal_tim.o
    0x08002e10   0x00000058   Code   RO         2848    i.TIM_OC4_SetConfig  stm32f7xx_hal_tim.o
    0x08002e68   0x00000058   Code   RO         2849    i.TIM_OC5_SetConfig  stm32f7xx_hal_tim.o
    0x08002ec0   0x00000058   Code   RO         2850    i.TIM_OC6_SetConfig  stm32f7xx_hal_tim.o
    0x08002f18   0x00000080   Code   RO         2853    i.TIM_TI1_SetConfig  stm32f7xx_hal_tim.o
    0x08002f98   0x00000036   Code   RO         2855    i.TIM_TI2_SetConfig  stm32f7xx_hal_tim.o
    0x08002fce   0x00000002   Code   RO          268    i.UsageFault_Handler  stm32f7xx_it.o
    0x08002fd0   0x00000022   Code   RO         1485    i.__NVIC_SetPriority  stm32f7xx_hal_cortex.o
    0x08002ff2   0x00000086   Code   RO           30    i.main              main.o
    0x08003078   0x0000000a   Code   RO         4052    x$fpl$fpinit        fz_wv.l(fpinit.o)
    0x08003082   0x00000010   Data   RO         3902    .constdata          system_stm32f7xx.o
    0x08003092   0x00000008   Data   RO         3903    .constdata          system_stm32f7xx.o
    0x0800309a   0x00000002   PAD
    0x0800309c   0x00000020   Data   RO         4108    Region$$Table       anon$$obj.o


    Execution Region RW_IRAM1 (Base: 0x20000000, Size: 0x00000880, Max: 0x00080000, ABSOLUTE)

    Base Addr    Size         Type   Attr      Idx    E Section Name        Object

    0x20000000   0x0000000c   Data   RW         1633    .data               stm32f7xx_hal.o
    0x2000000c   0x00000004   Data   RW         3904    .data               system_stm32f7xx.o
    0x20000010   0x00000210   Zero   RW           31    .bss                main.o
    0x20000220   0x00000060   Zero   RW         3982    .bss                c_w.l(libspace.o)
    0x20000280   0x00000200   Zero   RW            2    HEAP                startup_stm32f765xx.o
    0x20000480   0x00000400   Zero   RW            1    STACK               startup_stm32f765xx.o


==============================================================================

Image component sizes


      Code (inc. data)   RO Data    RW Data    ZI Data      Debug   Object Name

      2204        144          0          0        528     909248   main.o
        64         26        504          0       1536        836   startup_stm32f765xx.o
       114         20          0         12          0       8505   stm32f7xx_hal.o
       844         30          0          0          0       2843   stm32f7xx_hal_adc.o
       328         28          0          0          0      40412   stm32f7xx_hal_cortex.o
       594         54          0          0          0       2248   stm32f7xx_hal_gpio.o
       184          4          0          0          0       2931   stm32f7xx_hal_i2c.o
       172          0          0          0          0       1955   stm32f7xx_hal_i2c_ex.o
       840         92          0          0          0       4875   stm32f7xx_hal_msp.o
       108          8          0          0          0       1256   stm32f7xx_hal_pwr_ex.o
      1324         46          0          0          0       3974   stm32f7xx_hal_rcc.o
      1284         22          0          0          0       2284   stm32f7xx_hal_rcc_ex.o
      1784        152          0          0          0      11767   stm32f7xx_hal_tim.o
       164         30          0          0          0       1404   stm32f7xx_hal_tim_ex.o
        20          0          0          0          0       4118   stm32f7xx_it.o
       320          0          0          0          0       7187   stm32f7xx_ll_gpio.o
       664        106          0          0          0      51311   stm32f7xx_ll_rcc.o
       260         36          0          0          0      21628   stm32f7xx_ll_usart.o
        16          4         24          4          0       1111   system_stm32f7xx.o

    ----------------------------------------------------------------------
     11304        802        562         16       2064    1079893   Object Totals
         0          0         32          0          0          0   (incl. Generated)
        16          0          2          0          0          0   (incl. Padding)

    ----------------------------------------------------------------------

      Code (inc. data)   RO Data    RW Data    ZI Data      Debug   Library Member Name

         8          0          0          0          0         68   __main.o
         0          0          0          0          0          0   __rtentry.o
        12          0          0          0          0          0   __rtentry2.o
         6          0          0          0          0          0   __rtentry4.o
        52          8          0          0          0          0   __scatter.o
        26          0          0          0          0          0   __scatter_copy.o
        28          0          0          0          0          0   __scatter_zi.o
        18          0          0          0          0         80   exit.o
         6          0          0          0          0        152   heapauxi.o
         0          0          0          0          0          0   indicate_semi.o
         2          0          0          0          0          0   libinit.o
         6          0          0          0          0          0   libinit2.o
         2          0          0          0          0          0   libshutdown.o
         2          0          0          0          0          0   libshutdown2.o
         8          4          0          0         96         68   libspace.o
       238          0          0          0          0        100   lludivv7m.o
        78          0          0          0          0         80   rt_memclr_w.o
         2          0          0          0          0          0   rtexit.o
        10          0          0          0          0          0   rtexit2.o
        12          4          0          0          0         68   sys_exit.o
        74          0          0          0          0         80   sys_stackheap_outer.o
         2          0          0          0          0         68   use_no_semi.o
        10          0          0          0          0        116   fpinit.o

    ----------------------------------------------------------------------
       610         16          0          0         96        880   Library Totals
         8          0          0          0          0          0   (incl. Padding)

    ----------------------------------------------------------------------

      Code (inc. data)   RO Data    RW Data    ZI Data      Debug   Library Name

       592         16          0          0         96        764   c_w.l
        10          0          0          0          0        116   fz_wv.l

    ----------------------------------------------------------------------
       610         16          0          0         96        880   Library Totals

    ----------------------------------------------------------------------

==============================================================================


      Code (inc. data)   RO Data    RW Data    ZI Data      Debug   

     11914        818        562         16       2160    1072513   Grand Totals
     11914        818        562         16       2160    1072513   ELF Image Totals
     11914        818        562         16          0          0   ROM Totals

==============================================================================

    Total RO  Size (Code + RO Data)                12476 (  12.18kB)
    Total RW  Size (RW Data + ZI Data)              2176 (   2.13kB)
    Total ROM Size (Code + RO Data + RW Data)      12492 (  12.20kB)

==============================================================================

